Jul 29 17:00:06.546507 np0000031963 devstack@n-api-meta.service[73969]: DEBUG nova.api.openstack.wsgi_app [-] oslo_messaging_rabbit.conn_pool_ttl = 1200 {{(pid=73969) log_opt_values /opt/stack/data/venv/lib/python3.12/site-packages/oslo_config/cfg.py:2824}}
Jul 29 17:00:06.546541 np0000031963 devstack@n-api-meta.service[73968]: DEBUG dbcounter [-] [73968] Writer thread running {{(pid=73968) stat_writer /opt/stack/data/venv/lib/python3.12/site-packages/dbcounter.py:102}}
Jul 29 17:00:06.546587 np0000031963 devstack@n-api-meta.service[73969]: DEBUG nova.api.openstack.wsgi_app [-] oslo_messaging_rabbit.direct_mandatory_flag = True {{(pid=73969) log_opt_values /opt/stack/data/venv/lib/python3.12/site-packages/oslo_config/cfg.py:2824}}
Jul 29 17:00:06.546669 np0000031963 devstack@n-api-meta.service[73969]: DEBUG nova.api.openstack.wsgi_app [-] oslo_messaging_rabbit.enable_cancel_on_failover = False {{(pid=73969) log_opt_values /opt/stack/data/venv/lib/python3.12/site-packages/oslo_config/cfg.py:2824}}
Jul 29 17:00:06.546758 np0000031963 devstack@n-api-meta.service[73969]: DEBUG nova.api.openstack.wsgi_app [-] oslo_messaging_rabbit.heartbeat_in_pthread = False {{(pid=73969) log_opt_values /opt/stack/data/venv/lib/python3.12/site-packages/oslo_config/cfg.py:2824}}
Jul 29 17:00:06.546842 np0000031963 devstack@n-api-meta.service[73969]: DEBUG nova.api.openstack.wsgi_app [-] oslo_messaging_rabbit.heartbeat_rate = 3 {{(pid=73969) log_opt_values /opt/stack/data/venv/lib/python3.12/site-packages/oslo_config/cfg.py:2824}}
Jul 29 17:00:06.546925 np0000031963 devstack@n-api-meta.service[73969]: DEBUG nova.api.openstack.wsgi_app [-] oslo_messaging_rabbit.heartbeat_timeout_threshold = 60 {{(pid=73969) log_opt_values /opt/stack/data/venv/lib/python3.12/site-packages/oslo_config/cfg.py:2824}}
Jul 29 17:00:06.547012 np0000031963 devstack@n-api-meta.service[73969]: DEBUG nova.api.openstack.wsgi_app [-] oslo_messaging_rabbit.hostname = np0000031963 {{(pid=73969) log_opt_values /opt/stack/data/venv/lib/python3.12/site-packages/oslo_config/cfg.py:2824}}
Jul 29 17:00:06.547150 np0000031963 devstack@n-api-meta.service[73969]: DEBUG nova.api.openstack.wsgi_app [-] oslo_messaging_rabbit.kombu_compression = None {{(pid=73969) log_opt_values /opt/stack/data/venv/lib/python3.12/site-packages/oslo_config/cfg.py:2824}}
Jul 29 17:00:06.547243 np0000031963 devstack@n-api-meta.service[73969]: DEBUG nova.api.openstack.wsgi_app [-] oslo_messaging_rabbit.kombu_failover_strategy = round-robin {{(pid=73969) log_opt_values /opt/stack/data/venv/lib/python3.12/site-packages/oslo_config/cfg.py:2824}}
Jul 29 17:00:06.547328 np0000031963 devstack@n-api-meta.service[73969]: DEBUG nova.api.openstack.wsgi_app [-] oslo_messaging_rabbit.kombu_missing_consumer_retry_timeout = 60 {{(pid=73969) log_opt_values /opt/stack/data/venv/lib/python3.12/site-packages/oslo_config/cfg.py:2824}}
Jul 29 17:00:06.547412 np0000031963 devstack@n-api-meta.service[73969]: DEBUG nova.api.openstack.wsgi_app [-] oslo_messaging_rabbit.kombu_reconnect_delay = 1.0 {{(pid=73969) log_opt_values /opt/stack/data/venv/lib/python3.12/site-packages/oslo_config/cfg.py:2824}}
Jul 29 17:00:06.547492 np0000031963 devstack@n-api-meta.service[73969]: DEBUG nova.api.openstack.wsgi_app [-] oslo_messaging_rabbit.kombu_reconnect_splay = 0.0 {{(pid=73969) log_opt_values /opt/stack/data/venv/lib/python3.12/site-packages/oslo_config/cfg.py:2824}}
Jul 29 17:00:06.547575 np0000031963 devstack@n-api-meta.service[73969]: DEBUG nova.api.openstack.wsgi_app [-] oslo_messaging_rabbit.processname = uwsgi {{(pid=73969) log_opt_values /opt/stack/data/venv/lib/python3.12/site-packages/oslo_config/cfg.py:2824}}
Jul 29 17:00:06.547657 np0000031963 devstack@n-api-meta.service[73969]: DEBUG nova.api.openstack.wsgi_app [-] oslo_messaging_rabbit.rabbit_ha_queues = False {{(pid=73969) log_opt_values /opt/stack/data/venv/lib/python3.12/site-packages/oslo_config/cfg.py:2824}}
Jul 29 17:00:06.547746 np0000031963 devstack@n-api-meta.service[73969]: DEBUG nova.api.openstack.wsgi_app [-] oslo_messaging_rabbit.rabbit_interval_max = 30 {{(pid=73969) log_opt_values /opt/stack/data/venv/lib/python3.12/site-packages/oslo_config/cfg.py:2824}}
Jul 29 17:00:06.547832 np0000031963 devstack@n-api-meta.service[73969]: DEBUG nova.api.openstack.wsgi_app [-] oslo_messaging_rabbit.rabbit_login_method = AMQPLAIN {{(pid=73969) log_opt_values /opt/stack/data/venv/lib/python3.12/site-packages/oslo_config/cfg.py:2824}}
Jul 29 17:00:06.547913 np0000031963 devstack@n-api-meta.service[73969]: DEBUG nova.api.openstack.wsgi_app [-] oslo_messaging_rabbit.rabbit_qos_prefetch_count = 0 {{(pid=73969) log_opt_values /opt/stack/data/venv/lib/python3.12/site-packages/oslo_config/cfg.py:2824}}
Jul 29 17:00:06.547992 np0000031963 devstack@n-api-meta.service[73969]: DEBUG nova.api.openstack.wsgi_app [-] oslo_messaging_rabbit.rabbit_quorum_delivery_limit = 0 {{(pid=73969) log_opt_values /opt/stack/data/venv/lib/python3.12/site-packages/oslo_config/cfg.py:2824}}
Jul 29 17:00:06.548072 np0000031963 devstack@n-api-meta.service[73969]: DEBUG nova.api.openstack.wsgi_app [-] oslo_messaging_rabbit.rabbit_quorum_max_memory_bytes = 0 {{(pid=73969) log_opt_values /opt/stack/data/venv/lib/python3.12/site-packages/oslo_config/cfg.py:2824}}
Jul 29 17:00:06.548163 np0000031963 devstack@n-api-meta.service[73969]: DEBUG nova.api.openstack.wsgi_app [-] oslo_messaging_rabbit.rabbit_quorum_max_memory_length = 0 {{(pid=73969) log_opt_values /opt/stack/data/venv/lib/python3.12/site-packages/oslo_config/cfg.py:2824}}
Jul 29 17:00:06.548244 np0000031963 devstack@n-api-meta.service[73969]: DEBUG nova.api.openstack.wsgi_app [-] oslo_messaging_rabbit.rabbit_quorum_queue = False {{(pid=73969) log_opt_values /opt/stack/data/venv/lib/python3.12/site-packages/oslo_config/cfg.py:2824}}
Jul 29 17:00:06.548324 np0000031963 devstack@n-api-meta.service[73969]: DEBUG nova.api.openstack.wsgi_app [-] oslo_messaging_rabbit.rabbit_retry_backoff = 2 {{(pid=73969) log_opt_values /opt/stack/data/venv/lib/python3.12/site-packages/oslo_config/cfg.py:2824}}
Jul 29 17:00:06.548403 np0000031963 devstack@n-api-meta.service[73969]: DEBUG nova.api.openstack.wsgi_app [-] oslo_messaging_rabbit.rabbit_retry_interval = 1 {{(pid=73969) log_opt_values /opt/stack/data/venv/lib/python3.12/site-packages/oslo_config/cfg.py:2824}}
Jul 29 17:00:06.548483 np0000031963 devstack@n-api-meta.service[73969]: DEBUG nova.api.openstack.wsgi_app [-] oslo_messaging_rabbit.rabbit_stream_fanout = False {{(pid=73969) log_opt_values /opt/stack/data/venv/lib/python3.12/site-packages/oslo_config/cfg.py:2824}}
Jul 29 17:00:06.548562 np0000031963 devstack@n-api-meta.service[73969]: DEBUG nova.api.openstack.wsgi_app [-] oslo_messaging_rabbit.rabbit_transient_queues_ttl = 1800 {{(pid=73969) log_opt_values /opt/stack/data/venv/lib/python3.12/site-packages/oslo_config/cfg.py:2824}}
Jul 29 17:00:06.548642 np0000031963 devstack@n-api-meta.service[73969]: DEBUG nova.api.openstack.wsgi_app [-] oslo_messaging_rabbit.rabbit_transient_quorum_queue = False {{(pid=73969) log_opt_values /opt/stack/data/venv/lib/python3.12/site-packages/oslo_config/cfg.py:2824}}
Jul 29 17:00:06.548725 np0000031963 devstack@n-api-meta.service[73969]: DEBUG nova.api.openstack.wsgi_app [-] oslo_messaging_rabbit.rpc_conn_pool_size = 30 {{(pid=73969) log_opt_values /opt/stack/data/venv/lib/python3.12/site-packages/oslo_config/cfg.py:2824}}
Jul 29 17:00:06.548806 np0000031963 devstack@n-api-meta.service[73969]: DEBUG nova.api.openstack.wsgi_app [-] oslo_messaging_rabbit.ssl      = False {{(pid=73969) log_opt_values /opt/stack/data/venv/lib/python3.12/site-packages/oslo_config/cfg.py:2824}}
Jul 29 17:00:06.548890 np0000031963 devstack@n-api-meta.service[73969]: DEBUG nova.api.openstack.wsgi_app [-] oslo_messaging_rabbit.ssl_ca_file =  {{(pid=73969) log_opt_values /opt/stack/data/venv/lib/python3.12/site-packages/oslo_config/cfg.py:2824}}
Jul 29 17:00:06.548970 np0000031963 devstack@n-api-meta.service[73969]: DEBUG nova.api.openstack.wsgi_app [-] oslo_messaging_rabbit.ssl_cert_file =  {{(pid=73969) log_opt_values /opt/stack/data/venv/lib/python3.12/site-packages/oslo_config/cfg.py:2824}}
Jul 29 17:00:06.549050 np0000031963 devstack@n-api-meta.service[73969]: DEBUG nova.api.openstack.wsgi_app [-] oslo_messaging_rabbit.ssl_enforce_fips_mode = False {{(pid=73969) log_opt_values /opt/stack/data/venv/lib/python3.12/site-packages/oslo_config/cfg.py:2824}}
Jul 29 17:00:06.549131 np0000031963 devstack@n-api-meta.service[73969]: DEBUG nova.api.openstack.wsgi_app [-] oslo_messaging_rabbit.ssl_key_file =  {{(pid=73969) log_opt_values /opt/stack/data/venv/lib/python3.12/site-packages/oslo_config/cfg.py:2824}}
Jul 29 17:00:06.549234 np0000031963 devstack@n-api-meta.service[73969]: DEBUG nova.api.openstack.wsgi_app [-] oslo_messaging_rabbit.ssl_version =  {{(pid=73969) log_opt_values /opt/stack/data/venv/lib/python3.12/site-packages/oslo_config/cfg.py:2824}}
Jul 29 17:00:06.549315 np0000031963 devstack@n-api-meta.service[73969]: DEBUG nova.api.openstack.wsgi_app [-] oslo_messaging_rabbit.use_queue_manager = False {{(pid=73969) log_opt_values /opt/stack/data/venv/lib/python3.12/site-packages/oslo_config/cfg.py:2824}}
Jul 29 17:00:06.549412 np0000031963 devstack@n-api-meta.service[73969]: DEBUG nova.api.openstack.wsgi_app [-] oslo_messaging_notifications.driver = ['messagingv2'] {{(pid=73969) log_opt_values /opt/stack/data/venv/lib/python3.12/site-packages/oslo_config/cfg.py:2824}}
Jul 29 17:00:06.549494 np0000031963 devstack@n-api-meta.service[73969]: DEBUG nova.api.openstack.wsgi_app [-] oslo_messaging_notifications.retry = -1 {{(pid=73969) log_opt_values /opt/stack/data/venv/lib/python3.12/site-packages/oslo_config/cfg.py:2824}}
Jul 29 17:00:06.549603 np0000031963 devstack@n-api-meta.service[73969]: DEBUG nova.api.openstack.wsgi_app [-] oslo_messaging_notifications.topics = ['notifications'] {{(pid=73969) log_opt_values /opt/stack/data/venv/lib/python3.12/site-packages/oslo_config/cfg.py:2824}}
Jul 29 17:00:06.549693 np0000031963 devstack@n-api-meta.service[73969]: DEBUG nova.api.openstack.wsgi_app [-] oslo_messaging_notifications.transport_url = **** {{(pid=73969) log_opt_values /opt/stack/data/venv/lib/python3.12/site-packages/oslo_config/cfg.py:2824}}
Jul 29 17:00:06.549786 np0000031963 devstack@n-api-meta.service[73969]: DEBUG nova.api.openstack.wsgi_app [-] oslo_reports.file_event_handler = None {{(pid=73969) log_opt_values /opt/stack/data/venv/lib/python3.12/site-packages/oslo_config/cfg.py:2824}}
Jul 29 17:00:06.549866 np0000031963 devstack@n-api-meta.service[73969]: DEBUG nova.api.openstack.wsgi_app [-] oslo_reports.file_event_handler_interval = 1 {{(pid=73969) log_opt_values /opt/stack/data/venv/lib/python3.12/site-packages/oslo_config/cfg.py:2824}}
Jul 29 17:00:06.549945 np0000031963 devstack@n-api-meta.service[73969]: DEBUG nova.api.openstack.wsgi_app [-] oslo_reports.log_dir           = None {{(pid=73969) log_opt_values /opt/stack/data/venv/lib/python3.12/site-packages/oslo_config/cfg.py:2824}}
Jul 29 17:00:06.550008 np0000031963 devstack@n-api-meta.service[73969]: DEBUG nova.api.openstack.wsgi_app [-] ******************************************************************************** {{(pid=73969) log_opt_values /opt/stack/data/venv/lib/python3.12/site-packages/oslo_config/cfg.py:2828}}
Jul 29 17:00:06.550307 np0000031963 devstack@n-api-meta.service[73968]: DEBUG dbcounter [-] [73968] Writer thread running {{(pid=73968) stat_writer /opt/stack/data/venv/lib/python3.12/site-packages/dbcounter.py:102}}
Jul 29 17:00:06.552203 np0000031963 devstack@n-api-meta.service[73968]: INFO dbcounter [None req-aab69e4a-96d2-4304-b7cd-e2a8894e4a7c None None] Registered counter for database nova_cell0
Jul 29 17:00:06.556303 np0000031963 devstack@n-api-meta.service[73968]: DEBUG oslo_db.sqlalchemy.engines [None req-aab69e4a-96d2-4304-b7cd-e2a8894e4a7c None None] MySQL server mode set to STRICT_TRANS_TABLES,STRICT_ALL_TABLES,NO_ZERO_IN_DATE,NO_ZERO_DATE,ERROR_FOR_DIVISION_BY_ZERO,TRADITIONAL,NO_ENGINE_SUBSTITUTION {{(pid=73968) _check_effective_sql_mode /opt/stack/data/venv/lib/python3.12/site-packages/oslo_db/sqlalchemy/engines.py:397}}
Jul 29 17:00:06.559743 np0000031963 devstack@n-api-meta.service[73968]: DEBUG dbcounter [-] [73968] Writer thread running {{(pid=73968) stat_writer /opt/stack/data/venv/lib/python3.12/site-packages/dbcounter.py:102}}
Jul 29 17:00:06.579258 np0000031963 devstack@n-api-meta.service[73969]: INFO dbcounter [None req-7c22a35d-7c26-434b-9153-92bc0bb5a910 None None] Registered counter for database nova_api
Jul 29 17:00:06.589131 np0000031963 devstack@n-api-meta.service[73968]: WARNING nova.api.metadata.handler [None req-aab69e4a-96d2-4304-b7cd-e2a8894e4a7c None None] metadata_proxy_shared_secret is not configured, the metadata information returned by the proxy cannot be trusted
Jul 29 17:00:06.589443 np0000031963 devstack@n-api-meta.service[73969]: DEBUG oslo_db.sqlalchemy.engines [None req-7c22a35d-7c26-434b-9153-92bc0bb5a910 None None] MySQL server mode set to STRICT_TRANS_TABLES,STRICT_ALL_TABLES,NO_ZERO_IN_DATE,NO_ZERO_DATE,ERROR_FOR_DIVISION_BY_ZERO,TRADITIONAL,NO_ENGINE_SUBSTITUTION {{(pid=73969) _check_effective_sql_mode /opt/stack/data/venv/lib/python3.12/site-packages/oslo_db/sqlalchemy/engines.py:397}}
Jul 29 17:00:06.590723 np0000031963 devstack@n-api-meta.service[73968]: WSGI app 0 (mountpoint='') ready in 2 seconds on interpreter 0x7380a8aa39e8 pid: 73968 (default app)
Jul 29 17:00:06.613103 np0000031963 devstack@n-api-meta.service[73969]: DEBUG dbcounter [-] [73969] Writer thread running {{(pid=73969) stat_writer /opt/stack/data/venv/lib/python3.12/site-packages/dbcounter.py:102}}
Jul 29 17:00:06.614684 np0000031963 devstack@n-api-meta.service[73969]: DEBUG nova.context [None req-7c22a35d-7c26-434b-9153-92bc0bb5a910 None None] Found 2 cells: 00000000-0000-0000-0000-000000000000(cell0),f48773f5-7a5e-4993-be7b-10880c5fd7d0(cell1) {{(pid=73969) load_cells /opt/stack/nova/nova/context.py:472}}
Jul 29 17:00:06.614885 np0000031963 devstack@n-api-meta.service[73969]: INFO nova.utils [None req-7c22a35d-7c26-434b-9153-92bc0bb5a910 None None] The cell worker thread pool MainProcess.cell_worker is initialized
Jul 29 17:00:06.616261 np0000031963 devstack@n-api-meta.service[73969]: DEBUG oslo_concurrency.lockutils [None req-7c22a35d-7c26-434b-9153-92bc0bb5a910 None None] Acquiring lock "00000000-0000-0000-0000-000000000000" by "nova.context.set_target_cell.<locals>.get_or_set_cached_cell_and_set_connections" {{(pid=73969) inner /opt/stack/data/venv/lib/python3.12/site-packages/oslo_concurrency/lockutils.py:405}}
Jul 29 17:00:06.616423 np0000031963 devstack@n-api-meta.service[73969]: DEBUG oslo_concurrency.lockutils [None req-7c22a35d-7c26-434b-9153-92bc0bb5a910 None None] Lock "00000000-0000-0000-0000-000000000000" acquired by "nova.context.set_target_cell.<locals>.get_or_set_cached_cell_and_set_connections" :: waited 0.000s {{(pid=73969) inner /opt/stack/data/venv/lib/python3.12/site-packages/oslo_concurrency/lockutils.py:410}}
Jul 29 17:00:06.616747 np0000031963 devstack@n-api-meta.service[73969]: DEBUG oslo_concurrency.lockutils [None req-7c22a35d-7c26-434b-9153-92bc0bb5a910 None None] Lock "00000000-0000-0000-0000-000000000000" "released" by "nova.context.set_target_cell.<locals>.get_or_set_cached_cell_and_set_connections" :: held 0.000s {{(pid=73969) inner /opt/stack/data/venv/lib/python3.12/site-packages/oslo_concurrency/lockutils.py:424}}
Jul 29 17:00:06.617043 np0000031963 devstack@n-api-meta.service[73969]: DEBUG oslo_concurrency.lockutils [None req-7c22a35d-7c26-434b-9153-92bc0bb5a910 None None] Acquiring lock "f48773f5-7a5e-4993-be7b-10880c5fd7d0" by "nova.context.set_target_cell.<locals>.get_or_set_cached_cell_and_set_connections" {{(pid=73969) inner /opt/stack/data/venv/lib/python3.12/site-packages/oslo_concurrency/lockutils.py:405}}
Jul 29 17:00:06.617179 np0000031963 devstack@n-api-meta.service[73969]: DEBUG oslo_concurrency.lockutils [None req-7c22a35d-7c26-434b-9153-92bc0bb5a910 None None] Lock "f48773f5-7a5e-4993-be7b-10880c5fd7d0" acquired by "nova.context.set_target_cell.<locals>.get_or_set_cached_cell_and_set_connections" :: waited 0.000s {{(pid=73969) inner /opt/stack/data/venv/lib/python3.12/site-packages/oslo_concurrency/lockutils.py:410}}
Jul 29 17:00:06.617870 np0000031963 devstack@n-api-meta.service[73969]: DEBUG oslo_concurrency.lockutils [None req-7c22a35d-7c26-434b-9153-92bc0bb5a910 None None] Lock "f48773f5-7a5e-4993-be7b-10880c5fd7d0" "released" by "nova.context.set_target_cell.<locals>.get_or_set_cached_cell_and_set_connections" :: held 0.001s {{(pid=73969) inner /opt/stack/data/venv/lib/python3.12/site-packages/oslo_concurrency/lockutils.py:424}}
Jul 29 17:00:06.618957 np0000031963 devstack@n-api-meta.service[73969]: INFO dbcounter [None req-7c22a35d-7c26-434b-9153-92bc0bb5a910 None None] Registered counter for database nova_cell0
Jul 29 17:00:06.620790 np0000031963 devstack@n-api-meta.service[73969]: INFO dbcounter [None req-7c22a35d-7c26-434b-9153-92bc0bb5a910 None None] Registered counter for database nova_cell1
Jul 29 17:00:06.624999 np0000031963 devstack@n-api-meta.service[73969]: DEBUG oslo_db.sqlalchemy.engines [None req-7c22a35d-7c26-434b-9153-92bc0bb5a910 None None] MySQL server mode set to STRICT_TRANS_TABLES,STRICT_ALL_TABLES,NO_ZERO_IN_DATE,NO_ZERO_DATE,ERROR_FOR_DIVISION_BY_ZERO,TRADITIONAL,NO_ENGINE_SUBSTITUTION {{(pid=73969) _check_effective_sql_mode /opt/stack/data/venv/lib/python3.12/site-packages/oslo_db/sqlalchemy/engines.py:397}}
Jul 29 17:00:06.628066 np0000031963 devstack@n-api-meta.service[73969]: DEBUG oslo_db.sqlalchemy.engines [None req-7c22a35d-7c26-434b-9153-92bc0bb5a910 None None] MySQL server mode set to STRICT_TRANS_TABLES,STRICT_ALL_TABLES,NO_ZERO_IN_DATE,NO_ZERO_DATE,ERROR_FOR_DIVISION_BY_ZERO,TRADITIONAL,NO_ENGINE_SUBSTITUTION {{(pid=73969) _check_effective_sql_mode /opt/stack/data/venv/lib/python3.12/site-packages/oslo_db/sqlalchemy/engines.py:397}}
Jul 29 17:00:06.701458 np0000031963 devstack@n-api-meta.service[73969]: DEBUG dbcounter [-] [73969] Writer thread running {{(pid=73969) stat_writer /opt/stack/data/venv/lib/python3.12/site-packages/dbcounter.py:102}}
Jul 29 17:00:06.706336 np0000031963 devstack@n-api-meta.service[73969]: DEBUG dbcounter [-] [73969] Writer thread running {{(pid=73969) stat_writer /opt/stack/data/venv/lib/python3.12/site-packages/dbcounter.py:102}}
Jul 29 17:00:06.708610 np0000031963 devstack@n-api-meta.service[73969]: INFO dbcounter [None req-7c22a35d-7c26-434b-9153-92bc0bb5a910 None None] Registered counter for database nova_cell0
Jul 29 17:00:06.711718 np0000031963 devstack@n-api-meta.service[73969]: DEBUG oslo_db.sqlalchemy.engines [None req-7c22a35d-7c26-434b-9153-92bc0bb5a910 None None] MySQL server mode set to STRICT_TRANS_TABLES,STRICT_ALL_TABLES,NO_ZERO_IN_DATE,NO_ZERO_DATE,ERROR_FOR_DIVISION_BY_ZERO,TRADITIONAL,NO_ENGINE_SUBSTITUTION {{(pid=73969) _check_effective_sql_mode /opt/stack/data/venv/lib/python3.12/site-packages/oslo_db/sqlalchemy/engines.py:397}}
Jul 29 17:00:06.719147 np0000031963 devstack@n-api-meta.service[73969]: DEBUG dbcounter [-] [73969] Writer thread running {{(pid=73969) stat_writer /opt/stack/data/venv/lib/python3.12/site-packages/dbcounter.py:102}}
Jul 29 17:00:06.742030 np0000031963 devstack@n-api-meta.service[73969]: WARNING nova.api.metadata.handler [None req-7c22a35d-7c26-434b-9153-92bc0bb5a910 None None] metadata_proxy_shared_secret is not configured, the metadata information returned by the proxy cannot be trusted
Jul 29 17:00:06.747148 np0000031963 devstack@n-api-meta.service[73969]: WSGI app 0 (mountpoint='') ready in 2 seconds on interpreter 0x7380a8aa39e8 pid: 73969 (default app)
Jul 29 17:02:49.393420 np0000031963 devstack@n-api-meta.service[73968]: DEBUG nova.api.metadata.handler [None req-aab69e4a-96d2-4304-b7cd-e2a8894e4a7c None None] Metadata request headers: {'Host': '192.168.1.143:8775', 'User-Agent': 'python-requests/2.32.4', 'Accept-Encoding': 'gzip, deflate', 'Accept': '*/*', 'Connection': 'keep-alive', 'X-Forwarded-For': '10.1.0.10', 'X-Instance-Id': '4a3b9096-61cf-45b4-84f3-9fa80d94c145', 'X-Tenant-Id': '4e9cc30b643946c08d670f5ec3cc829e', 'X-Instance-Id-Signature': 'fa433bf724d4e26f89c9302c677d0b50c54381197bb964f362920961ece55289'} {{(pid=73968) __call__ /opt/stack/nova/nova/api/metadata/handler.py:109}}
Jul 29 17:02:49.410060 np0000031963 devstack@n-api-meta.service[73968]: DEBUG dbcounter [-] [73968] Writing DB stats nova_api:SELECT=1 {{(pid=73968) stat_writer /opt/stack/data/venv/lib/python3.12/site-packages/dbcounter.py:115}}
Jul 29 17:02:49.412801 np0000031963 devstack@n-api-meta.service[73968]: DEBUG dbcounter [-] [73968] Writing DB stats nova_cell0:SELECT=1 {{(pid=73968) stat_writer /opt/stack/data/venv/lib/python3.12/site-packages/dbcounter.py:115}}
Jul 29 17:02:49.413504 np0000031963 devstack@n-api-meta.service[73968]: DEBUG dbcounter [-] [73968] Writing DB stats nova_cell1:SELECT=1 {{(pid=73968) stat_writer /opt/stack/data/venv/lib/python3.12/site-packages/dbcounter.py:115}}
Jul 29 17:02:49.415340 np0000031963 devstack@n-api-meta.service[73968]: DEBUG dbcounter [-] [73968] Writing DB stats nova_cell0:SELECT=2,nova_cell0:INSERT=1 {{(pid=73968) stat_writer /opt/stack/data/venv/lib/python3.12/site-packages/dbcounter.py:115}}
Jul 29 17:02:49.442507 np0000031963 devstack@n-api-meta.service[73968]: DEBUG oslo_concurrency.lockutils [None req-5daf76c9-a0c4-4fad-bb13-418ee18b8858 None None] Acquiring lock "f48773f5-7a5e-4993-be7b-10880c5fd7d0" by "nova.context.set_target_cell.<locals>.get_or_set_cached_cell_and_set_connections" {{(pid=73968) inner /opt/stack/data/venv/lib/python3.12/site-packages/oslo_concurrency/lockutils.py:405}}
Jul 29 17:02:49.443292 np0000031963 devstack@n-api-meta.service[73968]: DEBUG oslo_concurrency.lockutils [None req-5daf76c9-a0c4-4fad-bb13-418ee18b8858 None None] Lock "f48773f5-7a5e-4993-be7b-10880c5fd7d0" acquired by "nova.context.set_target_cell.<locals>.get_or_set_cached_cell_and_set_connections" :: waited 0.001s {{(pid=73968) inner /opt/stack/data/venv/lib/python3.12/site-packages/oslo_concurrency/lockutils.py:410}}
Jul 29 17:02:49.443292 np0000031963 devstack@n-api-meta.service[73968]: DEBUG oslo_concurrency.lockutils [None req-5daf76c9-a0c4-4fad-bb13-418ee18b8858 None None] Lock "f48773f5-7a5e-4993-be7b-10880c5fd7d0" "released" by "nova.context.set_target_cell.<locals>.get_or_set_cached_cell_and_set_connections" :: held 0.000s {{(pid=73968) inner /opt/stack/data/venv/lib/python3.12/site-packages/oslo_concurrency/lockutils.py:424}}
Jul 29 17:02:49.697192 np0000031963 devstack@n-api-meta.service[73968]: WARNING neutronclient.v2_0.client [None req-5daf76c9-a0c4-4fad-bb13-418ee18b8858 None None] The python binding code in neutronclient is deprecated in favor of OpenstackSDK, please use that as this will be removed in a future release.
Jul 29 17:02:49.838107 np0000031963 devstack@n-api-meta.service[73968]: [pid: 73968|app: 0|req: 1/1] 192.168.1.143 () {40 vars in 682 bytes} [Tue Jul 29 17:02:49 2025] GET /2009-04-04/meta-data/instance-id => generated 10 bytes in 470 msecs (HTTP/1.1 200) 3 headers in 99 bytes (1 switches on core 0)
Jul 29 17:02:49.986646 np0000031963 devstack@n-api-meta.service[73969]: DEBUG nova.api.metadata.handler [None req-7c22a35d-7c26-434b-9153-92bc0bb5a910 None None] Metadata request headers: {'Host': '192.168.1.143:8775', 'User-Agent': 'python-requests/2.32.4', 'Accept-Encoding': 'gzip, deflate', 'Accept': '*/*', 'Connection': 'keep-alive', 'X-Forwarded-For': '10.1.0.10', 'X-Instance-Id': '4a3b9096-61cf-45b4-84f3-9fa80d94c145', 'X-Tenant-Id': '4e9cc30b643946c08d670f5ec3cc829e', 'X-Instance-Id-Signature': 'fa433bf724d4e26f89c9302c677d0b50c54381197bb964f362920961ece55289'} {{(pid=73969) __call__ /opt/stack/nova/nova/api/metadata/handler.py:109}}
Jul 29 17:02:49.991771 np0000031963 devstack@n-api-meta.service[73969]: DEBUG nova.api.metadata.handler [None req-7c22a35d-7c26-434b-9153-92bc0bb5a910 None None] Using cached metadata for instance 4a3b9096-61cf-45b4-84f3-9fa80d94c145 {{(pid=73969) get_metadata_by_instance_id /opt/stack/nova/nova/api/metadata/handler.py:84}}
Jul 29 17:02:49.992608 np0000031963 devstack@n-api-meta.service[73969]: [pid: 73969|app: 0|req: 1/2] 192.168.1.143 () {40 vars in 682 bytes} [Tue Jul 29 17:02:49 2025] GET /2009-04-04/meta-data/public-keys => generated 27 bytes in 8 msecs (HTTP/1.1 200) 3 headers in 99 bytes (1 switches on core 0)
Jul 29 17:02:50.086642 np0000031963 devstack@n-api-meta.service[73968]: DEBUG nova.api.metadata.handler [None req-5daf76c9-a0c4-4fad-bb13-418ee18b8858 None None] Metadata request headers: {'Host': '192.168.1.143:8775', 'User-Agent': 'python-requests/2.32.4', 'Accept-Encoding': 'gzip, deflate', 'Accept': '*/*', 'Connection': 'keep-alive', 'X-Forwarded-For': '10.1.0.10', 'X-Instance-Id': '4a3b9096-61cf-45b4-84f3-9fa80d94c145', 'X-Tenant-Id': '4e9cc30b643946c08d670f5ec3cc829e', 'X-Instance-Id-Signature': 'fa433bf724d4e26f89c9302c677d0b50c54381197bb964f362920961ece55289'} {{(pid=73968) __call__ /opt/stack/nova/nova/api/metadata/handler.py:109}}
Jul 29 17:02:50.088321 np0000031963 devstack@n-api-meta.service[73968]: DEBUG nova.api.metadata.handler [None req-5daf76c9-a0c4-4fad-bb13-418ee18b8858 None None] Using cached metadata for instance 4a3b9096-61cf-45b4-84f3-9fa80d94c145 {{(pid=73968) get_metadata_by_instance_id /opt/stack/nova/nova/api/metadata/handler.py:84}}
Jul 29 17:02:50.088644 np0000031963 devstack@n-api-meta.service[73968]: [pid: 73968|app: 0|req: 2/3] 192.168.1.143 () {40 vars in 710 bytes} [Tue Jul 29 17:02:50 2025] GET /2009-04-04/meta-data/public-keys/0/openssh-key => generated 204 bytes in 2 msecs (HTTP/1.1 200) 3 headers in 100 bytes (1 switches on core 0)
Jul 29 17:02:50.203417 np0000031963 devstack@n-api-meta.service[73969]: DEBUG nova.api.metadata.handler [None req-7c22a35d-7c26-434b-9153-92bc0bb5a910 None None] Metadata request headers: {'Host': '192.168.1.143:8775', 'User-Agent': 'python-requests/2.32.4', 'Accept-Encoding': 'gzip, deflate', 'Accept': '*/*', 'Connection': 'keep-alive', 'X-Forwarded-For': '10.1.0.10', 'X-Instance-Id': '4a3b9096-61cf-45b4-84f3-9fa80d94c145', 'X-Tenant-Id': '4e9cc30b643946c08d670f5ec3cc829e', 'X-Instance-Id-Signature': 'fa433bf724d4e26f89c9302c677d0b50c54381197bb964f362920961ece55289'} {{(pid=73969) __call__ /opt/stack/nova/nova/api/metadata/handler.py:109}}
Jul 29 17:02:50.204138 np0000031963 devstack@n-api-meta.service[73969]: DEBUG dbcounter [-] [73969] Writing DB stats nova_api:SELECT=1 {{(pid=73969) stat_writer /opt/stack/data/venv/lib/python3.12/site-packages/dbcounter.py:115}}
Jul 29 17:02:50.204823 np0000031963 devstack@n-api-meta.service[73969]: DEBUG dbcounter [-] [73969] Writing DB stats nova_cell0:SELECT=1 {{(pid=73969) stat_writer /opt/stack/data/venv/lib/python3.12/site-packages/dbcounter.py:115}}
Jul 29 17:02:50.205182 np0000031963 devstack@n-api-meta.service[73969]: DEBUG dbcounter [-] [73969] Writing DB stats nova_cell1:SELECT=1 {{(pid=73969) stat_writer /opt/stack/data/venv/lib/python3.12/site-packages/dbcounter.py:115}}
Jul 29 17:02:50.205513 np0000031963 devstack@n-api-meta.service[73969]: DEBUG dbcounter [-] [73969] Writing DB stats nova_cell0:SELECT=1 {{(pid=73969) stat_writer /opt/stack/data/venv/lib/python3.12/site-packages/dbcounter.py:115}}
Jul 29 17:02:50.206519 np0000031963 devstack@n-api-meta.service[73969]: DEBUG nova.api.metadata.handler [None req-7c22a35d-7c26-434b-9153-92bc0bb5a910 None None] Using cached metadata for instance 4a3b9096-61cf-45b4-84f3-9fa80d94c145 {{(pid=73969) get_metadata_by_instance_id /opt/stack/nova/nova/api/metadata/handler.py:84}}
Jul 29 17:02:50.206847 np0000031963 devstack@n-api-meta.service[73969]: [pid: 73969|app: 0|req: 2/4] 192.168.1.143 () {40 vars in 682 bytes} [Tue Jul 29 17:02:50 2025] GET /2009-04-04/meta-data/instance-id => generated 10 bytes in 4 msecs (HTTP/1.1 200) 3 headers in 99 bytes (1 switches on core 0)
Jul 29 17:02:50.321080 np0000031963 devstack@n-api-meta.service[73968]: DEBUG nova.api.metadata.handler [None req-5daf76c9-a0c4-4fad-bb13-418ee18b8858 None None] Metadata request headers: {'Host': '192.168.1.143:8775', 'User-Agent': 'python-requests/2.32.4', 'Accept-Encoding': 'gzip, deflate', 'Accept': '*/*', 'Connection': 'keep-alive', 'X-Forwarded-For': '10.1.0.10', 'X-Instance-Id': '4a3b9096-61cf-45b4-84f3-9fa80d94c145', 'X-Tenant-Id': '4e9cc30b643946c08d670f5ec3cc829e', 'X-Instance-Id-Signature': 'fa433bf724d4e26f89c9302c677d0b50c54381197bb964f362920961ece55289'} {{(pid=73968) __call__ /opt/stack/nova/nova/api/metadata/handler.py:109}}
Jul 29 17:02:50.322141 np0000031963 devstack@n-api-meta.service[73968]: DEBUG nova.api.metadata.handler [None req-5daf76c9-a0c4-4fad-bb13-418ee18b8858 None None] Using cached metadata for instance 4a3b9096-61cf-45b4-84f3-9fa80d94c145 {{(pid=73968) get_metadata_by_instance_id /opt/stack/nova/nova/api/metadata/handler.py:84}}
Jul 29 17:02:50.322446 np0000031963 devstack@n-api-meta.service[73968]: [pid: 73968|app: 0|req: 3/5] 192.168.1.143 () {40 vars in 692 bytes} [Tue Jul 29 17:02:50 2025] GET /2009-04-04/meta-data/ami-launch-index => generated 1 bytes in 1 msecs (HTTP/1.1 200) 3 headers in 98 bytes (1 switches on core 0)
Jul 29 17:02:50.435605 np0000031963 devstack@n-api-meta.service[73969]: DEBUG nova.api.metadata.handler [None req-7c22a35d-7c26-434b-9153-92bc0bb5a910 None None] Metadata request headers: {'Host': '192.168.1.143:8775', 'User-Agent': 'python-requests/2.32.4', 'Accept-Encoding': 'gzip, deflate', 'Accept': '*/*', 'Connection': 'keep-alive', 'X-Forwarded-For': '10.1.0.10', 'X-Instance-Id': '4a3b9096-61cf-45b4-84f3-9fa80d94c145', 'X-Tenant-Id': '4e9cc30b643946c08d670f5ec3cc829e', 'X-Instance-Id-Signature': 'fa433bf724d4e26f89c9302c677d0b50c54381197bb964f362920961ece55289'} {{(pid=73969) __call__ /opt/stack/nova/nova/api/metadata/handler.py:109}}
Jul 29 17:02:50.437439 np0000031963 devstack@n-api-meta.service[73969]: DEBUG nova.api.metadata.handler [None req-7c22a35d-7c26-434b-9153-92bc0bb5a910 None None] Using cached metadata for instance 4a3b9096-61cf-45b4-84f3-9fa80d94c145 {{(pid=73969) get_metadata_by_instance_id /opt/stack/nova/nova/api/metadata/handler.py:84}}
Jul 29 17:02:50.437738 np0000031963 devstack@n-api-meta.service[73969]: [pid: 73969|app: 0|req: 3/6] 192.168.1.143 () {40 vars in 686 bytes} [Tue Jul 29 17:02:50 2025] GET /2009-04-04/meta-data/instance-type => generated 7 bytes in 2 msecs (HTTP/1.1 200) 3 headers in 98 bytes (1 switches on core 0)
Jul 29 17:02:50.553355 np0000031963 devstack@n-api-meta.service[73968]: DEBUG nova.api.metadata.handler [None req-5daf76c9-a0c4-4fad-bb13-418ee18b8858 None None] Metadata request headers: {'Host': '192.168.1.143:8775', 'User-Agent': 'python-requests/2.32.4', 'Accept-Encoding': 'gzip, deflate', 'Accept': '*/*', 'Connection': 'keep-alive', 'X-Forwarded-For': '10.1.0.10', 'X-Instance-Id': '4a3b9096-61cf-45b4-84f3-9fa80d94c145', 'X-Tenant-Id': '4e9cc30b643946c08d670f5ec3cc829e', 'X-Instance-Id-Signature': 'fa433bf724d4e26f89c9302c677d0b50c54381197bb964f362920961ece55289'} {{(pid=73968) __call__ /opt/stack/nova/nova/api/metadata/handler.py:109}}
Jul 29 17:02:50.554411 np0000031963 devstack@n-api-meta.service[73968]: DEBUG nova.api.metadata.handler [None req-5daf76c9-a0c4-4fad-bb13-418ee18b8858 None None] Using cached metadata for instance 4a3b9096-61cf-45b4-84f3-9fa80d94c145 {{(pid=73968) get_metadata_by_instance_id /opt/stack/nova/nova/api/metadata/handler.py:84}}
Jul 29 17:02:50.554711 np0000031963 devstack@n-api-meta.service[73968]: [pid: 73968|app: 0|req: 4/7] 192.168.1.143 () {40 vars in 680 bytes} [Tue Jul 29 17:02:50 2025] GET /2009-04-04/meta-data/local-ipv4 => generated 9 bytes in 1 msecs (HTTP/1.1 200) 3 headers in 98 bytes (1 switches on core 0)
Jul 29 17:02:50.775785 np0000031963 devstack@n-api-meta.service[73969]: DEBUG nova.api.metadata.handler [None req-7c22a35d-7c26-434b-9153-92bc0bb5a910 None None] Metadata request headers: {'Host': '192.168.1.143:8775', 'User-Agent': 'python-requests/2.32.4', 'Accept-Encoding': 'gzip, deflate', 'Accept': '*/*', 'Connection': 'keep-alive', 'X-Forwarded-For': '10.1.0.10', 'X-Instance-Id': '4a3b9096-61cf-45b4-84f3-9fa80d94c145', 'X-Tenant-Id': '4e9cc30b643946c08d670f5ec3cc829e', 'X-Instance-Id-Signature': 'fa433bf724d4e26f89c9302c677d0b50c54381197bb964f362920961ece55289'} {{(pid=73969) __call__ /opt/stack/nova/nova/api/metadata/handler.py:109}}
Jul 29 17:02:50.777545 np0000031963 devstack@n-api-meta.service[73969]: DEBUG nova.api.metadata.handler [None req-7c22a35d-7c26-434b-9153-92bc0bb5a910 None None] Using cached metadata for instance 4a3b9096-61cf-45b4-84f3-9fa80d94c145 {{(pid=73969) get_metadata_by_instance_id /opt/stack/nova/nova/api/metadata/handler.py:84}}
Jul 29 17:02:50.777545 np0000031963 devstack@n-api-meta.service[73969]: [pid: 73969|app: 0|req: 4/8] 192.168.1.143 () {40 vars in 682 bytes} [Tue Jul 29 17:02:50 2025] GET /2009-04-04/meta-data/public-ipv4 => generated 11 bytes in 2 msecs (HTTP/1.1 200) 3 headers in 99 bytes (1 switches on core 0)
Jul 29 17:02:51.016004 np0000031963 devstack@n-api-meta.service[73968]: DEBUG nova.api.metadata.handler [None req-5daf76c9-a0c4-4fad-bb13-418ee18b8858 None None] Metadata request headers: {'Host': '192.168.1.143:8775', 'User-Agent': 'python-requests/2.32.4', 'Accept-Encoding': 'gzip, deflate', 'Accept': '*/*', 'Connection': 'keep-alive', 'X-Forwarded-For': '10.1.0.10', 'X-Instance-Id': '4a3b9096-61cf-45b4-84f3-9fa80d94c145', 'X-Tenant-Id': '4e9cc30b643946c08d670f5ec3cc829e', 'X-Instance-Id-Signature': 'fa433bf724d4e26f89c9302c677d0b50c54381197bb964f362920961ece55289'} {{(pid=73968) __call__ /opt/stack/nova/nova/api/metadata/handler.py:109}}
Jul 29 17:02:51.017658 np0000031963 devstack@n-api-meta.service[73968]: DEBUG nova.api.metadata.handler [None req-5daf76c9-a0c4-4fad-bb13-418ee18b8858 None None] Using cached metadata for instance 4a3b9096-61cf-45b4-84f3-9fa80d94c145 {{(pid=73968) get_metadata_by_instance_id /opt/stack/nova/nova/api/metadata/handler.py:84}}
Jul 29 17:02:51.018090 np0000031963 devstack@n-api-meta.service[73968]: [pid: 73968|app: 0|req: 5/9] 192.168.1.143 () {40 vars in 676 bytes} [Tue Jul 29 17:02:51 2025] GET /2009-04-04/meta-data/hostname => generated 49 bytes in 2 msecs (HTTP/1.1 200) 3 headers in 99 bytes (1 switches on core 0)
Jul 29 17:02:51.142287 np0000031963 devstack@n-api-meta.service[73969]: DEBUG nova.api.metadata.handler [None req-7c22a35d-7c26-434b-9153-92bc0bb5a910 None None] Metadata request headers: {'Host': '192.168.1.143:8775', 'User-Agent': 'python-requests/2.32.4', 'Accept-Encoding': 'gzip, deflate', 'Accept': '*/*', 'Connection': 'keep-alive', 'X-Forwarded-For': '10.1.0.10', 'X-Instance-Id': '4a3b9096-61cf-45b4-84f3-9fa80d94c145', 'X-Tenant-Id': '4e9cc30b643946c08d670f5ec3cc829e', 'X-Instance-Id-Signature': 'fa433bf724d4e26f89c9302c677d0b50c54381197bb964f362920961ece55289'} {{(pid=73969) __call__ /opt/stack/nova/nova/api/metadata/handler.py:109}}
Jul 29 17:02:51.143563 np0000031963 devstack@n-api-meta.service[73969]: DEBUG nova.api.metadata.handler [None req-7c22a35d-7c26-434b-9153-92bc0bb5a910 None None] Using cached metadata for instance 4a3b9096-61cf-45b4-84f3-9fa80d94c145 {{(pid=73969) get_metadata_by_instance_id /opt/stack/nova/nova/api/metadata/handler.py:84}}
Jul 29 17:02:51.143874 np0000031963 devstack@n-api-meta.service[73969]: [pid: 73969|app: 0|req: 5/10] 192.168.1.143 () {40 vars in 688 bytes} [Tue Jul 29 17:02:51 2025] GET /2009-04-04/meta-data/local-hostname => generated 49 bytes in 2 msecs (HTTP/1.1 200) 3 headers in 99 bytes (1 switches on core 0)
Jul 29 17:02:51.255872 np0000031963 devstack@n-api-meta.service[73968]: DEBUG nova.api.metadata.handler [None req-5daf76c9-a0c4-4fad-bb13-418ee18b8858 None None] Metadata request headers: {'Host': '192.168.1.143:8775', 'User-Agent': 'python-requests/2.32.4', 'Accept-Encoding': 'gzip, deflate', 'Accept': '*/*', 'Connection': 'keep-alive', 'X-Forwarded-For': '10.1.0.10', 'X-Instance-Id': '4a3b9096-61cf-45b4-84f3-9fa80d94c145', 'X-Tenant-Id': '4e9cc30b643946c08d670f5ec3cc829e', 'X-Instance-Id-Signature': 'fa433bf724d4e26f89c9302c677d0b50c54381197bb964f362920961ece55289'} {{(pid=73968) __call__ /opt/stack/nova/nova/api/metadata/handler.py:109}}
Jul 29 17:02:51.256950 np0000031963 devstack@n-api-meta.service[73968]: DEBUG nova.api.metadata.handler [None req-5daf76c9-a0c4-4fad-bb13-418ee18b8858 None None] Using cached metadata for instance 4a3b9096-61cf-45b4-84f3-9fa80d94c145 {{(pid=73968) get_metadata_by_instance_id /opt/stack/nova/nova/api/metadata/handler.py:84}}
Jul 29 17:02:51.257661 np0000031963 devstack@n-api-meta.service[73968]: [pid: 73968|app: 0|req: 6/11] 192.168.1.143 () {40 vars in 658 bytes} [Tue Jul 29 17:02:51 2025] GET /2009-04-04/user-data => generated 95 bytes in 1 msecs (HTTP/1.1 200) 3 headers in 99 bytes (1 switches on core 0)
Jul 29 17:02:51.370795 np0000031963 devstack@n-api-meta.service[73969]: DEBUG nova.api.metadata.handler [None req-7c22a35d-7c26-434b-9153-92bc0bb5a910 None None] Metadata request headers: {'Host': '192.168.1.143:8775', 'User-Agent': 'python-requests/2.32.4', 'Accept-Encoding': 'gzip, deflate', 'Accept': '*/*', 'Connection': 'keep-alive', 'X-Forwarded-For': '10.1.0.10', 'X-Instance-Id': '4a3b9096-61cf-45b4-84f3-9fa80d94c145', 'X-Tenant-Id': '4e9cc30b643946c08d670f5ec3cc829e', 'X-Instance-Id-Signature': 'fa433bf724d4e26f89c9302c677d0b50c54381197bb964f362920961ece55289'} {{(pid=73969) __call__ /opt/stack/nova/nova/api/metadata/handler.py:109}}
Jul 29 17:02:51.372475 np0000031963 devstack@n-api-meta.service[73969]: DEBUG nova.api.metadata.handler [None req-7c22a35d-7c26-434b-9153-92bc0bb5a910 None None] Using cached metadata for instance 4a3b9096-61cf-45b4-84f3-9fa80d94c145 {{(pid=73969) get_metadata_by_instance_id /opt/stack/nova/nova/api/metadata/handler.py:84}}
Jul 29 17:02:51.372782 np0000031963 devstack@n-api-meta.service[73969]: [pid: 73969|app: 0|req: 6/12] 192.168.1.143 () {40 vars in 698 bytes} [Tue Jul 29 17:02:51 2025] GET /2009-04-04/meta-data/block-device-mapping => generated 8 bytes in 2 msecs (HTTP/1.1 200) 3 headers in 98 bytes (1 switches on core 0)
Jul 29 17:02:51.461416 np0000031963 devstack@n-api-meta.service[73968]: DEBUG nova.api.metadata.handler [None req-5daf76c9-a0c4-4fad-bb13-418ee18b8858 None None] Metadata request headers: {'Host': '192.168.1.143:8775', 'User-Agent': 'python-requests/2.32.4', 'Accept-Encoding': 'gzip, deflate', 'Accept': '*/*', 'Connection': 'keep-alive', 'X-Forwarded-For': '10.1.0.10', 'X-Instance-Id': '4a3b9096-61cf-45b4-84f3-9fa80d94c145', 'X-Tenant-Id': '4e9cc30b643946c08d670f5ec3cc829e', 'X-Instance-Id-Signature': 'fa433bf724d4e26f89c9302c677d0b50c54381197bb964f362920961ece55289'} {{(pid=73968) __call__ /opt/stack/nova/nova/api/metadata/handler.py:109}}
Jul 29 17:02:51.462503 np0000031963 devstack@n-api-meta.service[73968]: DEBUG nova.api.metadata.handler [None req-5daf76c9-a0c4-4fad-bb13-418ee18b8858 None None] Using cached metadata for instance 4a3b9096-61cf-45b4-84f3-9fa80d94c145 {{(pid=73968) get_metadata_by_instance_id /opt/stack/nova/nova/api/metadata/handler.py:84}}
Jul 29 17:02:51.462802 np0000031963 devstack@n-api-meta.service[73968]: [pid: 73968|app: 0|req: 7/13] 192.168.1.143 () {40 vars in 706 bytes} [Tue Jul 29 17:02:51 2025] GET /2009-04-04/meta-data/block-device-mapping/ami => generated 3 bytes in 1 msecs (HTTP/1.1 200) 3 headers in 98 bytes (1 switches on core 0)
Jul 29 17:02:51.559824 np0000031963 devstack@n-api-meta.service[73969]: DEBUG nova.api.metadata.handler [None req-7c22a35d-7c26-434b-9153-92bc0bb5a910 None None] Metadata request headers: {'Host': '192.168.1.143:8775', 'User-Agent': 'python-requests/2.32.4', 'Accept-Encoding': 'gzip, deflate', 'Accept': '*/*', 'Connection': 'keep-alive', 'X-Forwarded-For': '10.1.0.10', 'X-Instance-Id': '4a3b9096-61cf-45b4-84f3-9fa80d94c145', 'X-Tenant-Id': '4e9cc30b643946c08d670f5ec3cc829e', 'X-Instance-Id-Signature': 'fa433bf724d4e26f89c9302c677d0b50c54381197bb964f362920961ece55289'} {{(pid=73969) __call__ /opt/stack/nova/nova/api/metadata/handler.py:109}}
Jul 29 17:02:51.561321 np0000031963 devstack@n-api-meta.service[73969]: DEBUG nova.api.metadata.handler [None req-7c22a35d-7c26-434b-9153-92bc0bb5a910 None None] Using cached metadata for instance 4a3b9096-61cf-45b4-84f3-9fa80d94c145 {{(pid=73969) get_metadata_by_instance_id /opt/stack/nova/nova/api/metadata/handler.py:84}}
Jul 29 17:02:51.561615 np0000031963 devstack@n-api-meta.service[73969]: [pid: 73969|app: 0|req: 7/14] 192.168.1.143 () {40 vars in 709 bytes} [Tue Jul 29 17:02:51 2025] GET /2009-04-04/meta-data/block-device-mapping/root => generated 8 bytes in 2 msecs (HTTP/1.1 200) 3 headers in 98 bytes (1 switches on core 0)
Jul 29 17:02:51.674864 np0000031963 devstack@n-api-meta.service[73968]: DEBUG nova.api.metadata.handler [None req-5daf76c9-a0c4-4fad-bb13-418ee18b8858 None None] Metadata request headers: {'Host': '192.168.1.143:8775', 'User-Agent': 'python-requests/2.32.4', 'Accept-Encoding': 'gzip, deflate', 'Accept': '*/*', 'Connection': 'keep-alive', 'X-Forwarded-For': '10.1.0.10', 'X-Instance-Id': '4a3b9096-61cf-45b4-84f3-9fa80d94c145', 'X-Tenant-Id': '4e9cc30b643946c08d670f5ec3cc829e', 'X-Instance-Id-Signature': 'fa433bf724d4e26f89c9302c677d0b50c54381197bb964f362920961ece55289'} {{(pid=73968) __call__ /opt/stack/nova/nova/api/metadata/handler.py:109}}
Jul 29 17:02:51.675923 np0000031963 devstack@n-api-meta.service[73968]: DEBUG nova.api.metadata.handler [None req-5daf76c9-a0c4-4fad-bb13-418ee18b8858 None None] Using cached metadata for instance 4a3b9096-61cf-45b4-84f3-9fa80d94c145 {{(pid=73968) get_metadata_by_instance_id /opt/stack/nova/nova/api/metadata/handler.py:84}}
Jul 29 17:02:51.676252 np0000031963 devstack@n-api-meta.service[73968]: [pid: 73968|app: 0|req: 8/15] 192.168.1.143 () {40 vars in 689 bytes} [Tue Jul 29 17:02:51 2025] GET /2009-04-04/meta-data/public-hostname => generated 49 bytes in 1 msecs (HTTP/1.1 200) 3 headers in 99 bytes (1 switches on core 0)
Jul 29 17:02:51.787873 np0000031963 devstack@n-api-meta.service[73969]: DEBUG nova.api.metadata.handler [None req-7c22a35d-7c26-434b-9153-92bc0bb5a910 None None] Metadata request headers: {'Host': '192.168.1.143:8775', 'User-Agent': 'python-requests/2.32.4', 'Accept-Encoding': 'gzip, deflate', 'Accept': '*/*', 'Connection': 'keep-alive', 'X-Forwarded-For': '10.1.0.10', 'X-Instance-Id': '4a3b9096-61cf-45b4-84f3-9fa80d94c145', 'X-Tenant-Id': '4e9cc30b643946c08d670f5ec3cc829e', 'X-Instance-Id-Signature': 'fa433bf724d4e26f89c9302c677d0b50c54381197bb964f362920961ece55289'} {{(pid=73969) __call__ /opt/stack/nova/nova/api/metadata/handler.py:109}}
Jul 29 17:02:51.789676 np0000031963 devstack@n-api-meta.service[73969]: DEBUG nova.api.metadata.handler [None req-7c22a35d-7c26-434b-9153-92bc0bb5a910 None None] Using cached metadata for instance 4a3b9096-61cf-45b4-84f3-9fa80d94c145 {{(pid=73969) get_metadata_by_instance_id /opt/stack/nova/nova/api/metadata/handler.py:84}}
Jul 29 17:02:51.789966 np0000031963 devstack@n-api-meta.service[73969]: [pid: 73969|app: 0|req: 8/16] 192.168.1.143 () {40 vars in 713 bytes} [Tue Jul 29 17:02:51 2025] GET /2009-04-04/meta-data/placement/availability-zone => generated 4 bytes in 2 msecs (HTTP/1.1 200) 3 headers in 98 bytes (1 switches on core 0)
Jul 29 17:02:55.199472 np0000031963 devstack@n-api-meta.service[73968]: DEBUG nova.api.metadata.handler [None req-5daf76c9-a0c4-4fad-bb13-418ee18b8858 None None] Metadata request headers: {'Host': '192.168.1.143:8775', 'User-Agent': 'python-requests/2.32.4', 'Accept-Encoding': 'gzip, deflate', 'Accept': '*/*', 'Connection': 'keep-alive', 'X-Forwarded-For': '10.1.0.14', 'X-Instance-Id': '2bfc7739-84ba-4301-bc32-449fd6fa24ef', 'X-Tenant-Id': 'c4865f989a414ae48ffbcc7a864008f7', 'X-Instance-Id-Signature': 'b3cb07ff20a0cf9a00fe56c5243f3c94b75673e7f920946765cb251d60fd75a9'} {{(pid=73968) __call__ /opt/stack/nova/nova/api/metadata/handler.py:109}}
Jul 29 17:02:55.204214 np0000031963 devstack@n-api-meta.service[73968]: DEBUG oslo_concurrency.lockutils [None req-1885277c-3dba-4234-af6d-40aa306f4d4a None None] Acquiring lock "f48773f5-7a5e-4993-be7b-10880c5fd7d0" by "nova.context.set_target_cell.<locals>.get_or_set_cached_cell_and_set_connections" {{(pid=73968) inner /opt/stack/data/venv/lib/python3.12/site-packages/oslo_concurrency/lockutils.py:405}}
Jul 29 17:02:55.204372 np0000031963 devstack@n-api-meta.service[73968]: DEBUG oslo_concurrency.lockutils [None req-1885277c-3dba-4234-af6d-40aa306f4d4a None None] Lock "f48773f5-7a5e-4993-be7b-10880c5fd7d0" acquired by "nova.context.set_target_cell.<locals>.get_or_set_cached_cell_and_set_connections" :: waited 0.000s {{(pid=73968) inner /opt/stack/data/venv/lib/python3.12/site-packages/oslo_concurrency/lockutils.py:410}}
Jul 29 17:02:55.204489 np0000031963 devstack@n-api-meta.service[73968]: DEBUG oslo_concurrency.lockutils [None req-1885277c-3dba-4234-af6d-40aa306f4d4a None None] Lock "f48773f5-7a5e-4993-be7b-10880c5fd7d0" "released" by "nova.context.set_target_cell.<locals>.get_or_set_cached_cell_and_set_connections" :: held 0.000s {{(pid=73968) inner /opt/stack/data/venv/lib/python3.12/site-packages/oslo_concurrency/lockutils.py:424}}
Jul 29 17:02:55.218348 np0000031963 devstack@n-api-meta.service[73968]: WARNING neutronclient.v2_0.client [None req-1885277c-3dba-4234-af6d-40aa306f4d4a None None] The python binding code in neutronclient is deprecated in favor of OpenstackSDK, please use that as this will be removed in a future release.
Jul 29 17:02:55.272896 np0000031963 devstack@n-api-meta.service[73968]: [pid: 73968|app: 0|req: 9/17] 192.168.1.143 () {40 vars in 682 bytes} [Tue Jul 29 17:02:55 2025] GET /2009-04-04/meta-data/instance-id => generated 10 bytes in 74 msecs (HTTP/1.1 200) 3 headers in 99 bytes (1 switches on core 0)
Jul 29 17:02:55.421180 np0000031963 devstack@n-api-meta.service[73969]: DEBUG nova.api.metadata.handler [None req-7c22a35d-7c26-434b-9153-92bc0bb5a910 None None] Metadata request headers: {'Host': '192.168.1.143:8775', 'User-Agent': 'python-requests/2.32.4', 'Accept-Encoding': 'gzip, deflate', 'Accept': '*/*', 'Connection': 'keep-alive', 'X-Forwarded-For': '10.1.0.14', 'X-Instance-Id': '2bfc7739-84ba-4301-bc32-449fd6fa24ef', 'X-Tenant-Id': 'c4865f989a414ae48ffbcc7a864008f7', 'X-Instance-Id-Signature': 'b3cb07ff20a0cf9a00fe56c5243f3c94b75673e7f920946765cb251d60fd75a9'} {{(pid=73969) __call__ /opt/stack/nova/nova/api/metadata/handler.py:109}}
Jul 29 17:02:55.423002 np0000031963 devstack@n-api-meta.service[73969]: DEBUG nova.api.metadata.handler [None req-7c22a35d-7c26-434b-9153-92bc0bb5a910 None None] Using cached metadata for instance 2bfc7739-84ba-4301-bc32-449fd6fa24ef {{(pid=73969) get_metadata_by_instance_id /opt/stack/nova/nova/api/metadata/handler.py:84}}
Jul 29 17:02:55.423331 np0000031963 devstack@n-api-meta.service[73969]: [pid: 73969|app: 0|req: 9/18] 192.168.1.143 () {40 vars in 682 bytes} [Tue Jul 29 17:02:55 2025] GET /2009-04-04/meta-data/public-keys => generated 28 bytes in 2 msecs (HTTP/1.1 200) 3 headers in 99 bytes (1 switches on core 0)
Jul 29 17:02:55.516977 np0000031963 devstack@n-api-meta.service[73968]: DEBUG nova.api.metadata.handler [None req-1885277c-3dba-4234-af6d-40aa306f4d4a None None] Metadata request headers: {'Host': '192.168.1.143:8775', 'User-Agent': 'python-requests/2.32.4', 'Accept-Encoding': 'gzip, deflate', 'Accept': '*/*', 'Connection': 'keep-alive', 'X-Forwarded-For': '10.1.0.14', 'X-Instance-Id': '2bfc7739-84ba-4301-bc32-449fd6fa24ef', 'X-Tenant-Id': 'c4865f989a414ae48ffbcc7a864008f7', 'X-Instance-Id-Signature': 'b3cb07ff20a0cf9a00fe56c5243f3c94b75673e7f920946765cb251d60fd75a9'} {{(pid=73968) __call__ /opt/stack/nova/nova/api/metadata/handler.py:109}}
Jul 29 17:02:55.518051 np0000031963 devstack@n-api-meta.service[73968]: DEBUG nova.api.metadata.handler [None req-1885277c-3dba-4234-af6d-40aa306f4d4a None None] Using cached metadata for instance 2bfc7739-84ba-4301-bc32-449fd6fa24ef {{(pid=73968) get_metadata_by_instance_id /opt/stack/nova/nova/api/metadata/handler.py:84}}
Jul 29 17:02:55.518374 np0000031963 devstack@n-api-meta.service[73968]: [pid: 73968|app: 0|req: 10/19] 192.168.1.143 () {40 vars in 710 bytes} [Tue Jul 29 17:02:55 2025] GET /2009-04-04/meta-data/public-keys/0/openssh-key => generated 204 bytes in 1 msecs (HTTP/1.1 200) 3 headers in 100 bytes (1 switches on core 0)
Jul 29 17:02:55.636835 np0000031963 devstack@n-api-meta.service[73969]: DEBUG nova.api.metadata.handler [None req-7c22a35d-7c26-434b-9153-92bc0bb5a910 None None] Metadata request headers: {'Host': '192.168.1.143:8775', 'User-Agent': 'python-requests/2.32.4', 'Accept-Encoding': 'gzip, deflate', 'Accept': '*/*', 'Connection': 'keep-alive', 'X-Forwarded-For': '10.1.0.14', 'X-Instance-Id': '2bfc7739-84ba-4301-bc32-449fd6fa24ef', 'X-Tenant-Id': 'c4865f989a414ae48ffbcc7a864008f7', 'X-Instance-Id-Signature': 'b3cb07ff20a0cf9a00fe56c5243f3c94b75673e7f920946765cb251d60fd75a9'} {{(pid=73969) __call__ /opt/stack/nova/nova/api/metadata/handler.py:109}}
Jul 29 17:02:55.638525 np0000031963 devstack@n-api-meta.service[73969]: DEBUG nova.api.metadata.handler [None req-7c22a35d-7c26-434b-9153-92bc0bb5a910 None None] Using cached metadata for instance 2bfc7739-84ba-4301-bc32-449fd6fa24ef {{(pid=73969) get_metadata_by_instance_id /opt/stack/nova/nova/api/metadata/handler.py:84}}
Jul 29 17:02:55.638839 np0000031963 devstack@n-api-meta.service[73969]: [pid: 73969|app: 0|req: 10/20] 192.168.1.143 () {40 vars in 682 bytes} [Tue Jul 29 17:02:55 2025] GET /2009-04-04/meta-data/instance-id => generated 10 bytes in 2 msecs (HTTP/1.1 200) 3 headers in 99 bytes (1 switches on core 0)
