Jul 29 17:05:41.087332 np0000031964 devstack@n-api-meta.service[74316]: DEBUG nova.api.openstack.wsgi_app [-] oslo_messaging_rabbit.enable_cancel_on_failover = False {{(pid=74316) log_opt_values /opt/stack/data/venv/lib/python3.12/site-packages/oslo_config/cfg.py:2824}}
Jul 29 17:05:41.087412 np0000031964 devstack@n-api-meta.service[74316]: DEBUG nova.api.openstack.wsgi_app [-] oslo_messaging_rabbit.heartbeat_in_pthread = False {{(pid=74316) log_opt_values /opt/stack/data/venv/lib/python3.12/site-packages/oslo_config/cfg.py:2824}}
Jul 29 17:05:41.087494 np0000031964 devstack@n-api-meta.service[74316]: DEBUG nova.api.openstack.wsgi_app [-] oslo_messaging_rabbit.heartbeat_rate = 3 {{(pid=74316) log_opt_values /opt/stack/data/venv/lib/python3.12/site-packages/oslo_config/cfg.py:2824}}
Jul 29 17:05:41.087574 np0000031964 devstack@n-api-meta.service[74316]: DEBUG nova.api.openstack.wsgi_app [-] oslo_messaging_rabbit.heartbeat_timeout_threshold = 60 {{(pid=74316) log_opt_values /opt/stack/data/venv/lib/python3.12/site-packages/oslo_config/cfg.py:2824}}
Jul 29 17:05:41.087666 np0000031964 devstack@n-api-meta.service[74316]: DEBUG nova.api.openstack.wsgi_app [-] oslo_messaging_rabbit.hostname = np0000031964 {{(pid=74316) log_opt_values /opt/stack/data/venv/lib/python3.12/site-packages/oslo_config/cfg.py:2824}}
Jul 29 17:05:41.087768 np0000031964 devstack@n-api-meta.service[74316]: DEBUG nova.api.openstack.wsgi_app [-] oslo_messaging_rabbit.kombu_compression = None {{(pid=74316) log_opt_values /opt/stack/data/venv/lib/python3.12/site-packages/oslo_config/cfg.py:2824}}
Jul 29 17:05:41.087855 np0000031964 devstack@n-api-meta.service[74316]: DEBUG nova.api.openstack.wsgi_app [-] oslo_messaging_rabbit.kombu_failover_strategy = round-robin {{(pid=74316) log_opt_values /opt/stack/data/venv/lib/python3.12/site-packages/oslo_config/cfg.py:2824}}
Jul 29 17:05:41.087940 np0000031964 devstack@n-api-meta.service[74316]: DEBUG nova.api.openstack.wsgi_app [-] oslo_messaging_rabbit.kombu_missing_consumer_retry_timeout = 60 {{(pid=74316) log_opt_values /opt/stack/data/venv/lib/python3.12/site-packages/oslo_config/cfg.py:2824}}
Jul 29 17:05:41.088024 np0000031964 devstack@n-api-meta.service[74316]: DEBUG nova.api.openstack.wsgi_app [-] oslo_messaging_rabbit.kombu_reconnect_delay = 1.0 {{(pid=74316) log_opt_values /opt/stack/data/venv/lib/python3.12/site-packages/oslo_config/cfg.py:2824}}
Jul 29 17:05:41.088104 np0000031964 devstack@n-api-meta.service[74316]: DEBUG nova.api.openstack.wsgi_app [-] oslo_messaging_rabbit.kombu_reconnect_splay = 0.0 {{(pid=74316) log_opt_values /opt/stack/data/venv/lib/python3.12/site-packages/oslo_config/cfg.py:2824}}
Jul 29 17:05:41.088189 np0000031964 devstack@n-api-meta.service[74316]: DEBUG nova.api.openstack.wsgi_app [-] oslo_messaging_rabbit.processname = uwsgi {{(pid=74316) log_opt_values /opt/stack/data/venv/lib/python3.12/site-packages/oslo_config/cfg.py:2824}}
Jul 29 17:05:41.088271 np0000031964 devstack@n-api-meta.service[74316]: DEBUG nova.api.openstack.wsgi_app [-] oslo_messaging_rabbit.rabbit_ha_queues = False {{(pid=74316) log_opt_values /opt/stack/data/venv/lib/python3.12/site-packages/oslo_config/cfg.py:2824}}
Jul 29 17:05:41.088376 np0000031964 devstack@n-api-meta.service[74316]: DEBUG nova.api.openstack.wsgi_app [-] oslo_messaging_rabbit.rabbit_interval_max = 30 {{(pid=74316) log_opt_values /opt/stack/data/venv/lib/python3.12/site-packages/oslo_config/cfg.py:2824}}
Jul 29 17:05:41.088462 np0000031964 devstack@n-api-meta.service[74316]: DEBUG nova.api.openstack.wsgi_app [-] oslo_messaging_rabbit.rabbit_login_method = AMQPLAIN {{(pid=74316) log_opt_values /opt/stack/data/venv/lib/python3.12/site-packages/oslo_config/cfg.py:2824}}
Jul 29 17:05:41.088542 np0000031964 devstack@n-api-meta.service[74316]: DEBUG nova.api.openstack.wsgi_app [-] oslo_messaging_rabbit.rabbit_qos_prefetch_count = 0 {{(pid=74316) log_opt_values /opt/stack/data/venv/lib/python3.12/site-packages/oslo_config/cfg.py:2824}}
Jul 29 17:05:41.088623 np0000031964 devstack@n-api-meta.service[74316]: DEBUG nova.api.openstack.wsgi_app [-] oslo_messaging_rabbit.rabbit_quorum_delivery_limit = 0 {{(pid=74316) log_opt_values /opt/stack/data/venv/lib/python3.12/site-packages/oslo_config/cfg.py:2824}}
Jul 29 17:05:41.088711 np0000031964 devstack@n-api-meta.service[74316]: DEBUG nova.api.openstack.wsgi_app [-] oslo_messaging_rabbit.rabbit_quorum_max_memory_bytes = 0 {{(pid=74316) log_opt_values /opt/stack/data/venv/lib/python3.12/site-packages/oslo_config/cfg.py:2824}}
Jul 29 17:05:41.088790 np0000031964 devstack@n-api-meta.service[74316]: DEBUG nova.api.openstack.wsgi_app [-] oslo_messaging_rabbit.rabbit_quorum_max_memory_length = 0 {{(pid=74316) log_opt_values /opt/stack/data/venv/lib/python3.12/site-packages/oslo_config/cfg.py:2824}}
Jul 29 17:05:41.088869 np0000031964 devstack@n-api-meta.service[74316]: DEBUG nova.api.openstack.wsgi_app [-] oslo_messaging_rabbit.rabbit_quorum_queue = False {{(pid=74316) log_opt_values /opt/stack/data/venv/lib/python3.12/site-packages/oslo_config/cfg.py:2824}}
Jul 29 17:05:41.088948 np0000031964 devstack@n-api-meta.service[74316]: DEBUG nova.api.openstack.wsgi_app [-] oslo_messaging_rabbit.rabbit_retry_backoff = 2 {{(pid=74316) log_opt_values /opt/stack/data/venv/lib/python3.12/site-packages/oslo_config/cfg.py:2824}}
Jul 29 17:05:41.089025 np0000031964 devstack@n-api-meta.service[74316]: DEBUG nova.api.openstack.wsgi_app [-] oslo_messaging_rabbit.rabbit_retry_interval = 1 {{(pid=74316) log_opt_values /opt/stack/data/venv/lib/python3.12/site-packages/oslo_config/cfg.py:2824}}
Jul 29 17:05:41.089106 np0000031964 devstack@n-api-meta.service[74316]: DEBUG nova.api.openstack.wsgi_app [-] oslo_messaging_rabbit.rabbit_stream_fanout = False {{(pid=74316) log_opt_values /opt/stack/data/venv/lib/python3.12/site-packages/oslo_config/cfg.py:2824}}
Jul 29 17:05:41.089185 np0000031964 devstack@n-api-meta.service[74316]: DEBUG nova.api.openstack.wsgi_app [-] oslo_messaging_rabbit.rabbit_transient_queues_ttl = 1800 {{(pid=74316) log_opt_values /opt/stack/data/venv/lib/python3.12/site-packages/oslo_config/cfg.py:2824}}
Jul 29 17:05:41.089264 np0000031964 devstack@n-api-meta.service[74316]: DEBUG nova.api.openstack.wsgi_app [-] oslo_messaging_rabbit.rabbit_transient_quorum_queue = False {{(pid=74316) log_opt_values /opt/stack/data/venv/lib/python3.12/site-packages/oslo_config/cfg.py:2824}}
Jul 29 17:05:41.089352 np0000031964 devstack@n-api-meta.service[74316]: DEBUG nova.api.openstack.wsgi_app [-] oslo_messaging_rabbit.rpc_conn_pool_size = 30 {{(pid=74316) log_opt_values /opt/stack/data/venv/lib/python3.12/site-packages/oslo_config/cfg.py:2824}}
Jul 29 17:05:41.089433 np0000031964 devstack@n-api-meta.service[74316]: DEBUG nova.api.openstack.wsgi_app [-] oslo_messaging_rabbit.ssl      = False {{(pid=74316) log_opt_values /opt/stack/data/venv/lib/python3.12/site-packages/oslo_config/cfg.py:2824}}
Jul 29 17:05:41.089516 np0000031964 devstack@n-api-meta.service[74316]: DEBUG nova.api.openstack.wsgi_app [-] oslo_messaging_rabbit.ssl_ca_file =  {{(pid=74316) log_opt_values /opt/stack/data/venv/lib/python3.12/site-packages/oslo_config/cfg.py:2824}}
Jul 29 17:05:41.089600 np0000031964 devstack@n-api-meta.service[74316]: DEBUG nova.api.openstack.wsgi_app [-] oslo_messaging_rabbit.ssl_cert_file =  {{(pid=74316) log_opt_values /opt/stack/data/venv/lib/python3.12/site-packages/oslo_config/cfg.py:2824}}
Jul 29 17:05:41.089686 np0000031964 devstack@n-api-meta.service[74316]: DEBUG nova.api.openstack.wsgi_app [-] oslo_messaging_rabbit.ssl_enforce_fips_mode = False {{(pid=74316) log_opt_values /opt/stack/data/venv/lib/python3.12/site-packages/oslo_config/cfg.py:2824}}
Jul 29 17:05:41.089769 np0000031964 devstack@n-api-meta.service[74316]: DEBUG nova.api.openstack.wsgi_app [-] oslo_messaging_rabbit.ssl_key_file =  {{(pid=74316) log_opt_values /opt/stack/data/venv/lib/python3.12/site-packages/oslo_config/cfg.py:2824}}
Jul 29 17:05:41.089851 np0000031964 devstack@n-api-meta.service[74316]: DEBUG nova.api.openstack.wsgi_app [-] oslo_messaging_rabbit.ssl_version =  {{(pid=74316) log_opt_values /opt/stack/data/venv/lib/python3.12/site-packages/oslo_config/cfg.py:2824}}
Jul 29 17:05:41.089931 np0000031964 devstack@n-api-meta.service[74316]: DEBUG nova.api.openstack.wsgi_app [-] oslo_messaging_rabbit.use_queue_manager = False {{(pid=74316) log_opt_values /opt/stack/data/venv/lib/python3.12/site-packages/oslo_config/cfg.py:2824}}
Jul 29 17:05:41.090024 np0000031964 devstack@n-api-meta.service[74316]: DEBUG nova.api.openstack.wsgi_app [-] oslo_messaging_notifications.driver = ['messagingv2'] {{(pid=74316) log_opt_values /opt/stack/data/venv/lib/python3.12/site-packages/oslo_config/cfg.py:2824}}
Jul 29 17:05:41.090105 np0000031964 devstack@n-api-meta.service[74316]: DEBUG nova.api.openstack.wsgi_app [-] oslo_messaging_notifications.retry = -1 {{(pid=74316) log_opt_values /opt/stack/data/venv/lib/python3.12/site-packages/oslo_config/cfg.py:2824}}
Jul 29 17:05:41.090192 np0000031964 devstack@n-api-meta.service[74316]: DEBUG nova.api.openstack.wsgi_app [-] oslo_messaging_notifications.topics = ['notifications'] {{(pid=74316) log_opt_values /opt/stack/data/venv/lib/python3.12/site-packages/oslo_config/cfg.py:2824}}
Jul 29 17:05:41.090278 np0000031964 devstack@n-api-meta.service[74316]: DEBUG nova.api.openstack.wsgi_app [-] oslo_messaging_notifications.transport_url = **** {{(pid=74316) log_opt_values /opt/stack/data/venv/lib/python3.12/site-packages/oslo_config/cfg.py:2824}}
Jul 29 17:05:41.090369 np0000031964 devstack@n-api-meta.service[74316]: DEBUG nova.api.openstack.wsgi_app [-] oslo_reports.file_event_handler = None {{(pid=74316) log_opt_values /opt/stack/data/venv/lib/python3.12/site-packages/oslo_config/cfg.py:2824}}
Jul 29 17:05:41.090451 np0000031964 devstack@n-api-meta.service[74316]: DEBUG nova.api.openstack.wsgi_app [-] oslo_reports.file_event_handler_interval = 1 {{(pid=74316) log_opt_values /opt/stack/data/venv/lib/python3.12/site-packages/oslo_config/cfg.py:2824}}
Jul 29 17:05:41.090529 np0000031964 devstack@n-api-meta.service[74316]: DEBUG nova.api.openstack.wsgi_app [-] oslo_reports.log_dir           = None {{(pid=74316) log_opt_values /opt/stack/data/venv/lib/python3.12/site-packages/oslo_config/cfg.py:2824}}
Jul 29 17:05:41.090594 np0000031964 devstack@n-api-meta.service[74316]: DEBUG nova.api.openstack.wsgi_app [-] ******************************************************************************** {{(pid=74316) log_opt_values /opt/stack/data/venv/lib/python3.12/site-packages/oslo_config/cfg.py:2828}}
Jul 29 17:05:41.104227 np0000031964 devstack@n-api-meta.service[74315]: DEBUG dbcounter [-] [74315] Writer thread running {{(pid=74315) stat_writer /opt/stack/data/venv/lib/python3.12/site-packages/dbcounter.py:102}}
Jul 29 17:05:41.104549 np0000031964 devstack@n-api-meta.service[74315]: DEBUG oslo_db.sqlalchemy.engines [None req-5da83345-1b6b-4c17-95d4-a55c7d2a6ee8 None None] MySQL server mode set to STRICT_TRANS_TABLES,STRICT_ALL_TABLES,NO_ZERO_IN_DATE,NO_ZERO_DATE,ERROR_FOR_DIVISION_BY_ZERO,TRADITIONAL,NO_ENGINE_SUBSTITUTION {{(pid=74315) _check_effective_sql_mode /opt/stack/data/venv/lib/python3.12/site-packages/oslo_db/sqlalchemy/engines.py:397}}
Jul 29 17:05:41.108255 np0000031964 devstack@n-api-meta.service[74315]: DEBUG dbcounter [-] [74315] Writer thread running {{(pid=74315) stat_writer /opt/stack/data/venv/lib/python3.12/site-packages/dbcounter.py:102}}
Jul 29 17:05:41.110159 np0000031964 devstack@n-api-meta.service[74315]: INFO dbcounter [None req-5da83345-1b6b-4c17-95d4-a55c7d2a6ee8 None None] Registered counter for database nova_cell0
Jul 29 17:05:41.115691 np0000031964 devstack@n-api-meta.service[74315]: DEBUG oslo_db.sqlalchemy.engines [None req-5da83345-1b6b-4c17-95d4-a55c7d2a6ee8 None None] MySQL server mode set to STRICT_TRANS_TABLES,STRICT_ALL_TABLES,NO_ZERO_IN_DATE,NO_ZERO_DATE,ERROR_FOR_DIVISION_BY_ZERO,TRADITIONAL,NO_ENGINE_SUBSTITUTION {{(pid=74315) _check_effective_sql_mode /opt/stack/data/venv/lib/python3.12/site-packages/oslo_db/sqlalchemy/engines.py:397}}
Jul 29 17:05:41.118927 np0000031964 devstack@n-api-meta.service[74316]: INFO dbcounter [None req-fa3b0367-db0e-4332-bc8d-e70ee69899d5 None None] Registered counter for database nova_api
Jul 29 17:05:41.119247 np0000031964 devstack@n-api-meta.service[74315]: DEBUG dbcounter [-] [74315] Writer thread running {{(pid=74315) stat_writer /opt/stack/data/venv/lib/python3.12/site-packages/dbcounter.py:102}}
Jul 29 17:05:41.129456 np0000031964 devstack@n-api-meta.service[74316]: DEBUG oslo_db.sqlalchemy.engines [None req-fa3b0367-db0e-4332-bc8d-e70ee69899d5 None None] MySQL server mode set to STRICT_TRANS_TABLES,STRICT_ALL_TABLES,NO_ZERO_IN_DATE,NO_ZERO_DATE,ERROR_FOR_DIVISION_BY_ZERO,TRADITIONAL,NO_ENGINE_SUBSTITUTION {{(pid=74316) _check_effective_sql_mode /opt/stack/data/venv/lib/python3.12/site-packages/oslo_db/sqlalchemy/engines.py:397}}
Jul 29 17:05:41.148984 np0000031964 devstack@n-api-meta.service[74315]: WARNING nova.api.metadata.handler [None req-5da83345-1b6b-4c17-95d4-a55c7d2a6ee8 None None] metadata_proxy_shared_secret is not configured, the metadata information returned by the proxy cannot be trusted
Jul 29 17:05:41.150602 np0000031964 devstack@n-api-meta.service[74315]: WSGI app 0 (mountpoint='') ready in 2 seconds on interpreter 0x749f112a39e8 pid: 74315 (default app)
Jul 29 17:05:41.153449 np0000031964 devstack@n-api-meta.service[74316]: DEBUG dbcounter [-] [74316] Writer thread running {{(pid=74316) stat_writer /opt/stack/data/venv/lib/python3.12/site-packages/dbcounter.py:102}}
Jul 29 17:05:41.155257 np0000031964 devstack@n-api-meta.service[74316]: DEBUG nova.context [None req-fa3b0367-db0e-4332-bc8d-e70ee69899d5 None None] Found 2 cells: 00000000-0000-0000-0000-000000000000(cell0),65e6ea66-8f7b-44a9-9469-af0a74b03674(cell1) {{(pid=74316) load_cells /opt/stack/nova/nova/context.py:472}}
Jul 29 17:05:41.155463 np0000031964 devstack@n-api-meta.service[74316]: INFO nova.utils [None req-fa3b0367-db0e-4332-bc8d-e70ee69899d5 None None] The cell worker thread pool MainProcess.cell_worker is initialized
Jul 29 17:05:41.157117 np0000031964 devstack@n-api-meta.service[74316]: DEBUG oslo_concurrency.lockutils [None req-fa3b0367-db0e-4332-bc8d-e70ee69899d5 None None] Acquiring lock "00000000-0000-0000-0000-000000000000" by "nova.context.set_target_cell.<locals>.get_or_set_cached_cell_and_set_connections" {{(pid=74316) inner /opt/stack/data/venv/lib/python3.12/site-packages/oslo_concurrency/lockutils.py:405}}
Jul 29 17:05:41.157284 np0000031964 devstack@n-api-meta.service[74316]: DEBUG oslo_concurrency.lockutils [None req-fa3b0367-db0e-4332-bc8d-e70ee69899d5 None None] Lock "00000000-0000-0000-0000-000000000000" acquired by "nova.context.set_target_cell.<locals>.get_or_set_cached_cell_and_set_connections" :: waited 0.000s {{(pid=74316) inner /opt/stack/data/venv/lib/python3.12/site-packages/oslo_concurrency/lockutils.py:410}}
Jul 29 17:05:41.157622 np0000031964 devstack@n-api-meta.service[74316]: DEBUG oslo_concurrency.lockutils [None req-fa3b0367-db0e-4332-bc8d-e70ee69899d5 None None] Lock "00000000-0000-0000-0000-000000000000" "released" by "nova.context.set_target_cell.<locals>.get_or_set_cached_cell_and_set_connections" :: held 0.000s {{(pid=74316) inner /opt/stack/data/venv/lib/python3.12/site-packages/oslo_concurrency/lockutils.py:424}}
Jul 29 17:05:41.157924 np0000031964 devstack@n-api-meta.service[74316]: DEBUG oslo_concurrency.lockutils [None req-fa3b0367-db0e-4332-bc8d-e70ee69899d5 None None] Acquiring lock "65e6ea66-8f7b-44a9-9469-af0a74b03674" by "nova.context.set_target_cell.<locals>.get_or_set_cached_cell_and_set_connections" {{(pid=74316) inner /opt/stack/data/venv/lib/python3.12/site-packages/oslo_concurrency/lockutils.py:405}}
Jul 29 17:05:41.158051 np0000031964 devstack@n-api-meta.service[74316]: DEBUG oslo_concurrency.lockutils [None req-fa3b0367-db0e-4332-bc8d-e70ee69899d5 None None] Lock "65e6ea66-8f7b-44a9-9469-af0a74b03674" acquired by "nova.context.set_target_cell.<locals>.get_or_set_cached_cell_and_set_connections" :: waited 0.000s {{(pid=74316) inner /opt/stack/data/venv/lib/python3.12/site-packages/oslo_concurrency/lockutils.py:410}}
Jul 29 17:05:41.158766 np0000031964 devstack@n-api-meta.service[74316]: DEBUG oslo_concurrency.lockutils [None req-fa3b0367-db0e-4332-bc8d-e70ee69899d5 None None] Lock "65e6ea66-8f7b-44a9-9469-af0a74b03674" "released" by "nova.context.set_target_cell.<locals>.get_or_set_cached_cell_and_set_connections" :: held 0.001s {{(pid=74316) inner /opt/stack/data/venv/lib/python3.12/site-packages/oslo_concurrency/lockutils.py:424}}
Jul 29 17:05:41.159922 np0000031964 devstack@n-api-meta.service[74316]: INFO dbcounter [None req-fa3b0367-db0e-4332-bc8d-e70ee69899d5 None None] Registered counter for database nova_cell0
Jul 29 17:05:41.161803 np0000031964 devstack@n-api-meta.service[74316]: INFO dbcounter [None req-fa3b0367-db0e-4332-bc8d-e70ee69899d5 None None] Registered counter for database nova_cell1
Jul 29 17:05:41.171334 np0000031964 devstack@n-api-meta.service[74316]: DEBUG oslo_db.sqlalchemy.engines [None req-fa3b0367-db0e-4332-bc8d-e70ee69899d5 None None] MySQL server mode set to STRICT_TRANS_TABLES,STRICT_ALL_TABLES,NO_ZERO_IN_DATE,NO_ZERO_DATE,ERROR_FOR_DIVISION_BY_ZERO,TRADITIONAL,NO_ENGINE_SUBSTITUTION {{(pid=74316) _check_effective_sql_mode /opt/stack/data/venv/lib/python3.12/site-packages/oslo_db/sqlalchemy/engines.py:397}}
Jul 29 17:05:41.171334 np0000031964 devstack@n-api-meta.service[74316]: DEBUG oslo_db.sqlalchemy.engines [None req-fa3b0367-db0e-4332-bc8d-e70ee69899d5 None None] MySQL server mode set to STRICT_TRANS_TABLES,STRICT_ALL_TABLES,NO_ZERO_IN_DATE,NO_ZERO_DATE,ERROR_FOR_DIVISION_BY_ZERO,TRADITIONAL,NO_ENGINE_SUBSTITUTION {{(pid=74316) _check_effective_sql_mode /opt/stack/data/venv/lib/python3.12/site-packages/oslo_db/sqlalchemy/engines.py:397}}
Jul 29 17:05:41.226990 np0000031964 devstack@n-api-meta.service[74316]: DEBUG dbcounter [-] [74316] Writer thread running {{(pid=74316) stat_writer /opt/stack/data/venv/lib/python3.12/site-packages/dbcounter.py:102}}
Jul 29 17:05:41.230565 np0000031964 devstack@n-api-meta.service[74316]: DEBUG dbcounter [-] [74316] Writer thread running {{(pid=74316) stat_writer /opt/stack/data/venv/lib/python3.12/site-packages/dbcounter.py:102}}
Jul 29 17:05:41.232503 np0000031964 devstack@n-api-meta.service[74316]: INFO dbcounter [None req-fa3b0367-db0e-4332-bc8d-e70ee69899d5 None None] Registered counter for database nova_cell0
Jul 29 17:05:41.235749 np0000031964 devstack@n-api-meta.service[74316]: DEBUG oslo_db.sqlalchemy.engines [None req-fa3b0367-db0e-4332-bc8d-e70ee69899d5 None None] MySQL server mode set to STRICT_TRANS_TABLES,STRICT_ALL_TABLES,NO_ZERO_IN_DATE,NO_ZERO_DATE,ERROR_FOR_DIVISION_BY_ZERO,TRADITIONAL,NO_ENGINE_SUBSTITUTION {{(pid=74316) _check_effective_sql_mode /opt/stack/data/venv/lib/python3.12/site-packages/oslo_db/sqlalchemy/engines.py:397}}
Jul 29 17:05:41.239461 np0000031964 devstack@n-api-meta.service[74316]: DEBUG dbcounter [-] [74316] Writer thread running {{(pid=74316) stat_writer /opt/stack/data/venv/lib/python3.12/site-packages/dbcounter.py:102}}
Jul 29 17:05:41.264404 np0000031964 devstack@n-api-meta.service[74316]: WARNING nova.api.metadata.handler [None req-fa3b0367-db0e-4332-bc8d-e70ee69899d5 None None] metadata_proxy_shared_secret is not configured, the metadata information returned by the proxy cannot be trusted
Jul 29 17:05:41.266007 np0000031964 devstack@n-api-meta.service[74316]: WSGI app 0 (mountpoint='') ready in 2 seconds on interpreter 0x749f112a39e8 pid: 74316 (default app)
Jul 29 17:08:21.785686 np0000031964 devstack@n-api-meta.service[74315]: DEBUG nova.api.metadata.handler [None req-5da83345-1b6b-4c17-95d4-a55c7d2a6ee8 None None] Metadata request headers: {'Host': '192.168.1.134:8775', 'User-Agent': 'python-requests/2.32.4', 'Accept-Encoding': 'gzip, deflate', 'Accept': '*/*', 'Connection': 'keep-alive', 'X-Forwarded-For': '10.1.0.10', 'X-Instance-Id': '220199ce-3ebb-4a0c-8c6c-e127425db62e', 'X-Tenant-Id': 'c887b6fe7d704086a9c28501bd3c8932', 'X-Instance-Id-Signature': 'e15208492176b0e40a1570a2bbd3ab2a2fcc2b87ba4a3f9ca1e4e4d1fad6c022'} {{(pid=74315) __call__ /opt/stack/nova/nova/api/metadata/handler.py:109}}
Jul 29 17:08:21.789986 np0000031964 devstack@n-api-meta.service[74315]: DEBUG dbcounter [-] [74315] Writing DB stats nova_api:SELECT=1 {{(pid=74315) stat_writer /opt/stack/data/venv/lib/python3.12/site-packages/dbcounter.py:115}}
Jul 29 17:08:21.790437 np0000031964 devstack@n-api-meta.service[74315]: DEBUG dbcounter [-] [74315] Writing DB stats nova_cell1:SELECT=1 {{(pid=74315) stat_writer /opt/stack/data/venv/lib/python3.12/site-packages/dbcounter.py:115}}
Jul 29 17:08:21.790759 np0000031964 devstack@n-api-meta.service[74315]: DEBUG dbcounter [-] [74315] Writing DB stats nova_cell0:SELECT=1 {{(pid=74315) stat_writer /opt/stack/data/venv/lib/python3.12/site-packages/dbcounter.py:115}}
Jul 29 17:08:21.791060 np0000031964 devstack@n-api-meta.service[74315]: DEBUG dbcounter [-] [74315] Writing DB stats nova_cell0:SELECT=2,nova_cell0:INSERT=1 {{(pid=74315) stat_writer /opt/stack/data/venv/lib/python3.12/site-packages/dbcounter.py:115}}
Jul 29 17:08:21.797669 np0000031964 devstack@n-api-meta.service[74315]: DEBUG oslo_concurrency.lockutils [None req-452ad28c-de3c-4f74-a725-ee04e69b678f None None] Acquiring lock "65e6ea66-8f7b-44a9-9469-af0a74b03674" by "nova.context.set_target_cell.<locals>.get_or_set_cached_cell_and_set_connections" {{(pid=74315) inner /opt/stack/data/venv/lib/python3.12/site-packages/oslo_concurrency/lockutils.py:405}}
Jul 29 17:08:21.797839 np0000031964 devstack@n-api-meta.service[74315]: DEBUG oslo_concurrency.lockutils [None req-452ad28c-de3c-4f74-a725-ee04e69b678f None None] Lock "65e6ea66-8f7b-44a9-9469-af0a74b03674" acquired by "nova.context.set_target_cell.<locals>.get_or_set_cached_cell_and_set_connections" :: waited 0.000s {{(pid=74315) inner /opt/stack/data/venv/lib/python3.12/site-packages/oslo_concurrency/lockutils.py:410}}
Jul 29 17:08:21.797970 np0000031964 devstack@n-api-meta.service[74315]: DEBUG oslo_concurrency.lockutils [None req-452ad28c-de3c-4f74-a725-ee04e69b678f None None] Lock "65e6ea66-8f7b-44a9-9469-af0a74b03674" "released" by "nova.context.set_target_cell.<locals>.get_or_set_cached_cell_and_set_connections" :: held 0.000s {{(pid=74315) inner /opt/stack/data/venv/lib/python3.12/site-packages/oslo_concurrency/lockutils.py:424}}
Jul 29 17:08:21.920149 np0000031964 devstack@n-api-meta.service[74315]: WARNING neutronclient.v2_0.client [None req-452ad28c-de3c-4f74-a725-ee04e69b678f None None] The python binding code in neutronclient is deprecated in favor of OpenstackSDK, please use that as this will be removed in a future release.
Jul 29 17:08:22.067488 np0000031964 devstack@n-api-meta.service[74315]: [pid: 74315|app: 0|req: 1/1] 192.168.1.134 () {40 vars in 682 bytes} [Tue Jul 29 17:08:21 2025] GET /2009-04-04/meta-data/instance-id => generated 10 bytes in 282 msecs (HTTP/1.1 200) 3 headers in 99 bytes (1 switches on core 0)
Jul 29 17:08:22.212516 np0000031964 devstack@n-api-meta.service[74316]: DEBUG nova.api.metadata.handler [None req-fa3b0367-db0e-4332-bc8d-e70ee69899d5 None None] Metadata request headers: {'Host': '192.168.1.134:8775', 'User-Agent': 'python-requests/2.32.4', 'Accept-Encoding': 'gzip, deflate', 'Accept': '*/*', 'Connection': 'keep-alive', 'X-Forwarded-For': '10.1.0.10', 'X-Instance-Id': '220199ce-3ebb-4a0c-8c6c-e127425db62e', 'X-Tenant-Id': 'c887b6fe7d704086a9c28501bd3c8932', 'X-Instance-Id-Signature': 'e15208492176b0e40a1570a2bbd3ab2a2fcc2b87ba4a3f9ca1e4e4d1fad6c022'} {{(pid=74316) __call__ /opt/stack/nova/nova/api/metadata/handler.py:109}}
Jul 29 17:08:22.214420 np0000031964 devstack@n-api-meta.service[74316]: DEBUG dbcounter [-] [74316] Writing DB stats nova_api:SELECT=1 {{(pid=74316) stat_writer /opt/stack/data/venv/lib/python3.12/site-packages/dbcounter.py:115}}
Jul 29 17:08:22.214886 np0000031964 devstack@n-api-meta.service[74316]: DEBUG dbcounter [-] [74316] Writing DB stats nova_cell0:SELECT=1 {{(pid=74316) stat_writer /opt/stack/data/venv/lib/python3.12/site-packages/dbcounter.py:115}}
Jul 29 17:08:22.215364 np0000031964 devstack@n-api-meta.service[74316]: DEBUG dbcounter [-] [74316] Writing DB stats nova_cell1:SELECT=1 {{(pid=74316) stat_writer /opt/stack/data/venv/lib/python3.12/site-packages/dbcounter.py:115}}
Jul 29 17:08:22.215667 np0000031964 devstack@n-api-meta.service[74316]: DEBUG dbcounter [-] [74316] Writing DB stats nova_cell0:SELECT=1 {{(pid=74316) stat_writer /opt/stack/data/venv/lib/python3.12/site-packages/dbcounter.py:115}}
Jul 29 17:08:22.217787 np0000031964 devstack@n-api-meta.service[74316]: DEBUG nova.api.metadata.handler [None req-fa3b0367-db0e-4332-bc8d-e70ee69899d5 None None] Using cached metadata for instance 220199ce-3ebb-4a0c-8c6c-e127425db62e {{(pid=74316) get_metadata_by_instance_id /opt/stack/nova/nova/api/metadata/handler.py:84}}
Jul 29 17:08:22.218225 np0000031964 devstack@n-api-meta.service[74316]: [pid: 74316|app: 0|req: 1/2] 192.168.1.134 () {40 vars in 682 bytes} [Tue Jul 29 17:08:22 2025] GET /2009-04-04/meta-data/public-keys => generated 27 bytes in 6 msecs (HTTP/1.1 200) 3 headers in 99 bytes (1 switches on core 0)
Jul 29 17:08:22.222948 np0000031964 devstack@n-api-meta.service[74315]: DEBUG nova.api.metadata.handler [None req-452ad28c-de3c-4f74-a725-ee04e69b678f None None] Metadata request headers: {'Host': '192.168.1.134:8775', 'User-Agent': 'python-requests/2.32.4', 'Accept-Encoding': 'gzip, deflate', 'Accept': '*/*', 'Connection': 'keep-alive', 'X-Forwarded-For': '10.1.0.11', 'X-Instance-Id': '071237f1-42ab-430a-8214-5d504aedf4e9', 'X-Tenant-Id': 'aecff76a29cb4be183e3365bf3aafc4e', 'X-Instance-Id-Signature': '23159354c5766d9a1e9f929652ea9b34b566bf6dab11a3c459899fd3cbf82f09'} {{(pid=74315) __call__ /opt/stack/nova/nova/api/metadata/handler.py:109}}
Jul 29 17:08:22.225960 np0000031964 devstack@n-api-meta.service[74315]: DEBUG oslo_concurrency.lockutils [None req-17821360-d1d3-4964-9bf1-937ccb633c88 None None] Acquiring lock "65e6ea66-8f7b-44a9-9469-af0a74b03674" by "nova.context.set_target_cell.<locals>.get_or_set_cached_cell_and_set_connections" {{(pid=74315) inner /opt/stack/data/venv/lib/python3.12/site-packages/oslo_concurrency/lockutils.py:405}}
Jul 29 17:08:22.226117 np0000031964 devstack@n-api-meta.service[74315]: DEBUG oslo_concurrency.lockutils [None req-17821360-d1d3-4964-9bf1-937ccb633c88 None None] Lock "65e6ea66-8f7b-44a9-9469-af0a74b03674" acquired by "nova.context.set_target_cell.<locals>.get_or_set_cached_cell_and_set_connections" :: waited 0.000s {{(pid=74315) inner /opt/stack/data/venv/lib/python3.12/site-packages/oslo_concurrency/lockutils.py:410}}
Jul 29 17:08:22.226243 np0000031964 devstack@n-api-meta.service[74315]: DEBUG oslo_concurrency.lockutils [None req-17821360-d1d3-4964-9bf1-937ccb633c88 None None] Lock "65e6ea66-8f7b-44a9-9469-af0a74b03674" "released" by "nova.context.set_target_cell.<locals>.get_or_set_cached_cell_and_set_connections" :: held 0.000s {{(pid=74315) inner /opt/stack/data/venv/lib/python3.12/site-packages/oslo_concurrency/lockutils.py:424}}
Jul 29 17:08:22.240555 np0000031964 devstack@n-api-meta.service[74315]: WARNING neutronclient.v2_0.client [None req-17821360-d1d3-4964-9bf1-937ccb633c88 None None] The python binding code in neutronclient is deprecated in favor of OpenstackSDK, please use that as this will be removed in a future release.
Jul 29 17:08:22.284870 np0000031964 devstack@n-api-meta.service[74315]: [pid: 74315|app: 0|req: 2/3] 192.168.1.134 () {40 vars in 682 bytes} [Tue Jul 29 17:08:22 2025] GET /2009-04-04/meta-data/instance-id => generated 10 bytes in 62 msecs (HTTP/1.1 200) 3 headers in 99 bytes (1 switches on core 0)
Jul 29 17:08:22.317697 np0000031964 devstack@n-api-meta.service[74316]: DEBUG nova.api.metadata.handler [None req-fa3b0367-db0e-4332-bc8d-e70ee69899d5 None None] Metadata request headers: {'Host': '192.168.1.134:8775', 'User-Agent': 'python-requests/2.32.4', 'Accept-Encoding': 'gzip, deflate', 'Accept': '*/*', 'Connection': 'keep-alive', 'X-Forwarded-For': '10.1.0.10', 'X-Instance-Id': '220199ce-3ebb-4a0c-8c6c-e127425db62e', 'X-Tenant-Id': 'c887b6fe7d704086a9c28501bd3c8932', 'X-Instance-Id-Signature': 'e15208492176b0e40a1570a2bbd3ab2a2fcc2b87ba4a3f9ca1e4e4d1fad6c022'} {{(pid=74316) __call__ /opt/stack/nova/nova/api/metadata/handler.py:109}}
Jul 29 17:08:22.319193 np0000031964 devstack@n-api-meta.service[74316]: DEBUG nova.api.metadata.handler [None req-fa3b0367-db0e-4332-bc8d-e70ee69899d5 None None] Using cached metadata for instance 220199ce-3ebb-4a0c-8c6c-e127425db62e {{(pid=74316) get_metadata_by_instance_id /opt/stack/nova/nova/api/metadata/handler.py:84}}
Jul 29 17:08:22.319531 np0000031964 devstack@n-api-meta.service[74316]: [pid: 74316|app: 0|req: 2/4] 192.168.1.134 () {40 vars in 710 bytes} [Tue Jul 29 17:08:22 2025] GET /2009-04-04/meta-data/public-keys/0/openssh-key => generated 204 bytes in 2 msecs (HTTP/1.1 200) 3 headers in 100 bytes (1 switches on core 0)
Jul 29 17:08:22.405659 np0000031964 devstack@n-api-meta.service[74315]: DEBUG nova.api.metadata.handler [None req-17821360-d1d3-4964-9bf1-937ccb633c88 None None] Metadata request headers: {'Host': '192.168.1.134:8775', 'User-Agent': 'python-requests/2.32.4', 'Accept-Encoding': 'gzip, deflate', 'Accept': '*/*', 'Connection': 'keep-alive', 'X-Forwarded-For': '10.1.0.8', 'X-Instance-Id': '041a4861-7d10-4da3-90bf-648d6c645ebe', 'X-Tenant-Id': '0286bd4a076748829c8323576a1fa4a8', 'X-Instance-Id-Signature': '006b23263eef7cf389a1c21c4bffc2b2e263f6f26ae4ba430e1eb40d3fcee532'} {{(pid=74315) __call__ /opt/stack/nova/nova/api/metadata/handler.py:109}}
Jul 29 17:08:22.408533 np0000031964 devstack@n-api-meta.service[74315]: DEBUG oslo_concurrency.lockutils [None req-df8a0ce2-36fe-40b4-805d-98defd4f6ab5 None None] Acquiring lock "65e6ea66-8f7b-44a9-9469-af0a74b03674" by "nova.context.set_target_cell.<locals>.get_or_set_cached_cell_and_set_connections" {{(pid=74315) inner /opt/stack/data/venv/lib/python3.12/site-packages/oslo_concurrency/lockutils.py:405}}
Jul 29 17:08:22.408690 np0000031964 devstack@n-api-meta.service[74315]: DEBUG oslo_concurrency.lockutils [None req-df8a0ce2-36fe-40b4-805d-98defd4f6ab5 None None] Lock "65e6ea66-8f7b-44a9-9469-af0a74b03674" acquired by "nova.context.set_target_cell.<locals>.get_or_set_cached_cell_and_set_connections" :: waited 0.000s {{(pid=74315) inner /opt/stack/data/venv/lib/python3.12/site-packages/oslo_concurrency/lockutils.py:410}}
Jul 29 17:08:22.408805 np0000031964 devstack@n-api-meta.service[74315]: DEBUG oslo_concurrency.lockutils [None req-df8a0ce2-36fe-40b4-805d-98defd4f6ab5 None None] Lock "65e6ea66-8f7b-44a9-9469-af0a74b03674" "released" by "nova.context.set_target_cell.<locals>.get_or_set_cached_cell_and_set_connections" :: held 0.000s {{(pid=74315) inner /opt/stack/data/venv/lib/python3.12/site-packages/oslo_concurrency/lockutils.py:424}}
Jul 29 17:08:22.421404 np0000031964 devstack@n-api-meta.service[74315]: WARNING neutronclient.v2_0.client [None req-df8a0ce2-36fe-40b4-805d-98defd4f6ab5 None None] The python binding code in neutronclient is deprecated in favor of OpenstackSDK, please use that as this will be removed in a future release.
Jul 29 17:08:22.433859 np0000031964 devstack@n-api-meta.service[74316]: DEBUG nova.api.metadata.handler [None req-fa3b0367-db0e-4332-bc8d-e70ee69899d5 None None] Metadata request headers: {'Host': '192.168.1.134:8775', 'User-Agent': 'python-requests/2.32.4', 'Accept-Encoding': 'gzip, deflate', 'Accept': '*/*', 'Connection': 'keep-alive', 'X-Forwarded-For': '10.1.0.11', 'X-Instance-Id': '071237f1-42ab-430a-8214-5d504aedf4e9', 'X-Tenant-Id': 'aecff76a29cb4be183e3365bf3aafc4e', 'X-Instance-Id-Signature': '23159354c5766d9a1e9f929652ea9b34b566bf6dab11a3c459899fd3cbf82f09'} {{(pid=74316) __call__ /opt/stack/nova/nova/api/metadata/handler.py:109}}
Jul 29 17:08:22.434973 np0000031964 devstack@n-api-meta.service[74316]: DEBUG nova.api.metadata.handler [None req-fa3b0367-db0e-4332-bc8d-e70ee69899d5 None None] Using cached metadata for instance 071237f1-42ab-430a-8214-5d504aedf4e9 {{(pid=74316) get_metadata_by_instance_id /opt/stack/nova/nova/api/metadata/handler.py:84}}
Jul 29 17:08:22.435283 np0000031964 devstack@n-api-meta.service[74316]: [pid: 74316|app: 0|req: 3/5] 192.168.1.134 () {40 vars in 682 bytes} [Tue Jul 29 17:08:22 2025] GET /2009-04-04/meta-data/public-keys => generated 28 bytes in 1 msecs (HTTP/1.1 200) 3 headers in 99 bytes (1 switches on core 0)
Jul 29 17:08:22.440100 np0000031964 devstack@n-api-meta.service[74316]: DEBUG nova.api.metadata.handler [None req-fa3b0367-db0e-4332-bc8d-e70ee69899d5 None None] Metadata request headers: {'Host': '192.168.1.134:8775', 'User-Agent': 'python-requests/2.32.4', 'Accept-Encoding': 'gzip, deflate', 'Accept': '*/*', 'Connection': 'keep-alive', 'X-Forwarded-For': '10.1.0.10', 'X-Instance-Id': '220199ce-3ebb-4a0c-8c6c-e127425db62e', 'X-Tenant-Id': 'c887b6fe7d704086a9c28501bd3c8932', 'X-Instance-Id-Signature': 'e15208492176b0e40a1570a2bbd3ab2a2fcc2b87ba4a3f9ca1e4e4d1fad6c022'} {{(pid=74316) __call__ /opt/stack/nova/nova/api/metadata/handler.py:109}}
Jul 29 17:08:22.441323 np0000031964 devstack@n-api-meta.service[74316]: DEBUG nova.api.metadata.handler [None req-fa3b0367-db0e-4332-bc8d-e70ee69899d5 None None] Using cached metadata for instance 220199ce-3ebb-4a0c-8c6c-e127425db62e {{(pid=74316) get_metadata_by_instance_id /opt/stack/nova/nova/api/metadata/handler.py:84}}
Jul 29 17:08:22.441579 np0000031964 devstack@n-api-meta.service[74316]: [pid: 74316|app: 0|req: 4/6] 192.168.1.134 () {40 vars in 682 bytes} [Tue Jul 29 17:08:22 2025] GET /2009-04-04/meta-data/instance-id => generated 10 bytes in 3 msecs (HTTP/1.1 200) 3 headers in 99 bytes (1 switches on core 0)
Jul 29 17:08:22.467517 np0000031964 devstack@n-api-meta.service[74315]: [pid: 74315|app: 0|req: 3/7] 192.168.1.134 () {40 vars in 681 bytes} [Tue Jul 29 17:08:22 2025] GET /2009-04-04/meta-data/instance-id => generated 10 bytes in 62 msecs (HTTP/1.1 200) 3 headers in 99 bytes (1 switches on core 0)
Jul 29 17:08:22.529127 np0000031964 devstack@n-api-meta.service[74316]: DEBUG nova.api.metadata.handler [None req-fa3b0367-db0e-4332-bc8d-e70ee69899d5 None None] Metadata request headers: {'Host': '192.168.1.134:8775', 'User-Agent': 'python-requests/2.32.4', 'Accept-Encoding': 'gzip, deflate', 'Accept': '*/*', 'Connection': 'keep-alive', 'X-Forwarded-For': '10.1.0.11', 'X-Instance-Id': '071237f1-42ab-430a-8214-5d504aedf4e9', 'X-Tenant-Id': 'aecff76a29cb4be183e3365bf3aafc4e', 'X-Instance-Id-Signature': '23159354c5766d9a1e9f929652ea9b34b566bf6dab11a3c459899fd3cbf82f09'} {{(pid=74316) __call__ /opt/stack/nova/nova/api/metadata/handler.py:109}}
Jul 29 17:08:22.530434 np0000031964 devstack@n-api-meta.service[74316]: DEBUG nova.api.metadata.handler [None req-fa3b0367-db0e-4332-bc8d-e70ee69899d5 None None] Using cached metadata for instance 071237f1-42ab-430a-8214-5d504aedf4e9 {{(pid=74316) get_metadata_by_instance_id /opt/stack/nova/nova/api/metadata/handler.py:84}}
Jul 29 17:08:22.530778 np0000031964 devstack@n-api-meta.service[74316]: [pid: 74316|app: 0|req: 5/8] 192.168.1.134 () {40 vars in 710 bytes} [Tue Jul 29 17:08:22 2025] GET /2009-04-04/meta-data/public-keys/0/openssh-key => generated 204 bytes in 2 msecs (HTTP/1.1 200) 3 headers in 100 bytes (1 switches on core 0)
Jul 29 17:08:22.561928 np0000031964 devstack@n-api-meta.service[74315]: DEBUG nova.api.metadata.handler [None req-df8a0ce2-36fe-40b4-805d-98defd4f6ab5 None None] Metadata request headers: {'Host': '192.168.1.134:8775', 'User-Agent': 'python-requests/2.32.4', 'Accept-Encoding': 'gzip, deflate', 'Accept': '*/*', 'Connection': 'keep-alive', 'X-Forwarded-For': '10.1.0.10', 'X-Instance-Id': '220199ce-3ebb-4a0c-8c6c-e127425db62e', 'X-Tenant-Id': 'c887b6fe7d704086a9c28501bd3c8932', 'X-Instance-Id-Signature': 'e15208492176b0e40a1570a2bbd3ab2a2fcc2b87ba4a3f9ca1e4e4d1fad6c022'} {{(pid=74315) __call__ /opt/stack/nova/nova/api/metadata/handler.py:109}}
Jul 29 17:08:22.563348 np0000031964 devstack@n-api-meta.service[74315]: DEBUG nova.api.metadata.handler [None req-df8a0ce2-36fe-40b4-805d-98defd4f6ab5 None None] Using cached metadata for instance 220199ce-3ebb-4a0c-8c6c-e127425db62e {{(pid=74315) get_metadata_by_instance_id /opt/stack/nova/nova/api/metadata/handler.py:84}}
Jul 29 17:08:22.563682 np0000031964 devstack@n-api-meta.service[74315]: [pid: 74315|app: 0|req: 4/9] 192.168.1.134 () {40 vars in 692 bytes} [Tue Jul 29 17:08:22 2025] GET /2009-04-04/meta-data/ami-launch-index => generated 1 bytes in 2 msecs (HTTP/1.1 200) 3 headers in 98 bytes (1 switches on core 0)
Jul 29 17:08:22.611771 np0000031964 devstack@n-api-meta.service[74316]: DEBUG nova.api.metadata.handler [None req-fa3b0367-db0e-4332-bc8d-e70ee69899d5 None None] Metadata request headers: {'Host': '192.168.1.134:8775', 'User-Agent': 'python-requests/2.32.4', 'Accept-Encoding': 'gzip, deflate', 'Accept': '*/*', 'Connection': 'keep-alive', 'X-Forwarded-For': '10.1.0.8', 'X-Instance-Id': '041a4861-7d10-4da3-90bf-648d6c645ebe', 'X-Tenant-Id': '0286bd4a076748829c8323576a1fa4a8', 'X-Instance-Id-Signature': '006b23263eef7cf389a1c21c4bffc2b2e263f6f26ae4ba430e1eb40d3fcee532'} {{(pid=74316) __call__ /opt/stack/nova/nova/api/metadata/handler.py:109}}
Jul 29 17:08:22.613431 np0000031964 devstack@n-api-meta.service[74316]: DEBUG nova.api.metadata.handler [None req-fa3b0367-db0e-4332-bc8d-e70ee69899d5 None None] Using cached metadata for instance 041a4861-7d10-4da3-90bf-648d6c645ebe {{(pid=74316) get_metadata_by_instance_id /opt/stack/nova/nova/api/metadata/handler.py:84}}
Jul 29 17:08:22.613702 np0000031964 devstack@n-api-meta.service[74316]: [pid: 74316|app: 0|req: 6/10] 192.168.1.134 () {40 vars in 681 bytes} [Tue Jul 29 17:08:22 2025] GET /2009-04-04/meta-data/public-keys => generated 28 bytes in 2 msecs (HTTP/1.1 200) 3 headers in 99 bytes (1 switches on core 0)
Jul 29 17:08:22.648797 np0000031964 devstack@n-api-meta.service[74315]: DEBUG nova.api.metadata.handler [None req-df8a0ce2-36fe-40b4-805d-98defd4f6ab5 None None] Metadata request headers: {'Host': '192.168.1.134:8775', 'User-Agent': 'python-requests/2.32.4', 'Accept-Encoding': 'gzip, deflate', 'Accept': '*/*', 'Connection': 'keep-alive', 'X-Forwarded-For': '10.1.0.11', 'X-Instance-Id': '071237f1-42ab-430a-8214-5d504aedf4e9', 'X-Tenant-Id': 'aecff76a29cb4be183e3365bf3aafc4e', 'X-Instance-Id-Signature': '23159354c5766d9a1e9f929652ea9b34b566bf6dab11a3c459899fd3cbf82f09'} {{(pid=74315) __call__ /opt/stack/nova/nova/api/metadata/handler.py:109}}
Jul 29 17:08:22.649899 np0000031964 devstack@n-api-meta.service[74315]: DEBUG nova.api.metadata.handler [None req-df8a0ce2-36fe-40b4-805d-98defd4f6ab5 None None] Using cached metadata for instance 071237f1-42ab-430a-8214-5d504aedf4e9 {{(pid=74315) get_metadata_by_instance_id /opt/stack/nova/nova/api/metadata/handler.py:84}}
Jul 29 17:08:22.650283 np0000031964 devstack@n-api-meta.service[74315]: [pid: 74315|app: 0|req: 5/11] 192.168.1.134 () {40 vars in 682 bytes} [Tue Jul 29 17:08:22 2025] GET /2009-04-04/meta-data/instance-id => generated 10 bytes in 1 msecs (HTTP/1.1 200) 3 headers in 99 bytes (1 switches on core 0)
Jul 29 17:08:22.680616 np0000031964 devstack@n-api-meta.service[74316]: DEBUG nova.api.metadata.handler [None req-fa3b0367-db0e-4332-bc8d-e70ee69899d5 None None] Metadata request headers: {'Host': '192.168.1.134:8775', 'User-Agent': 'python-requests/2.32.4', 'Accept-Encoding': 'gzip, deflate', 'Accept': '*/*', 'Connection': 'keep-alive', 'X-Forwarded-For': '10.1.0.10', 'X-Instance-Id': '220199ce-3ebb-4a0c-8c6c-e127425db62e', 'X-Tenant-Id': 'c887b6fe7d704086a9c28501bd3c8932', 'X-Instance-Id-Signature': 'e15208492176b0e40a1570a2bbd3ab2a2fcc2b87ba4a3f9ca1e4e4d1fad6c022'} {{(pid=74316) __call__ /opt/stack/nova/nova/api/metadata/handler.py:109}}
Jul 29 17:08:22.682077 np0000031964 devstack@n-api-meta.service[74316]: DEBUG nova.api.metadata.handler [None req-fa3b0367-db0e-4332-bc8d-e70ee69899d5 None None] Using cached metadata for instance 220199ce-3ebb-4a0c-8c6c-e127425db62e {{(pid=74316) get_metadata_by_instance_id /opt/stack/nova/nova/api/metadata/handler.py:84}}
Jul 29 17:08:22.682443 np0000031964 devstack@n-api-meta.service[74316]: [pid: 74316|app: 0|req: 7/12] 192.168.1.134 () {40 vars in 686 bytes} [Tue Jul 29 17:08:22 2025] GET /2009-04-04/meta-data/instance-type => generated 7 bytes in 2 msecs (HTTP/1.1 200) 3 headers in 98 bytes (1 switches on core 0)
Jul 29 17:08:22.712939 np0000031964 devstack@n-api-meta.service[74315]: DEBUG nova.api.metadata.handler [None req-df8a0ce2-36fe-40b4-805d-98defd4f6ab5 None None] Metadata request headers: {'Host': '192.168.1.134:8775', 'User-Agent': 'python-requests/2.32.4', 'Accept-Encoding': 'gzip, deflate', 'Accept': '*/*', 'Connection': 'keep-alive', 'X-Forwarded-For': '10.1.0.8', 'X-Instance-Id': '041a4861-7d10-4da3-90bf-648d6c645ebe', 'X-Tenant-Id': '0286bd4a076748829c8323576a1fa4a8', 'X-Instance-Id-Signature': '006b23263eef7cf389a1c21c4bffc2b2e263f6f26ae4ba430e1eb40d3fcee532'} {{(pid=74315) __call__ /opt/stack/nova/nova/api/metadata/handler.py:109}}
Jul 29 17:08:22.714086 np0000031964 devstack@n-api-meta.service[74315]: DEBUG nova.api.metadata.handler [None req-df8a0ce2-36fe-40b4-805d-98defd4f6ab5 None None] Using cached metadata for instance 041a4861-7d10-4da3-90bf-648d6c645ebe {{(pid=74315) get_metadata_by_instance_id /opt/stack/nova/nova/api/metadata/handler.py:84}}
Jul 29 17:08:22.714454 np0000031964 devstack@n-api-meta.service[74315]: [pid: 74315|app: 0|req: 6/13] 192.168.1.134 () {40 vars in 709 bytes} [Tue Jul 29 17:08:22 2025] GET /2009-04-04/meta-data/public-keys/0/openssh-key => generated 204 bytes in 2 msecs (HTTP/1.1 200) 3 headers in 100 bytes (1 switches on core 0)
Jul 29 17:08:22.768351 np0000031964 devstack@n-api-meta.service[74316]: DEBUG nova.api.metadata.handler [None req-fa3b0367-db0e-4332-bc8d-e70ee69899d5 None None] Metadata request headers: {'Host': '192.168.1.134:8775', 'User-Agent': 'python-requests/2.32.4', 'Accept-Encoding': 'gzip, deflate', 'Accept': '*/*', 'Connection': 'keep-alive', 'X-Forwarded-For': '10.1.0.11', 'X-Instance-Id': '071237f1-42ab-430a-8214-5d504aedf4e9', 'X-Tenant-Id': 'aecff76a29cb4be183e3365bf3aafc4e', 'X-Instance-Id-Signature': '23159354c5766d9a1e9f929652ea9b34b566bf6dab11a3c459899fd3cbf82f09'} {{(pid=74316) __call__ /opt/stack/nova/nova/api/metadata/handler.py:109}}
Jul 29 17:08:22.769384 np0000031964 devstack@n-api-meta.service[74316]: DEBUG nova.api.metadata.handler [None req-fa3b0367-db0e-4332-bc8d-e70ee69899d5 None None] Using cached metadata for instance 071237f1-42ab-430a-8214-5d504aedf4e9 {{(pid=74316) get_metadata_by_instance_id /opt/stack/nova/nova/api/metadata/handler.py:84}}
Jul 29 17:08:22.769721 np0000031964 devstack@n-api-meta.service[74316]: [pid: 74316|app: 0|req: 8/14] 192.168.1.134 () {40 vars in 692 bytes} [Tue Jul 29 17:08:22 2025] GET /2009-04-04/meta-data/ami-launch-index => generated 1 bytes in 1 msecs (HTTP/1.1 200) 3 headers in 98 bytes (1 switches on core 0)
Jul 29 17:08:22.799325 np0000031964 devstack@n-api-meta.service[74315]: DEBUG nova.api.metadata.handler [None req-df8a0ce2-36fe-40b4-805d-98defd4f6ab5 None None] Metadata request headers: {'Host': '192.168.1.134:8775', 'User-Agent': 'python-requests/2.32.4', 'Accept-Encoding': 'gzip, deflate', 'Accept': '*/*', 'Connection': 'keep-alive', 'X-Forwarded-For': '10.1.0.10', 'X-Instance-Id': '220199ce-3ebb-4a0c-8c6c-e127425db62e', 'X-Tenant-Id': 'c887b6fe7d704086a9c28501bd3c8932', 'X-Instance-Id-Signature': 'e15208492176b0e40a1570a2bbd3ab2a2fcc2b87ba4a3f9ca1e4e4d1fad6c022'} {{(pid=74315) __call__ /opt/stack/nova/nova/api/metadata/handler.py:109}}
Jul 29 17:08:22.800373 np0000031964 devstack@n-api-meta.service[74315]: DEBUG nova.api.metadata.handler [None req-df8a0ce2-36fe-40b4-805d-98defd4f6ab5 None None] Using cached metadata for instance 220199ce-3ebb-4a0c-8c6c-e127425db62e {{(pid=74315) get_metadata_by_instance_id /opt/stack/nova/nova/api/metadata/handler.py:84}}
Jul 29 17:08:22.800692 np0000031964 devstack@n-api-meta.service[74315]: [pid: 74315|app: 0|req: 7/15] 192.168.1.134 () {40 vars in 680 bytes} [Tue Jul 29 17:08:22 2025] GET /2009-04-04/meta-data/local-ipv4 => generated 9 bytes in 1 msecs (HTTP/1.1 200) 3 headers in 98 bytes (1 switches on core 0)
Jul 29 17:08:22.831316 np0000031964 devstack@n-api-meta.service[74316]: DEBUG nova.api.metadata.handler [None req-fa3b0367-db0e-4332-bc8d-e70ee69899d5 None None] Metadata request headers: {'Host': '192.168.1.134:8775', 'User-Agent': 'python-requests/2.32.4', 'Accept-Encoding': 'gzip, deflate', 'Accept': '*/*', 'Connection': 'keep-alive', 'X-Forwarded-For': '10.1.0.8', 'X-Instance-Id': '041a4861-7d10-4da3-90bf-648d6c645ebe', 'X-Tenant-Id': '0286bd4a076748829c8323576a1fa4a8', 'X-Instance-Id-Signature': '006b23263eef7cf389a1c21c4bffc2b2e263f6f26ae4ba430e1eb40d3fcee532'} {{(pid=74316) __call__ /opt/stack/nova/nova/api/metadata/handler.py:109}}
Jul 29 17:08:22.833437 np0000031964 devstack@n-api-meta.service[74316]: DEBUG nova.api.metadata.handler [None req-fa3b0367-db0e-4332-bc8d-e70ee69899d5 None None] Using cached metadata for instance 041a4861-7d10-4da3-90bf-648d6c645ebe {{(pid=74316) get_metadata_by_instance_id /opt/stack/nova/nova/api/metadata/handler.py:84}}
Jul 29 17:08:22.833695 np0000031964 devstack@n-api-meta.service[74316]: [pid: 74316|app: 0|req: 9/16] 192.168.1.134 () {40 vars in 681 bytes} [Tue Jul 29 17:08:22 2025] GET /2009-04-04/meta-data/instance-id => generated 10 bytes in 2 msecs (HTTP/1.1 200) 3 headers in 99 bytes (1 switches on core 0)
Jul 29 17:08:22.889640 np0000031964 devstack@n-api-meta.service[74315]: DEBUG nova.api.metadata.handler [None req-df8a0ce2-36fe-40b4-805d-98defd4f6ab5 None None] Metadata request headers: {'Host': '192.168.1.134:8775', 'User-Agent': 'python-requests/2.32.4', 'Accept-Encoding': 'gzip, deflate', 'Accept': '*/*', 'Connection': 'keep-alive', 'X-Forwarded-For': '10.1.0.11', 'X-Instance-Id': '071237f1-42ab-430a-8214-5d504aedf4e9', 'X-Tenant-Id': 'aecff76a29cb4be183e3365bf3aafc4e', 'X-Instance-Id-Signature': '23159354c5766d9a1e9f929652ea9b34b566bf6dab11a3c459899fd3cbf82f09'} {{(pid=74315) __call__ /opt/stack/nova/nova/api/metadata/handler.py:109}}
Jul 29 17:08:22.890717 np0000031964 devstack@n-api-meta.service[74315]: DEBUG nova.api.metadata.handler [None req-df8a0ce2-36fe-40b4-805d-98defd4f6ab5 None None] Using cached metadata for instance 071237f1-42ab-430a-8214-5d504aedf4e9 {{(pid=74315) get_metadata_by_instance_id /opt/stack/nova/nova/api/metadata/handler.py:84}}
Jul 29 17:08:22.891067 np0000031964 devstack@n-api-meta.service[74315]: [pid: 74315|app: 0|req: 8/17] 192.168.1.134 () {40 vars in 686 bytes} [Tue Jul 29 17:08:22 2025] GET /2009-04-04/meta-data/instance-type => generated 7 bytes in 1 msecs (HTTP/1.1 200) 3 headers in 98 bytes (1 switches on core 0)
Jul 29 17:08:22.951908 np0000031964 devstack@n-api-meta.service[74316]: DEBUG nova.api.metadata.handler [None req-fa3b0367-db0e-4332-bc8d-e70ee69899d5 None None] Metadata request headers: {'Host': '192.168.1.134:8775', 'User-Agent': 'python-requests/2.32.4', 'Accept-Encoding': 'gzip, deflate', 'Accept': '*/*', 'Connection': 'keep-alive', 'X-Forwarded-For': '10.1.0.8', 'X-Instance-Id': '041a4861-7d10-4da3-90bf-648d6c645ebe', 'X-Tenant-Id': '0286bd4a076748829c8323576a1fa4a8', 'X-Instance-Id-Signature': '006b23263eef7cf389a1c21c4bffc2b2e263f6f26ae4ba430e1eb40d3fcee532'} {{(pid=74316) __call__ /opt/stack/nova/nova/api/metadata/handler.py:109}}
Jul 29 17:08:22.952932 np0000031964 devstack@n-api-meta.service[74316]: DEBUG nova.api.metadata.handler [None req-fa3b0367-db0e-4332-bc8d-e70ee69899d5 None None] Using cached metadata for instance 041a4861-7d10-4da3-90bf-648d6c645ebe {{(pid=74316) get_metadata_by_instance_id /opt/stack/nova/nova/api/metadata/handler.py:84}}
Jul 29 17:08:22.953240 np0000031964 devstack@n-api-meta.service[74316]: [pid: 74316|app: 0|req: 10/18] 192.168.1.134 () {40 vars in 691 bytes} [Tue Jul 29 17:08:22 2025] GET /2009-04-04/meta-data/ami-launch-index => generated 1 bytes in 1 msecs (HTTP/1.1 200) 3 headers in 98 bytes (1 switches on core 0)
Jul 29 17:08:23.008646 np0000031964 devstack@n-api-meta.service[74315]: DEBUG nova.api.metadata.handler [None req-df8a0ce2-36fe-40b4-805d-98defd4f6ab5 None None] Metadata request headers: {'Host': '192.168.1.134:8775', 'User-Agent': 'python-requests/2.32.4', 'Accept-Encoding': 'gzip, deflate', 'Accept': '*/*', 'Connection': 'keep-alive', 'X-Forwarded-For': '10.1.0.11', 'X-Instance-Id': '071237f1-42ab-430a-8214-5d504aedf4e9', 'X-Tenant-Id': 'aecff76a29cb4be183e3365bf3aafc4e', 'X-Instance-Id-Signature': '23159354c5766d9a1e9f929652ea9b34b566bf6dab11a3c459899fd3cbf82f09'} {{(pid=74315) __call__ /opt/stack/nova/nova/api/metadata/handler.py:109}}
Jul 29 17:08:23.009655 np0000031964 devstack@n-api-meta.service[74315]: DEBUG nova.api.metadata.handler [None req-df8a0ce2-36fe-40b4-805d-98defd4f6ab5 None None] Using cached metadata for instance 071237f1-42ab-430a-8214-5d504aedf4e9 {{(pid=74315) get_metadata_by_instance_id /opt/stack/nova/nova/api/metadata/handler.py:84}}
Jul 29 17:08:23.009964 np0000031964 devstack@n-api-meta.service[74315]: [pid: 74315|app: 0|req: 9/19] 192.168.1.134 () {40 vars in 680 bytes} [Tue Jul 29 17:08:23 2025] GET /2009-04-04/meta-data/local-ipv4 => generated 9 bytes in 1 msecs (HTTP/1.1 200) 3 headers in 98 bytes (1 switches on core 0)
