Aug 08 15:04:02.827988 np0000032493 devstack@n-api-meta.service[74106]: DEBUG nova.api.openstack.wsgi_app [-] oslo_messaging_rabbit.rabbit_qos_prefetch_count = 0 {{(pid=74106) log_opt_values /opt/stack/data/venv/lib/python3.12/site-packages/oslo_config/cfg.py:2824}}
Aug 08 15:04:02.828065 np0000032493 devstack@n-api-meta.service[74106]: DEBUG nova.api.openstack.wsgi_app [-] oslo_messaging_rabbit.rabbit_quorum_delivery_limit = 0 {{(pid=74106) log_opt_values /opt/stack/data/venv/lib/python3.12/site-packages/oslo_config/cfg.py:2824}}
Aug 08 15:04:02.828149 np0000032493 devstack@n-api-meta.service[74106]: DEBUG nova.api.openstack.wsgi_app [-] oslo_messaging_rabbit.rabbit_quorum_max_memory_bytes = 0 {{(pid=74106) log_opt_values /opt/stack/data/venv/lib/python3.12/site-packages/oslo_config/cfg.py:2824}}
Aug 08 15:04:02.828227 np0000032493 devstack@n-api-meta.service[74106]: DEBUG nova.api.openstack.wsgi_app [-] oslo_messaging_rabbit.rabbit_quorum_max_memory_length = 0 {{(pid=74106) log_opt_values /opt/stack/data/venv/lib/python3.12/site-packages/oslo_config/cfg.py:2824}}
Aug 08 15:04:02.828305 np0000032493 devstack@n-api-meta.service[74106]: DEBUG nova.api.openstack.wsgi_app [-] oslo_messaging_rabbit.rabbit_quorum_queue = False {{(pid=74106) log_opt_values /opt/stack/data/venv/lib/python3.12/site-packages/oslo_config/cfg.py:2824}}
Aug 08 15:04:02.828384 np0000032493 devstack@n-api-meta.service[74106]: DEBUG nova.api.openstack.wsgi_app [-] oslo_messaging_rabbit.rabbit_retry_backoff = 2 {{(pid=74106) log_opt_values /opt/stack/data/venv/lib/python3.12/site-packages/oslo_config/cfg.py:2824}}
Aug 08 15:04:02.828463 np0000032493 devstack@n-api-meta.service[74106]: DEBUG nova.api.openstack.wsgi_app [-] oslo_messaging_rabbit.rabbit_retry_interval = 1 {{(pid=74106) log_opt_values /opt/stack/data/venv/lib/python3.12/site-packages/oslo_config/cfg.py:2824}}
Aug 08 15:04:02.828540 np0000032493 devstack@n-api-meta.service[74106]: DEBUG nova.api.openstack.wsgi_app [-] oslo_messaging_rabbit.rabbit_stream_fanout = False {{(pid=74106) log_opt_values /opt/stack/data/venv/lib/python3.12/site-packages/oslo_config/cfg.py:2824}}
Aug 08 15:04:02.828619 np0000032493 devstack@n-api-meta.service[74106]: DEBUG nova.api.openstack.wsgi_app [-] oslo_messaging_rabbit.rabbit_transient_queues_ttl = 1800 {{(pid=74106) log_opt_values /opt/stack/data/venv/lib/python3.12/site-packages/oslo_config/cfg.py:2824}}
Aug 08 15:04:02.828698 np0000032493 devstack@n-api-meta.service[74106]: DEBUG nova.api.openstack.wsgi_app [-] oslo_messaging_rabbit.rabbit_transient_quorum_queue = False {{(pid=74106) log_opt_values /opt/stack/data/venv/lib/python3.12/site-packages/oslo_config/cfg.py:2824}}
Aug 08 15:04:02.828776 np0000032493 devstack@n-api-meta.service[74106]: DEBUG nova.api.openstack.wsgi_app [-] oslo_messaging_rabbit.rpc_conn_pool_size = 30 {{(pid=74106) log_opt_values /opt/stack/data/venv/lib/python3.12/site-packages/oslo_config/cfg.py:2824}}
Aug 08 15:04:02.828855 np0000032493 devstack@n-api-meta.service[74106]: DEBUG nova.api.openstack.wsgi_app [-] oslo_messaging_rabbit.ssl      = False {{(pid=74106) log_opt_values /opt/stack/data/venv/lib/python3.12/site-packages/oslo_config/cfg.py:2824}}
Aug 08 15:04:02.829029 np0000032493 devstack@n-api-meta.service[74106]: DEBUG nova.api.openstack.wsgi_app [-] oslo_messaging_rabbit.ssl_ca_file =  {{(pid=74106) log_opt_values /opt/stack/data/venv/lib/python3.12/site-packages/oslo_config/cfg.py:2824}}
Aug 08 15:04:02.829052 np0000032493 devstack@n-api-meta.service[74106]: DEBUG nova.api.openstack.wsgi_app [-] oslo_messaging_rabbit.ssl_cert_file =  {{(pid=74106) log_opt_values /opt/stack/data/venv/lib/python3.12/site-packages/oslo_config/cfg.py:2824}}
Aug 08 15:04:02.829127 np0000032493 devstack@n-api-meta.service[74106]: DEBUG nova.api.openstack.wsgi_app [-] oslo_messaging_rabbit.ssl_enforce_fips_mode = False {{(pid=74106) log_opt_values /opt/stack/data/venv/lib/python3.12/site-packages/oslo_config/cfg.py:2824}}
Aug 08 15:04:02.829209 np0000032493 devstack@n-api-meta.service[74106]: DEBUG nova.api.openstack.wsgi_app [-] oslo_messaging_rabbit.ssl_key_file =  {{(pid=74106) log_opt_values /opt/stack/data/venv/lib/python3.12/site-packages/oslo_config/cfg.py:2824}}
Aug 08 15:04:02.829291 np0000032493 devstack@n-api-meta.service[74106]: DEBUG nova.api.openstack.wsgi_app [-] oslo_messaging_rabbit.ssl_version =  {{(pid=74106) log_opt_values /opt/stack/data/venv/lib/python3.12/site-packages/oslo_config/cfg.py:2824}}
Aug 08 15:04:02.829369 np0000032493 devstack@n-api-meta.service[74106]: DEBUG nova.api.openstack.wsgi_app [-] oslo_messaging_rabbit.use_queue_manager = False {{(pid=74106) log_opt_values /opt/stack/data/venv/lib/python3.12/site-packages/oslo_config/cfg.py:2824}}
Aug 08 15:04:02.829466 np0000032493 devstack@n-api-meta.service[74106]: DEBUG nova.api.openstack.wsgi_app [-] oslo_messaging_notifications.driver = ['messagingv2'] {{(pid=74106) log_opt_values /opt/stack/data/venv/lib/python3.12/site-packages/oslo_config/cfg.py:2824}}
Aug 08 15:04:02.829547 np0000032493 devstack@n-api-meta.service[74106]: DEBUG nova.api.openstack.wsgi_app [-] oslo_messaging_notifications.retry = -1 {{(pid=74106) log_opt_values /opt/stack/data/venv/lib/python3.12/site-packages/oslo_config/cfg.py:2824}}
Aug 08 15:04:02.829635 np0000032493 devstack@n-api-meta.service[74106]: DEBUG nova.api.openstack.wsgi_app [-] oslo_messaging_notifications.topics = ['notifications'] {{(pid=74106) log_opt_values /opt/stack/data/venv/lib/python3.12/site-packages/oslo_config/cfg.py:2824}}
Aug 08 15:04:02.829719 np0000032493 devstack@n-api-meta.service[74106]: DEBUG nova.api.openstack.wsgi_app [-] oslo_messaging_notifications.transport_url = **** {{(pid=74106) log_opt_values /opt/stack/data/venv/lib/python3.12/site-packages/oslo_config/cfg.py:2824}}
Aug 08 15:04:02.829802 np0000032493 devstack@n-api-meta.service[74106]: DEBUG nova.api.openstack.wsgi_app [-] oslo_reports.file_event_handler = None {{(pid=74106) log_opt_values /opt/stack/data/venv/lib/python3.12/site-packages/oslo_config/cfg.py:2824}}
Aug 08 15:04:02.829882 np0000032493 devstack@n-api-meta.service[74106]: DEBUG nova.api.openstack.wsgi_app [-] oslo_reports.file_event_handler_interval = 1 {{(pid=74106) log_opt_values /opt/stack/data/venv/lib/python3.12/site-packages/oslo_config/cfg.py:2824}}
Aug 08 15:04:02.829970 np0000032493 devstack@n-api-meta.service[74106]: DEBUG nova.api.openstack.wsgi_app [-] oslo_reports.log_dir           = None {{(pid=74106) log_opt_values /opt/stack/data/venv/lib/python3.12/site-packages/oslo_config/cfg.py:2824}}
Aug 08 15:04:02.830035 np0000032493 devstack@n-api-meta.service[74106]: DEBUG nova.api.openstack.wsgi_app [-] ******************************************************************************** {{(pid=74106) log_opt_values /opt/stack/data/venv/lib/python3.12/site-packages/oslo_config/cfg.py:2828}}
Aug 08 15:04:02.846337 np0000032493 devstack@n-api-meta.service[74105]: DEBUG dbcounter [-] [74105] Writer thread running {{(pid=74105) stat_writer /opt/stack/data/venv/lib/python3.12/site-packages/dbcounter.py:102}}
Aug 08 15:04:02.848182 np0000032493 devstack@n-api-meta.service[74105]: DEBUG nova.context [None req-76da3571-3bfe-4585-86ff-9906f688aa17 None None] Found 2 cells: 00000000-0000-0000-0000-000000000000(cell0),fc70ca33-b19c-4f9c-b781-c57c1ef91b00(cell1) {{(pid=74105) load_cells /opt/stack/nova/nova/context.py:472}}
Aug 08 15:04:02.848394 np0000032493 devstack@n-api-meta.service[74105]: INFO nova.utils [None req-76da3571-3bfe-4585-86ff-9906f688aa17 None None] The cell worker thread pool MainProcess.cell_worker is initialized
Aug 08 15:04:02.849874 np0000032493 devstack@n-api-meta.service[74105]: DEBUG oslo_concurrency.lockutils [None req-76da3571-3bfe-4585-86ff-9906f688aa17 None None] Acquiring lock "00000000-0000-0000-0000-000000000000" by "nova.context.set_target_cell.<locals>.get_or_set_cached_cell_and_set_connections" {{(pid=74105) inner /opt/stack/data/venv/lib/python3.12/site-packages/oslo_concurrency/lockutils.py:405}}
Aug 08 15:04:02.850051 np0000032493 devstack@n-api-meta.service[74105]: DEBUG oslo_concurrency.lockutils [None req-76da3571-3bfe-4585-86ff-9906f688aa17 None None] Lock "00000000-0000-0000-0000-000000000000" acquired by "nova.context.set_target_cell.<locals>.get_or_set_cached_cell_and_set_connections" :: waited 0.000s {{(pid=74105) inner /opt/stack/data/venv/lib/python3.12/site-packages/oslo_concurrency/lockutils.py:410}}
Aug 08 15:04:02.850388 np0000032493 devstack@n-api-meta.service[74105]: DEBUG oslo_concurrency.lockutils [None req-76da3571-3bfe-4585-86ff-9906f688aa17 None None] Lock "00000000-0000-0000-0000-000000000000" "released" by "nova.context.set_target_cell.<locals>.get_or_set_cached_cell_and_set_connections" :: held 0.000s {{(pid=74105) inner /opt/stack/data/venv/lib/python3.12/site-packages/oslo_concurrency/lockutils.py:424}}
Aug 08 15:04:02.850710 np0000032493 devstack@n-api-meta.service[74105]: DEBUG oslo_concurrency.lockutils [None req-76da3571-3bfe-4585-86ff-9906f688aa17 None None] Acquiring lock "fc70ca33-b19c-4f9c-b781-c57c1ef91b00" by "nova.context.set_target_cell.<locals>.get_or_set_cached_cell_and_set_connections" {{(pid=74105) inner /opt/stack/data/venv/lib/python3.12/site-packages/oslo_concurrency/lockutils.py:405}}
Aug 08 15:04:02.850836 np0000032493 devstack@n-api-meta.service[74105]: DEBUG oslo_concurrency.lockutils [None req-76da3571-3bfe-4585-86ff-9906f688aa17 None None] Lock "fc70ca33-b19c-4f9c-b781-c57c1ef91b00" acquired by "nova.context.set_target_cell.<locals>.get_or_set_cached_cell_and_set_connections" :: waited 0.000s {{(pid=74105) inner /opt/stack/data/venv/lib/python3.12/site-packages/oslo_concurrency/lockutils.py:410}}
Aug 08 15:04:02.851550 np0000032493 devstack@n-api-meta.service[74105]: DEBUG oslo_concurrency.lockutils [None req-76da3571-3bfe-4585-86ff-9906f688aa17 None None] Lock "fc70ca33-b19c-4f9c-b781-c57c1ef91b00" "released" by "nova.context.set_target_cell.<locals>.get_or_set_cached_cell_and_set_connections" :: held 0.001s {{(pid=74105) inner /opt/stack/data/venv/lib/python3.12/site-packages/oslo_concurrency/lockutils.py:424}}
Aug 08 15:04:02.852693 np0000032493 devstack@n-api-meta.service[74105]: INFO dbcounter [None req-76da3571-3bfe-4585-86ff-9906f688aa17 None None] Registered counter for database nova_cell0
Aug 08 15:04:02.854620 np0000032493 devstack@n-api-meta.service[74105]: INFO dbcounter [None req-76da3571-3bfe-4585-86ff-9906f688aa17 None None] Registered counter for database nova_cell1
Aug 08 15:04:02.858743 np0000032493 devstack@n-api-meta.service[74105]: DEBUG oslo_db.sqlalchemy.engines [None req-76da3571-3bfe-4585-86ff-9906f688aa17 None None] MySQL server mode set to STRICT_TRANS_TABLES,STRICT_ALL_TABLES,NO_ZERO_IN_DATE,NO_ZERO_DATE,ERROR_FOR_DIVISION_BY_ZERO,TRADITIONAL,NO_ENGINE_SUBSTITUTION {{(pid=74105) _check_effective_sql_mode /opt/stack/data/venv/lib/python3.12/site-packages/oslo_db/sqlalchemy/engines.py:397}}
Aug 08 15:04:02.859364 np0000032493 devstack@n-api-meta.service[74106]: INFO dbcounter [None req-fe61ac93-7cc6-491c-b96d-019f5fe06f14 None None] Registered counter for database nova_api
Aug 08 15:04:02.869703 np0000032493 devstack@n-api-meta.service[74106]: DEBUG oslo_db.sqlalchemy.engines [None req-fe61ac93-7cc6-491c-b96d-019f5fe06f14 None None] MySQL server mode set to STRICT_TRANS_TABLES,STRICT_ALL_TABLES,NO_ZERO_IN_DATE,NO_ZERO_DATE,ERROR_FOR_DIVISION_BY_ZERO,TRADITIONAL,NO_ENGINE_SUBSTITUTION {{(pid=74106) _check_effective_sql_mode /opt/stack/data/venv/lib/python3.12/site-packages/oslo_db/sqlalchemy/engines.py:397}}
Aug 08 15:04:02.893906 np0000032493 devstack@n-api-meta.service[74106]: DEBUG dbcounter [-] [74106] Writer thread running {{(pid=74106) stat_writer /opt/stack/data/venv/lib/python3.12/site-packages/dbcounter.py:102}}
Aug 08 15:04:02.895587 np0000032493 devstack@n-api-meta.service[74106]: DEBUG nova.context [None req-fe61ac93-7cc6-491c-b96d-019f5fe06f14 None None] Found 2 cells: 00000000-0000-0000-0000-000000000000(cell0),fc70ca33-b19c-4f9c-b781-c57c1ef91b00(cell1) {{(pid=74106) load_cells /opt/stack/nova/nova/context.py:472}}
Aug 08 15:04:02.895774 np0000032493 devstack@n-api-meta.service[74106]: INFO nova.utils [None req-fe61ac93-7cc6-491c-b96d-019f5fe06f14 None None] The cell worker thread pool MainProcess.cell_worker is initialized
Aug 08 15:04:02.897225 np0000032493 devstack@n-api-meta.service[74106]: DEBUG oslo_concurrency.lockutils [None req-fe61ac93-7cc6-491c-b96d-019f5fe06f14 None None] Acquiring lock "00000000-0000-0000-0000-000000000000" by "nova.context.set_target_cell.<locals>.get_or_set_cached_cell_and_set_connections" {{(pid=74106) inner /opt/stack/data/venv/lib/python3.12/site-packages/oslo_concurrency/lockutils.py:405}}
Aug 08 15:04:02.897386 np0000032493 devstack@n-api-meta.service[74106]: DEBUG oslo_concurrency.lockutils [None req-fe61ac93-7cc6-491c-b96d-019f5fe06f14 None None] Lock "00000000-0000-0000-0000-000000000000" acquired by "nova.context.set_target_cell.<locals>.get_or_set_cached_cell_and_set_connections" :: waited 0.000s {{(pid=74106) inner /opt/stack/data/venv/lib/python3.12/site-packages/oslo_concurrency/lockutils.py:410}}
Aug 08 15:04:02.897701 np0000032493 devstack@n-api-meta.service[74106]: DEBUG oslo_concurrency.lockutils [None req-fe61ac93-7cc6-491c-b96d-019f5fe06f14 None None] Lock "00000000-0000-0000-0000-000000000000" "released" by "nova.context.set_target_cell.<locals>.get_or_set_cached_cell_and_set_connections" :: held 0.000s {{(pid=74106) inner /opt/stack/data/venv/lib/python3.12/site-packages/oslo_concurrency/lockutils.py:424}}
Aug 08 15:04:02.898028 np0000032493 devstack@n-api-meta.service[74106]: DEBUG oslo_concurrency.lockutils [None req-fe61ac93-7cc6-491c-b96d-019f5fe06f14 None None] Acquiring lock "fc70ca33-b19c-4f9c-b781-c57c1ef91b00" by "nova.context.set_target_cell.<locals>.get_or_set_cached_cell_and_set_connections" {{(pid=74106) inner /opt/stack/data/venv/lib/python3.12/site-packages/oslo_concurrency/lockutils.py:405}}
Aug 08 15:04:02.898161 np0000032493 devstack@n-api-meta.service[74106]: DEBUG oslo_concurrency.lockutils [None req-fe61ac93-7cc6-491c-b96d-019f5fe06f14 None None] Lock "fc70ca33-b19c-4f9c-b781-c57c1ef91b00" acquired by "nova.context.set_target_cell.<locals>.get_or_set_cached_cell_and_set_connections" :: waited 0.000s {{(pid=74106) inner /opt/stack/data/venv/lib/python3.12/site-packages/oslo_concurrency/lockutils.py:410}}
Aug 08 15:04:02.898839 np0000032493 devstack@n-api-meta.service[74106]: DEBUG oslo_concurrency.lockutils [None req-fe61ac93-7cc6-491c-b96d-019f5fe06f14 None None] Lock "fc70ca33-b19c-4f9c-b781-c57c1ef91b00" "released" by "nova.context.set_target_cell.<locals>.get_or_set_cached_cell_and_set_connections" :: held 0.001s {{(pid=74106) inner /opt/stack/data/venv/lib/python3.12/site-packages/oslo_concurrency/lockutils.py:424}}
Aug 08 15:04:02.899958 np0000032493 devstack@n-api-meta.service[74106]: INFO dbcounter [None req-fe61ac93-7cc6-491c-b96d-019f5fe06f14 None None] Registered counter for database nova_cell0
Aug 08 15:04:02.901906 np0000032493 devstack@n-api-meta.service[74106]: INFO dbcounter [None req-fe61ac93-7cc6-491c-b96d-019f5fe06f14 None None] Registered counter for database nova_cell1
Aug 08 15:04:02.906008 np0000032493 devstack@n-api-meta.service[74106]: DEBUG oslo_db.sqlalchemy.engines [None req-fe61ac93-7cc6-491c-b96d-019f5fe06f14 None None] MySQL server mode set to STRICT_TRANS_TABLES,STRICT_ALL_TABLES,NO_ZERO_IN_DATE,NO_ZERO_DATE,ERROR_FOR_DIVISION_BY_ZERO,TRADITIONAL,NO_ENGINE_SUBSTITUTION {{(pid=74106) _check_effective_sql_mode /opt/stack/data/venv/lib/python3.12/site-packages/oslo_db/sqlalchemy/engines.py:397}}
Aug 08 15:04:02.919966 np0000032493 devstack@n-api-meta.service[74105]: DEBUG oslo_db.sqlalchemy.engines [None req-76da3571-3bfe-4585-86ff-9906f688aa17 None None] MySQL server mode set to STRICT_TRANS_TABLES,STRICT_ALL_TABLES,NO_ZERO_IN_DATE,NO_ZERO_DATE,ERROR_FOR_DIVISION_BY_ZERO,TRADITIONAL,NO_ENGINE_SUBSTITUTION {{(pid=74105) _check_effective_sql_mode /opt/stack/data/venv/lib/python3.12/site-packages/oslo_db/sqlalchemy/engines.py:397}}
Aug 08 15:04:02.920329 np0000032493 devstack@n-api-meta.service[74105]: DEBUG dbcounter [-] [74105] Writer thread running {{(pid=74105) stat_writer /opt/stack/data/venv/lib/python3.12/site-packages/dbcounter.py:102}}
Aug 08 15:04:02.923876 np0000032493 devstack@n-api-meta.service[74105]: DEBUG dbcounter [-] [74105] Writer thread running {{(pid=74105) stat_writer /opt/stack/data/venv/lib/python3.12/site-packages/dbcounter.py:102}}
Aug 08 15:04:02.925736 np0000032493 devstack@n-api-meta.service[74105]: INFO dbcounter [None req-76da3571-3bfe-4585-86ff-9906f688aa17 None None] Registered counter for database nova_cell0
Aug 08 15:04:02.929735 np0000032493 devstack@n-api-meta.service[74105]: DEBUG oslo_db.sqlalchemy.engines [None req-76da3571-3bfe-4585-86ff-9906f688aa17 None None] MySQL server mode set to STRICT_TRANS_TABLES,STRICT_ALL_TABLES,NO_ZERO_IN_DATE,NO_ZERO_DATE,ERROR_FOR_DIVISION_BY_ZERO,TRADITIONAL,NO_ENGINE_SUBSTITUTION {{(pid=74105) _check_effective_sql_mode /opt/stack/data/venv/lib/python3.12/site-packages/oslo_db/sqlalchemy/engines.py:397}}
Aug 08 15:04:02.933339 np0000032493 devstack@n-api-meta.service[74105]: DEBUG dbcounter [-] [74105] Writer thread running {{(pid=74105) stat_writer /opt/stack/data/venv/lib/python3.12/site-packages/dbcounter.py:102}}
Aug 08 15:04:02.962703 np0000032493 devstack@n-api-meta.service[74105]: WARNING nova.api.metadata.handler [None req-76da3571-3bfe-4585-86ff-9906f688aa17 None None] metadata_proxy_shared_secret is not configured, the metadata information returned by the proxy cannot be trusted
Aug 08 15:04:02.964381 np0000032493 devstack@n-api-meta.service[74105]: WSGI app 0 (mountpoint='') ready in 1 seconds on interpreter 0x762b4c0a39e8 pid: 74105 (default app)
Aug 08 15:04:02.968256 np0000032493 devstack@n-api-meta.service[74106]: DEBUG oslo_db.sqlalchemy.engines [None req-fe61ac93-7cc6-491c-b96d-019f5fe06f14 None None] MySQL server mode set to STRICT_TRANS_TABLES,STRICT_ALL_TABLES,NO_ZERO_IN_DATE,NO_ZERO_DATE,ERROR_FOR_DIVISION_BY_ZERO,TRADITIONAL,NO_ENGINE_SUBSTITUTION {{(pid=74106) _check_effective_sql_mode /opt/stack/data/venv/lib/python3.12/site-packages/oslo_db/sqlalchemy/engines.py:397}}
Aug 08 15:04:02.968618 np0000032493 devstack@n-api-meta.service[74106]: DEBUG dbcounter [-] [74106] Writer thread running {{(pid=74106) stat_writer /opt/stack/data/venv/lib/python3.12/site-packages/dbcounter.py:102}}
Aug 08 15:04:02.972403 np0000032493 devstack@n-api-meta.service[74106]: DEBUG dbcounter [-] [74106] Writer thread running {{(pid=74106) stat_writer /opt/stack/data/venv/lib/python3.12/site-packages/dbcounter.py:102}}
Aug 08 15:04:02.974442 np0000032493 devstack@n-api-meta.service[74106]: INFO dbcounter [None req-fe61ac93-7cc6-491c-b96d-019f5fe06f14 None None] Registered counter for database nova_cell0
Aug 08 15:04:02.977627 np0000032493 devstack@n-api-meta.service[74106]: DEBUG oslo_db.sqlalchemy.engines [None req-fe61ac93-7cc6-491c-b96d-019f5fe06f14 None None] MySQL server mode set to STRICT_TRANS_TABLES,STRICT_ALL_TABLES,NO_ZERO_IN_DATE,NO_ZERO_DATE,ERROR_FOR_DIVISION_BY_ZERO,TRADITIONAL,NO_ENGINE_SUBSTITUTION {{(pid=74106) _check_effective_sql_mode /opt/stack/data/venv/lib/python3.12/site-packages/oslo_db/sqlalchemy/engines.py:397}}
Aug 08 15:04:02.981443 np0000032493 devstack@n-api-meta.service[74106]: DEBUG dbcounter [-] [74106] Writer thread running {{(pid=74106) stat_writer /opt/stack/data/venv/lib/python3.12/site-packages/dbcounter.py:102}}
Aug 08 15:04:03.001998 np0000032493 devstack@n-api-meta.service[74106]: WARNING nova.api.metadata.handler [None req-fe61ac93-7cc6-491c-b96d-019f5fe06f14 None None] metadata_proxy_shared_secret is not configured, the metadata information returned by the proxy cannot be trusted
Aug 08 15:04:03.003647 np0000032493 devstack@n-api-meta.service[74106]: WSGI app 0 (mountpoint='') ready in 2 seconds on interpreter 0x762b4c0a39e8 pid: 74106 (default app)
Aug 08 15:06:46.381837 np0000032493 devstack@n-api-meta.service[74105]: DEBUG nova.api.metadata.handler [None req-76da3571-3bfe-4585-86ff-9906f688aa17 None None] Metadata request headers: {'Host': '192.168.1.137:8775', 'User-Agent': 'python-requests/2.32.4', 'Accept-Encoding': 'gzip, deflate', 'Accept': '*/*', 'Connection': 'keep-alive', 'X-Forwarded-For': '10.1.0.6', 'X-Instance-Id': '321de3ab-9485-48f7-9a17-a4b4680857df', 'X-Tenant-Id': '2e0a4fa39fdf479d8bae9f62d2de2752', 'X-Instance-Id-Signature': 'dafd62e21dc3e628b36d369bec1eefd79768b0904bedd1101fd3098291c55ada'} {{(pid=74105) __call__ /opt/stack/nova/nova/api/metadata/handler.py:109}}
Aug 08 15:06:46.387037 np0000032493 devstack@n-api-meta.service[74105]: DEBUG dbcounter [-] [74105] Writing DB stats nova_api:SELECT=1 {{(pid=74105) stat_writer /opt/stack/data/venv/lib/python3.12/site-packages/dbcounter.py:115}}
Aug 08 15:06:46.387663 np0000032493 devstack@n-api-meta.service[74105]: DEBUG dbcounter [-] [74105] Writing DB stats nova_cell0:SELECT=1 {{(pid=74105) stat_writer /opt/stack/data/venv/lib/python3.12/site-packages/dbcounter.py:115}}
Aug 08 15:06:46.388379 np0000032493 devstack@n-api-meta.service[74105]: DEBUG dbcounter [-] [74105] Writing DB stats nova_cell1:SELECT=1 {{(pid=74105) stat_writer /opt/stack/data/venv/lib/python3.12/site-packages/dbcounter.py:115}}
Aug 08 15:06:46.388697 np0000032493 devstack@n-api-meta.service[74105]: DEBUG dbcounter [-] [74105] Writing DB stats nova_cell0:SELECT=2,nova_cell0:INSERT=1 {{(pid=74105) stat_writer /opt/stack/data/venv/lib/python3.12/site-packages/dbcounter.py:115}}
Aug 08 15:06:46.398246 np0000032493 devstack@n-api-meta.service[74105]: DEBUG oslo_concurrency.lockutils [None req-055d4b6c-1c11-43db-bcec-46a50c118d40 None None] Acquiring lock "fc70ca33-b19c-4f9c-b781-c57c1ef91b00" by "nova.context.set_target_cell.<locals>.get_or_set_cached_cell_and_set_connections" {{(pid=74105) inner /opt/stack/data/venv/lib/python3.12/site-packages/oslo_concurrency/lockutils.py:405}}
Aug 08 15:06:46.398464 np0000032493 devstack@n-api-meta.service[74105]: DEBUG oslo_concurrency.lockutils [None req-055d4b6c-1c11-43db-bcec-46a50c118d40 None None] Lock "fc70ca33-b19c-4f9c-b781-c57c1ef91b00" acquired by "nova.context.set_target_cell.<locals>.get_or_set_cached_cell_and_set_connections" :: waited 0.000s {{(pid=74105) inner /opt/stack/data/venv/lib/python3.12/site-packages/oslo_concurrency/lockutils.py:410}}
Aug 08 15:06:46.398651 np0000032493 devstack@n-api-meta.service[74105]: DEBUG oslo_concurrency.lockutils [None req-055d4b6c-1c11-43db-bcec-46a50c118d40 None None] Lock "fc70ca33-b19c-4f9c-b781-c57c1ef91b00" "released" by "nova.context.set_target_cell.<locals>.get_or_set_cached_cell_and_set_connections" :: held 0.000s {{(pid=74105) inner /opt/stack/data/venv/lib/python3.12/site-packages/oslo_concurrency/lockutils.py:424}}
Aug 08 15:06:46.547447 np0000032493 devstack@n-api-meta.service[74105]: WARNING neutronclient.v2_0.client [None req-055d4b6c-1c11-43db-bcec-46a50c118d40 None None] The python binding code in neutronclient is deprecated in favor of OpenstackSDK, please use that as this will be removed in a future release.
Aug 08 15:06:46.781813 np0000032493 devstack@n-api-meta.service[74105]: [pid: 74105|app: 0|req: 1/1] 192.168.1.137 () {40 vars in 681 bytes} [Fri Aug  8 15:06:46 2025] GET /2009-04-04/meta-data/instance-id => generated 10 bytes in 402 msecs (HTTP/1.1 200) 3 headers in 99 bytes (1 switches on core 0)
Aug 08 15:06:46.949947 np0000032493 devstack@n-api-meta.service[74106]: DEBUG nova.api.metadata.handler [None req-fe61ac93-7cc6-491c-b96d-019f5fe06f14 None None] Metadata request headers: {'Host': '192.168.1.137:8775', 'User-Agent': 'python-requests/2.32.4', 'Accept-Encoding': 'gzip, deflate', 'Accept': '*/*', 'Connection': 'keep-alive', 'X-Forwarded-For': '10.1.0.6', 'X-Instance-Id': '321de3ab-9485-48f7-9a17-a4b4680857df', 'X-Tenant-Id': '2e0a4fa39fdf479d8bae9f62d2de2752', 'X-Instance-Id-Signature': 'dafd62e21dc3e628b36d369bec1eefd79768b0904bedd1101fd3098291c55ada'} {{(pid=74106) __call__ /opt/stack/nova/nova/api/metadata/handler.py:109}}
Aug 08 15:06:46.951906 np0000032493 devstack@n-api-meta.service[74106]: DEBUG dbcounter [-] [74106] Writing DB stats nova_api:SELECT=1 {{(pid=74106) stat_writer /opt/stack/data/venv/lib/python3.12/site-packages/dbcounter.py:115}}
Aug 08 15:06:46.952582 np0000032493 devstack@n-api-meta.service[74106]: DEBUG dbcounter [-] [74106] Writing DB stats nova_cell0:SELECT=1 {{(pid=74106) stat_writer /opt/stack/data/venv/lib/python3.12/site-packages/dbcounter.py:115}}
Aug 08 15:06:46.953068 np0000032493 devstack@n-api-meta.service[74106]: DEBUG dbcounter [-] [74106] Writing DB stats nova_cell1:SELECT=1 {{(pid=74106) stat_writer /opt/stack/data/venv/lib/python3.12/site-packages/dbcounter.py:115}}
Aug 08 15:06:46.953406 np0000032493 devstack@n-api-meta.service[74106]: DEBUG dbcounter [-] [74106] Writing DB stats nova_cell0:SELECT=1 {{(pid=74106) stat_writer /opt/stack/data/venv/lib/python3.12/site-packages/dbcounter.py:115}}
Aug 08 15:06:46.955769 np0000032493 devstack@n-api-meta.service[74106]: DEBUG nova.api.metadata.handler [None req-fe61ac93-7cc6-491c-b96d-019f5fe06f14 None None] Using cached metadata for instance 321de3ab-9485-48f7-9a17-a4b4680857df {{(pid=74106) get_metadata_by_instance_id /opt/stack/nova/nova/api/metadata/handler.py:84}}
Aug 08 15:06:46.956227 np0000032493 devstack@n-api-meta.service[74106]: [pid: 74106|app: 0|req: 1/2] 192.168.1.137 () {40 vars in 681 bytes} [Fri Aug  8 15:06:46 2025] GET /2009-04-04/meta-data/public-keys => generated 28 bytes in 7 msecs (HTTP/1.1 200) 3 headers in 99 bytes (1 switches on core 0)
Aug 08 15:06:47.060291 np0000032493 devstack@n-api-meta.service[74105]: DEBUG nova.api.metadata.handler [None req-055d4b6c-1c11-43db-bcec-46a50c118d40 None None] Metadata request headers: {'Host': '192.168.1.137:8775', 'User-Agent': 'python-requests/2.32.4', 'Accept-Encoding': 'gzip, deflate', 'Accept': '*/*', 'Connection': 'keep-alive', 'X-Forwarded-For': '10.1.0.6', 'X-Instance-Id': '321de3ab-9485-48f7-9a17-a4b4680857df', 'X-Tenant-Id': '2e0a4fa39fdf479d8bae9f62d2de2752', 'X-Instance-Id-Signature': 'dafd62e21dc3e628b36d369bec1eefd79768b0904bedd1101fd3098291c55ada'} {{(pid=74105) __call__ /opt/stack/nova/nova/api/metadata/handler.py:109}}
Aug 08 15:06:47.062164 np0000032493 devstack@n-api-meta.service[74105]: DEBUG nova.api.metadata.handler [None req-055d4b6c-1c11-43db-bcec-46a50c118d40 None None] Using cached metadata for instance 321de3ab-9485-48f7-9a17-a4b4680857df {{(pid=74105) get_metadata_by_instance_id /opt/stack/nova/nova/api/metadata/handler.py:84}}
Aug 08 15:06:47.062498 np0000032493 devstack@n-api-meta.service[74105]: [pid: 74105|app: 0|req: 2/3] 192.168.1.137 () {40 vars in 709 bytes} [Fri Aug  8 15:06:47 2025] GET /2009-04-04/meta-data/public-keys/0/openssh-key => generated 204 bytes in 2 msecs (HTTP/1.1 200) 3 headers in 100 bytes (1 switches on core 0)
Aug 08 15:06:47.185601 np0000032493 devstack@n-api-meta.service[74106]: DEBUG nova.api.metadata.handler [None req-fe61ac93-7cc6-491c-b96d-019f5fe06f14 None None] Metadata request headers: {'Host': '192.168.1.137:8775', 'User-Agent': 'python-requests/2.32.4', 'Accept-Encoding': 'gzip, deflate', 'Accept': '*/*', 'Connection': 'keep-alive', 'X-Forwarded-For': '10.1.0.6', 'X-Instance-Id': '321de3ab-9485-48f7-9a17-a4b4680857df', 'X-Tenant-Id': '2e0a4fa39fdf479d8bae9f62d2de2752', 'X-Instance-Id-Signature': 'dafd62e21dc3e628b36d369bec1eefd79768b0904bedd1101fd3098291c55ada'} {{(pid=74106) __call__ /opt/stack/nova/nova/api/metadata/handler.py:109}}
Aug 08 15:06:47.186907 np0000032493 devstack@n-api-meta.service[74106]: DEBUG nova.api.metadata.handler [None req-fe61ac93-7cc6-491c-b96d-019f5fe06f14 None None] Using cached metadata for instance 321de3ab-9485-48f7-9a17-a4b4680857df {{(pid=74106) get_metadata_by_instance_id /opt/stack/nova/nova/api/metadata/handler.py:84}}
Aug 08 15:06:47.187263 np0000032493 devstack@n-api-meta.service[74106]: [pid: 74106|app: 0|req: 2/4] 192.168.1.137 () {40 vars in 681 bytes} [Fri Aug  8 15:06:47 2025] GET /2009-04-04/meta-data/instance-id => generated 10 bytes in 2 msecs (HTTP/1.1 200) 3 headers in 99 bytes (1 switches on core 0)
Aug 08 15:06:47.308479 np0000032493 devstack@n-api-meta.service[74105]: DEBUG nova.api.metadata.handler [None req-055d4b6c-1c11-43db-bcec-46a50c118d40 None None] Metadata request headers: {'Host': '192.168.1.137:8775', 'User-Agent': 'python-requests/2.32.4', 'Accept-Encoding': 'gzip, deflate', 'Accept': '*/*', 'Connection': 'keep-alive', 'X-Forwarded-For': '10.1.0.6', 'X-Instance-Id': '321de3ab-9485-48f7-9a17-a4b4680857df', 'X-Tenant-Id': '2e0a4fa39fdf479d8bae9f62d2de2752', 'X-Instance-Id-Signature': 'dafd62e21dc3e628b36d369bec1eefd79768b0904bedd1101fd3098291c55ada'} {{(pid=74105) __call__ /opt/stack/nova/nova/api/metadata/handler.py:109}}
Aug 08 15:06:47.309556 np0000032493 devstack@n-api-meta.service[74105]: DEBUG nova.api.metadata.handler [None req-055d4b6c-1c11-43db-bcec-46a50c118d40 None None] Using cached metadata for instance 321de3ab-9485-48f7-9a17-a4b4680857df {{(pid=74105) get_metadata_by_instance_id /opt/stack/nova/nova/api/metadata/handler.py:84}}
Aug 08 15:06:47.309868 np0000032493 devstack@n-api-meta.service[74105]: [pid: 74105|app: 0|req: 3/5] 192.168.1.137 () {40 vars in 691 bytes} [Fri Aug  8 15:06:47 2025] GET /2009-04-04/meta-data/ami-launch-index => generated 1 bytes in 1 msecs (HTTP/1.1 200) 3 headers in 98 bytes (1 switches on core 0)
Aug 08 15:06:47.429242 np0000032493 devstack@n-api-meta.service[74106]: DEBUG nova.api.metadata.handler [None req-fe61ac93-7cc6-491c-b96d-019f5fe06f14 None None] Metadata request headers: {'Host': '192.168.1.137:8775', 'User-Agent': 'python-requests/2.32.4', 'Accept-Encoding': 'gzip, deflate', 'Accept': '*/*', 'Connection': 'keep-alive', 'X-Forwarded-For': '10.1.0.6', 'X-Instance-Id': '321de3ab-9485-48f7-9a17-a4b4680857df', 'X-Tenant-Id': '2e0a4fa39fdf479d8bae9f62d2de2752', 'X-Instance-Id-Signature': 'dafd62e21dc3e628b36d369bec1eefd79768b0904bedd1101fd3098291c55ada'} {{(pid=74106) __call__ /opt/stack/nova/nova/api/metadata/handler.py:109}}
Aug 08 15:06:47.430474 np0000032493 devstack@n-api-meta.service[74106]: DEBUG nova.api.metadata.handler [None req-fe61ac93-7cc6-491c-b96d-019f5fe06f14 None None] Using cached metadata for instance 321de3ab-9485-48f7-9a17-a4b4680857df {{(pid=74106) get_metadata_by_instance_id /opt/stack/nova/nova/api/metadata/handler.py:84}}
Aug 08 15:06:47.430782 np0000032493 devstack@n-api-meta.service[74106]: [pid: 74106|app: 0|req: 3/6] 192.168.1.137 () {40 vars in 685 bytes} [Fri Aug  8 15:06:47 2025] GET /2009-04-04/meta-data/instance-type => generated 7 bytes in 2 msecs (HTTP/1.1 200) 3 headers in 98 bytes (1 switches on core 0)
Aug 08 15:06:47.547302 np0000032493 devstack@n-api-meta.service[74105]: DEBUG nova.api.metadata.handler [None req-055d4b6c-1c11-43db-bcec-46a50c118d40 None None] Metadata request headers: {'Host': '192.168.1.137:8775', 'User-Agent': 'python-requests/2.32.4', 'Accept-Encoding': 'gzip, deflate', 'Accept': '*/*', 'Connection': 'keep-alive', 'X-Forwarded-For': '10.1.0.6', 'X-Instance-Id': '321de3ab-9485-48f7-9a17-a4b4680857df', 'X-Tenant-Id': '2e0a4fa39fdf479d8bae9f62d2de2752', 'X-Instance-Id-Signature': 'dafd62e21dc3e628b36d369bec1eefd79768b0904bedd1101fd3098291c55ada'} {{(pid=74105) __call__ /opt/stack/nova/nova/api/metadata/handler.py:109}}
Aug 08 15:06:47.548369 np0000032493 devstack@n-api-meta.service[74105]: DEBUG nova.api.metadata.handler [None req-055d4b6c-1c11-43db-bcec-46a50c118d40 None None] Using cached metadata for instance 321de3ab-9485-48f7-9a17-a4b4680857df {{(pid=74105) get_metadata_by_instance_id /opt/stack/nova/nova/api/metadata/handler.py:84}}
Aug 08 15:06:47.548674 np0000032493 devstack@n-api-meta.service[74105]: [pid: 74105|app: 0|req: 4/7] 192.168.1.137 () {40 vars in 679 bytes} [Fri Aug  8 15:06:47 2025] GET /2009-04-04/meta-data/local-ipv4 => generated 8 bytes in 1 msecs (HTTP/1.1 200) 3 headers in 98 bytes (1 switches on core 0)
Aug 08 15:06:47.776430 np0000032493 devstack@n-api-meta.service[74106]: DEBUG nova.api.metadata.handler [None req-fe61ac93-7cc6-491c-b96d-019f5fe06f14 None None] Metadata request headers: {'Host': '192.168.1.137:8775', 'User-Agent': 'python-requests/2.32.4', 'Accept-Encoding': 'gzip, deflate', 'Accept': '*/*', 'Connection': 'keep-alive', 'X-Forwarded-For': '10.1.0.6', 'X-Instance-Id': '321de3ab-9485-48f7-9a17-a4b4680857df', 'X-Tenant-Id': '2e0a4fa39fdf479d8bae9f62d2de2752', 'X-Instance-Id-Signature': 'dafd62e21dc3e628b36d369bec1eefd79768b0904bedd1101fd3098291c55ada'} {{(pid=74106) __call__ /opt/stack/nova/nova/api/metadata/handler.py:109}}
Aug 08 15:06:47.777601 np0000032493 devstack@n-api-meta.service[74106]: DEBUG nova.api.metadata.handler [None req-fe61ac93-7cc6-491c-b96d-019f5fe06f14 None None] Using cached metadata for instance 321de3ab-9485-48f7-9a17-a4b4680857df {{(pid=74106) get_metadata_by_instance_id /opt/stack/nova/nova/api/metadata/handler.py:84}}
Aug 08 15:06:47.777906 np0000032493 devstack@n-api-meta.service[74106]: [pid: 74106|app: 0|req: 4/8] 192.168.1.137 () {40 vars in 681 bytes} [Fri Aug  8 15:06:47 2025] GET /2009-04-04/meta-data/public-ipv4 => generated 11 bytes in 2 msecs (HTTP/1.1 200) 3 headers in 99 bytes (1 switches on core 0)
Aug 08 15:06:48.042305 np0000032493 devstack@n-api-meta.service[74105]: DEBUG nova.api.metadata.handler [None req-055d4b6c-1c11-43db-bcec-46a50c118d40 None None] Metadata request headers: {'Host': '192.168.1.137:8775', 'User-Agent': 'python-requests/2.32.4', 'Accept-Encoding': 'gzip, deflate', 'Accept': '*/*', 'Connection': 'keep-alive', 'X-Forwarded-For': '10.1.0.6', 'X-Instance-Id': '321de3ab-9485-48f7-9a17-a4b4680857df', 'X-Tenant-Id': '2e0a4fa39fdf479d8bae9f62d2de2752', 'X-Instance-Id-Signature': 'dafd62e21dc3e628b36d369bec1eefd79768b0904bedd1101fd3098291c55ada'} {{(pid=74105) __call__ /opt/stack/nova/nova/api/metadata/handler.py:109}}
Aug 08 15:06:48.043355 np0000032493 devstack@n-api-meta.service[74105]: DEBUG nova.api.metadata.handler [None req-055d4b6c-1c11-43db-bcec-46a50c118d40 None None] Using cached metadata for instance 321de3ab-9485-48f7-9a17-a4b4680857df {{(pid=74105) get_metadata_by_instance_id /opt/stack/nova/nova/api/metadata/handler.py:84}}
Aug 08 15:06:48.043664 np0000032493 devstack@n-api-meta.service[74105]: [pid: 74105|app: 0|req: 5/9] 192.168.1.137 () {40 vars in 675 bytes} [Fri Aug  8 15:06:48 2025] GET /2009-04-04/meta-data/hostname => generated 49 bytes in 1 msecs (HTTP/1.1 200) 3 headers in 99 bytes (1 switches on core 0)
Aug 08 15:06:48.162874 np0000032493 devstack@n-api-meta.service[74106]: DEBUG nova.api.metadata.handler [None req-fe61ac93-7cc6-491c-b96d-019f5fe06f14 None None] Metadata request headers: {'Host': '192.168.1.137:8775', 'User-Agent': 'python-requests/2.32.4', 'Accept-Encoding': 'gzip, deflate', 'Accept': '*/*', 'Connection': 'keep-alive', 'X-Forwarded-For': '10.1.0.6', 'X-Instance-Id': '321de3ab-9485-48f7-9a17-a4b4680857df', 'X-Tenant-Id': '2e0a4fa39fdf479d8bae9f62d2de2752', 'X-Instance-Id-Signature': 'dafd62e21dc3e628b36d369bec1eefd79768b0904bedd1101fd3098291c55ada'} {{(pid=74106) __call__ /opt/stack/nova/nova/api/metadata/handler.py:109}}
Aug 08 15:06:48.164251 np0000032493 devstack@n-api-meta.service[74106]: DEBUG nova.api.metadata.handler [None req-fe61ac93-7cc6-491c-b96d-019f5fe06f14 None None] Using cached metadata for instance 321de3ab-9485-48f7-9a17-a4b4680857df {{(pid=74106) get_metadata_by_instance_id /opt/stack/nova/nova/api/metadata/handler.py:84}}
Aug 08 15:06:48.164557 np0000032493 devstack@n-api-meta.service[74106]: [pid: 74106|app: 0|req: 5/10] 192.168.1.137 () {40 vars in 687 bytes} [Fri Aug  8 15:06:48 2025] GET /2009-04-04/meta-data/local-hostname => generated 49 bytes in 2 msecs (HTTP/1.1 200) 3 headers in 99 bytes (1 switches on core 0)
Aug 08 15:06:48.282242 np0000032493 devstack@n-api-meta.service[74105]: DEBUG nova.api.metadata.handler [None req-055d4b6c-1c11-43db-bcec-46a50c118d40 None None] Metadata request headers: {'Host': '192.168.1.137:8775', 'User-Agent': 'python-requests/2.32.4', 'Accept-Encoding': 'gzip, deflate', 'Accept': '*/*', 'Connection': 'keep-alive', 'X-Forwarded-For': '10.1.0.6', 'X-Instance-Id': '321de3ab-9485-48f7-9a17-a4b4680857df', 'X-Tenant-Id': '2e0a4fa39fdf479d8bae9f62d2de2752', 'X-Instance-Id-Signature': 'dafd62e21dc3e628b36d369bec1eefd79768b0904bedd1101fd3098291c55ada'} {{(pid=74105) __call__ /opt/stack/nova/nova/api/metadata/handler.py:109}}
Aug 08 15:06:48.283294 np0000032493 devstack@n-api-meta.service[74105]: DEBUG nova.api.metadata.handler [None req-055d4b6c-1c11-43db-bcec-46a50c118d40 None None] Using cached metadata for instance 321de3ab-9485-48f7-9a17-a4b4680857df {{(pid=74105) get_metadata_by_instance_id /opt/stack/nova/nova/api/metadata/handler.py:84}}
Aug 08 15:06:48.283597 np0000032493 devstack@n-api-meta.service[74105]: [pid: 74105|app: 0|req: 6/11] 192.168.1.137 () {40 vars in 657 bytes} [Fri Aug  8 15:06:48 2025] GET /2009-04-04/user-data => generated 95 bytes in 1 msecs (HTTP/1.1 200) 3 headers in 99 bytes (1 switches on core 0)
Aug 08 15:06:48.398627 np0000032493 devstack@n-api-meta.service[74106]: DEBUG nova.api.metadata.handler [None req-fe61ac93-7cc6-491c-b96d-019f5fe06f14 None None] Metadata request headers: {'Host': '192.168.1.137:8775', 'User-Agent': 'python-requests/2.32.4', 'Accept-Encoding': 'gzip, deflate', 'Accept': '*/*', 'Connection': 'keep-alive', 'X-Forwarded-For': '10.1.0.6', 'X-Instance-Id': '321de3ab-9485-48f7-9a17-a4b4680857df', 'X-Tenant-Id': '2e0a4fa39fdf479d8bae9f62d2de2752', 'X-Instance-Id-Signature': 'dafd62e21dc3e628b36d369bec1eefd79768b0904bedd1101fd3098291c55ada'} {{(pid=74106) __call__ /opt/stack/nova/nova/api/metadata/handler.py:109}}
Aug 08 15:06:48.400070 np0000032493 devstack@n-api-meta.service[74106]: DEBUG nova.api.metadata.handler [None req-fe61ac93-7cc6-491c-b96d-019f5fe06f14 None None] Using cached metadata for instance 321de3ab-9485-48f7-9a17-a4b4680857df {{(pid=74106) get_metadata_by_instance_id /opt/stack/nova/nova/api/metadata/handler.py:84}}
Aug 08 15:06:48.400384 np0000032493 devstack@n-api-meta.service[74106]: [pid: 74106|app: 0|req: 6/12] 192.168.1.137 () {40 vars in 699 bytes} [Fri Aug  8 15:06:48 2025] GET /2009-04-04/meta-data/block-device-mapping => generated 8 bytes in 2 msecs (HTTP/1.1 200) 3 headers in 98 bytes (1 switches on core 0)
Aug 08 15:06:48.496480 np0000032493 devstack@n-api-meta.service[74105]: DEBUG nova.api.metadata.handler [None req-055d4b6c-1c11-43db-bcec-46a50c118d40 None None] Metadata request headers: {'Host': '192.168.1.137:8775', 'User-Agent': 'python-requests/2.32.4', 'Accept-Encoding': 'gzip, deflate', 'Accept': '*/*', 'Connection': 'keep-alive', 'X-Forwarded-For': '10.1.0.6', 'X-Instance-Id': '321de3ab-9485-48f7-9a17-a4b4680857df', 'X-Tenant-Id': '2e0a4fa39fdf479d8bae9f62d2de2752', 'X-Instance-Id-Signature': 'dafd62e21dc3e628b36d369bec1eefd79768b0904bedd1101fd3098291c55ada'} {{(pid=74105) __call__ /opt/stack/nova/nova/api/metadata/handler.py:109}}
Aug 08 15:06:48.497520 np0000032493 devstack@n-api-meta.service[74105]: DEBUG nova.api.metadata.handler [None req-055d4b6c-1c11-43db-bcec-46a50c118d40 None None] Using cached metadata for instance 321de3ab-9485-48f7-9a17-a4b4680857df {{(pid=74105) get_metadata_by_instance_id /opt/stack/nova/nova/api/metadata/handler.py:84}}
Aug 08 15:06:48.497842 np0000032493 devstack@n-api-meta.service[74105]: [pid: 74105|app: 0|req: 7/13] 192.168.1.137 () {40 vars in 707 bytes} [Fri Aug  8 15:06:48 2025] GET /2009-04-04/meta-data/block-device-mapping/ami => generated 3 bytes in 1 msecs (HTTP/1.1 200) 3 headers in 98 bytes (1 switches on core 0)
Aug 08 15:06:48.592159 np0000032493 devstack@n-api-meta.service[74106]: DEBUG nova.api.metadata.handler [None req-fe61ac93-7cc6-491c-b96d-019f5fe06f14 None None] Metadata request headers: {'Host': '192.168.1.137:8775', 'User-Agent': 'python-requests/2.32.4', 'Accept-Encoding': 'gzip, deflate', 'Accept': '*/*', 'Connection': 'keep-alive', 'X-Forwarded-For': '10.1.0.6', 'X-Instance-Id': '321de3ab-9485-48f7-9a17-a4b4680857df', 'X-Tenant-Id': '2e0a4fa39fdf479d8bae9f62d2de2752', 'X-Instance-Id-Signature': 'dafd62e21dc3e628b36d369bec1eefd79768b0904bedd1101fd3098291c55ada'} {{(pid=74106) __call__ /opt/stack/nova/nova/api/metadata/handler.py:109}}
Aug 08 15:06:48.593501 np0000032493 devstack@n-api-meta.service[74106]: DEBUG nova.api.metadata.handler [None req-fe61ac93-7cc6-491c-b96d-019f5fe06f14 None None] Using cached metadata for instance 321de3ab-9485-48f7-9a17-a4b4680857df {{(pid=74106) get_metadata_by_instance_id /opt/stack/nova/nova/api/metadata/handler.py:84}}
Aug 08 15:06:48.593808 np0000032493 devstack@n-api-meta.service[74106]: [pid: 74106|app: 0|req: 7/14] 192.168.1.137 () {40 vars in 709 bytes} [Fri Aug  8 15:06:48 2025] GET /2009-04-04/meta-data/block-device-mapping/root => generated 8 bytes in 2 msecs (HTTP/1.1 200) 3 headers in 98 bytes (1 switches on core 0)
Aug 08 15:06:48.711809 np0000032493 devstack@n-api-meta.service[74105]: DEBUG nova.api.metadata.handler [None req-055d4b6c-1c11-43db-bcec-46a50c118d40 None None] Metadata request headers: {'Host': '192.168.1.137:8775', 'User-Agent': 'python-requests/2.32.4', 'Accept-Encoding': 'gzip, deflate', 'Accept': '*/*', 'Connection': 'keep-alive', 'X-Forwarded-For': '10.1.0.6', 'X-Instance-Id': '321de3ab-9485-48f7-9a17-a4b4680857df', 'X-Tenant-Id': '2e0a4fa39fdf479d8bae9f62d2de2752', 'X-Instance-Id-Signature': 'dafd62e21dc3e628b36d369bec1eefd79768b0904bedd1101fd3098291c55ada'} {{(pid=74105) __call__ /opt/stack/nova/nova/api/metadata/handler.py:109}}
Aug 08 15:06:48.714432 np0000032493 devstack@n-api-meta.service[74105]: DEBUG nova.api.metadata.handler [None req-055d4b6c-1c11-43db-bcec-46a50c118d40 None None] Using cached metadata for instance 321de3ab-9485-48f7-9a17-a4b4680857df {{(pid=74105) get_metadata_by_instance_id /opt/stack/nova/nova/api/metadata/handler.py:84}}
Aug 08 15:06:48.714805 np0000032493 devstack@n-api-meta.service[74105]: [pid: 74105|app: 0|req: 8/15] 192.168.1.137 () {40 vars in 689 bytes} [Fri Aug  8 15:06:48 2025] GET /2009-04-04/meta-data/public-hostname => generated 49 bytes in 3 msecs (HTTP/1.1 200) 3 headers in 99 bytes (1 switches on core 0)
Aug 08 15:06:48.834565 np0000032493 devstack@n-api-meta.service[74106]: DEBUG nova.api.metadata.handler [None req-fe61ac93-7cc6-491c-b96d-019f5fe06f14 None None] Metadata request headers: {'Host': '192.168.1.137:8775', 'User-Agent': 'python-requests/2.32.4', 'Accept-Encoding': 'gzip, deflate', 'Accept': '*/*', 'Connection': 'keep-alive', 'X-Forwarded-For': '10.1.0.6', 'X-Instance-Id': '321de3ab-9485-48f7-9a17-a4b4680857df', 'X-Tenant-Id': '2e0a4fa39fdf479d8bae9f62d2de2752', 'X-Instance-Id-Signature': 'dafd62e21dc3e628b36d369bec1eefd79768b0904bedd1101fd3098291c55ada'} {{(pid=74106) __call__ /opt/stack/nova/nova/api/metadata/handler.py:109}}
Aug 08 15:06:48.836082 np0000032493 devstack@n-api-meta.service[74106]: DEBUG nova.api.metadata.handler [None req-fe61ac93-7cc6-491c-b96d-019f5fe06f14 None None] Using cached metadata for instance 321de3ab-9485-48f7-9a17-a4b4680857df {{(pid=74106) get_metadata_by_instance_id /opt/stack/nova/nova/api/metadata/handler.py:84}}
Aug 08 15:06:48.836397 np0000032493 devstack@n-api-meta.service[74106]: [pid: 74106|app: 0|req: 8/16] 192.168.1.137 () {40 vars in 713 bytes} [Fri Aug  8 15:06:48 2025] GET /2009-04-04/meta-data/placement/availability-zone => generated 4 bytes in 2 msecs (HTTP/1.1 200) 3 headers in 98 bytes (1 switches on core 0)
Aug 08 15:06:49.876454 np0000032493 devstack@n-api-meta.service[74105]: DEBUG nova.api.metadata.handler [None req-055d4b6c-1c11-43db-bcec-46a50c118d40 None None] Metadata request headers: {'Host': '192.168.1.137:8775', 'User-Agent': 'python-requests/2.32.4', 'Accept-Encoding': 'gzip, deflate', 'Accept': '*/*', 'Connection': 'keep-alive', 'X-Forwarded-For': '10.1.0.6', 'X-Instance-Id': '4399c9ff-f720-4599-93e1-5b2befc95d58', 'X-Tenant-Id': 'd63df2d7f700453f878d43994e22750c', 'X-Instance-Id-Signature': '699e6d807423dd156596f2c9d0b3a63e05ce1e7ce5e587d34c3bb9dfa0a819ca'} {{(pid=74105) __call__ /opt/stack/nova/nova/api/metadata/handler.py:109}}
Aug 08 15:06:49.878174 np0000032493 devstack@n-api-meta.service[74105]: DEBUG oslo_concurrency.lockutils [None req-a339c0bf-867c-4f35-a985-935ddcc11da3 None None] Acquiring lock "fc70ca33-b19c-4f9c-b781-c57c1ef91b00" by "nova.context.set_target_cell.<locals>.get_or_set_cached_cell_and_set_connections" {{(pid=74105) inner /opt/stack/data/venv/lib/python3.12/site-packages/oslo_concurrency/lockutils.py:405}}
Aug 08 15:06:49.878458 np0000032493 devstack@n-api-meta.service[74105]: DEBUG oslo_concurrency.lockutils [None req-a339c0bf-867c-4f35-a985-935ddcc11da3 None None] Lock "fc70ca33-b19c-4f9c-b781-c57c1ef91b00" acquired by "nova.context.set_target_cell.<locals>.get_or_set_cached_cell_and_set_connections" :: waited 0.000s {{(pid=74105) inner /opt/stack/data/venv/lib/python3.12/site-packages/oslo_concurrency/lockutils.py:410}}
Aug 08 15:06:49.878663 np0000032493 devstack@n-api-meta.service[74105]: DEBUG oslo_concurrency.lockutils [None req-a339c0bf-867c-4f35-a985-935ddcc11da3 None None] Lock "fc70ca33-b19c-4f9c-b781-c57c1ef91b00" "released" by "nova.context.set_target_cell.<locals>.get_or_set_cached_cell_and_set_connections" :: held 0.000s {{(pid=74105) inner /opt/stack/data/venv/lib/python3.12/site-packages/oslo_concurrency/lockutils.py:424}}
Aug 08 15:06:49.892795 np0000032493 devstack@n-api-meta.service[74105]: WARNING neutronclient.v2_0.client [None req-a339c0bf-867c-4f35-a985-935ddcc11da3 None None] The python binding code in neutronclient is deprecated in favor of OpenstackSDK, please use that as this will be removed in a future release.
Aug 08 15:06:49.941380 np0000032493 devstack@n-api-meta.service[74105]: [pid: 74105|app: 0|req: 9/17] 192.168.1.137 () {40 vars in 681 bytes} [Fri Aug  8 15:06:49 2025] GET /2009-04-04/meta-data/instance-id => generated 10 bytes in 66 msecs (HTTP/1.1 200) 3 headers in 99 bytes (1 switches on core 0)
Aug 08 15:06:50.106243 np0000032493 devstack@n-api-meta.service[74106]: DEBUG nova.api.metadata.handler [None req-fe61ac93-7cc6-491c-b96d-019f5fe06f14 None None] Metadata request headers: {'Host': '192.168.1.137:8775', 'User-Agent': 'python-requests/2.32.4', 'Accept-Encoding': 'gzip, deflate', 'Accept': '*/*', 'Connection': 'keep-alive', 'X-Forwarded-For': '10.1.0.6', 'X-Instance-Id': '4399c9ff-f720-4599-93e1-5b2befc95d58', 'X-Tenant-Id': 'd63df2d7f700453f878d43994e22750c', 'X-Instance-Id-Signature': '699e6d807423dd156596f2c9d0b3a63e05ce1e7ce5e587d34c3bb9dfa0a819ca'} {{(pid=74106) __call__ /opt/stack/nova/nova/api/metadata/handler.py:109}}
Aug 08 15:06:50.112207 np0000032493 devstack@n-api-meta.service[74106]: DEBUG nova.api.metadata.handler [None req-fe61ac93-7cc6-491c-b96d-019f5fe06f14 None None] Using cached metadata for instance 4399c9ff-f720-4599-93e1-5b2befc95d58 {{(pid=74106) get_metadata_by_instance_id /opt/stack/nova/nova/api/metadata/handler.py:84}}
Aug 08 15:06:50.113251 np0000032493 devstack@n-api-meta.service[74106]: [pid: 74106|app: 0|req: 9/18] 192.168.1.137 () {40 vars in 681 bytes} [Fri Aug  8 15:06:50 2025] GET /2009-04-04/meta-data/public-keys => generated 27 bytes in 7 msecs (HTTP/1.1 200) 3 headers in 99 bytes (1 switches on core 0)
Aug 08 15:06:50.216150 np0000032493 devstack@n-api-meta.service[74105]: DEBUG nova.api.metadata.handler [None req-a339c0bf-867c-4f35-a985-935ddcc11da3 None None] Metadata request headers: {'Host': '192.168.1.137:8775', 'User-Agent': 'python-requests/2.32.4', 'Accept-Encoding': 'gzip, deflate', 'Accept': '*/*', 'Connection': 'keep-alive', 'X-Forwarded-For': '10.1.0.6', 'X-Instance-Id': '4399c9ff-f720-4599-93e1-5b2befc95d58', 'X-Tenant-Id': 'd63df2d7f700453f878d43994e22750c', 'X-Instance-Id-Signature': '699e6d807423dd156596f2c9d0b3a63e05ce1e7ce5e587d34c3bb9dfa0a819ca'} {{(pid=74105) __call__ /opt/stack/nova/nova/api/metadata/handler.py:109}}
Aug 08 15:06:50.216150 np0000032493 devstack@n-api-meta.service[74105]: DEBUG nova.api.metadata.handler [None req-a339c0bf-867c-4f35-a985-935ddcc11da3 None None] Using cached metadata for instance 4399c9ff-f720-4599-93e1-5b2befc95d58 {{(pid=74105) get_metadata_by_instance_id /opt/stack/nova/nova/api/metadata/handler.py:84}}
Aug 08 15:06:50.216150 np0000032493 devstack@n-api-meta.service[74105]: [pid: 74105|app: 0|req: 10/19] 192.168.1.137 () {40 vars in 708 bytes} [Fri Aug  8 15:06:50 2025] GET /2009-04-04/meta-data/public-keys/0/openssh-key => generated 204 bytes in 1 msecs (HTTP/1.1 200) 3 headers in 100 bytes (1 switches on core 0)
Aug 08 15:06:50.346831 np0000032493 devstack@n-api-meta.service[74106]: DEBUG nova.api.metadata.handler [None req-fe61ac93-7cc6-491c-b96d-019f5fe06f14 None None] Metadata request headers: {'Host': '192.168.1.137:8775', 'User-Agent': 'python-requests/2.32.4', 'Accept-Encoding': 'gzip, deflate', 'Accept': '*/*', 'Connection': 'keep-alive', 'X-Forwarded-For': '10.1.0.6', 'X-Instance-Id': '4399c9ff-f720-4599-93e1-5b2befc95d58', 'X-Tenant-Id': 'd63df2d7f700453f878d43994e22750c', 'X-Instance-Id-Signature': '699e6d807423dd156596f2c9d0b3a63e05ce1e7ce5e587d34c3bb9dfa0a819ca'} {{(pid=74106) __call__ /opt/stack/nova/nova/api/metadata/handler.py:109}}
Aug 08 15:06:50.348536 np0000032493 devstack@n-api-meta.service[74106]: DEBUG nova.api.metadata.handler [None req-fe61ac93-7cc6-491c-b96d-019f5fe06f14 None None] Using cached metadata for instance 4399c9ff-f720-4599-93e1-5b2befc95d58 {{(pid=74106) get_metadata_by_instance_id /opt/stack/nova/nova/api/metadata/handler.py:84}}
Aug 08 15:06:50.348847 np0000032493 devstack@n-api-meta.service[74106]: [pid: 74106|app: 0|req: 10/20] 192.168.1.137 () {40 vars in 680 bytes} [Fri Aug  8 15:06:50 2025] GET /2009-04-04/meta-data/instance-id => generated 10 bytes in 2 msecs (HTTP/1.1 200) 3 headers in 99 bytes (1 switches on core 0)
