Aug 04 09:19:13.194284 np0000032172 devstack@n-api-meta.service[76585]: DEBUG nova.api.openstack.wsgi_app [-] oslo_messaging_rabbit.direct_mandatory_flag = True {{(pid=76585) log_opt_values /opt/stack/data/venv/lib/python3.12/site-packages/oslo_config/cfg.py:2824}}
Aug 04 09:19:13.194405 np0000032172 devstack@n-api-meta.service[76585]: DEBUG nova.api.openstack.wsgi_app [-] oslo_messaging_rabbit.enable_cancel_on_failover = False {{(pid=76585) log_opt_values /opt/stack/data/venv/lib/python3.12/site-packages/oslo_config/cfg.py:2824}}
Aug 04 09:19:13.194405 np0000032172 devstack@n-api-meta.service[76585]: DEBUG nova.api.openstack.wsgi_app [-] oslo_messaging_rabbit.heartbeat_in_pthread = False {{(pid=76585) log_opt_values /opt/stack/data/venv/lib/python3.12/site-packages/oslo_config/cfg.py:2824}}
Aug 04 09:19:13.194405 np0000032172 devstack@n-api-meta.service[76585]: DEBUG nova.api.openstack.wsgi_app [-] oslo_messaging_rabbit.heartbeat_rate = 3 {{(pid=76585) log_opt_values /opt/stack/data/venv/lib/python3.12/site-packages/oslo_config/cfg.py:2824}}
Aug 04 09:19:13.194405 np0000032172 devstack@n-api-meta.service[76585]: DEBUG nova.api.openstack.wsgi_app [-] oslo_messaging_rabbit.heartbeat_timeout_threshold = 60 {{(pid=76585) log_opt_values /opt/stack/data/venv/lib/python3.12/site-packages/oslo_config/cfg.py:2824}}
Aug 04 09:19:13.194405 np0000032172 devstack@n-api-meta.service[76585]: DEBUG nova.api.openstack.wsgi_app [-] oslo_messaging_rabbit.hostname = np0000032172 {{(pid=76585) log_opt_values /opt/stack/data/venv/lib/python3.12/site-packages/oslo_config/cfg.py:2824}}
Aug 04 09:19:13.194405 np0000032172 devstack@n-api-meta.service[76585]: DEBUG nova.api.openstack.wsgi_app [-] oslo_messaging_rabbit.kombu_compression = None {{(pid=76585) log_opt_values /opt/stack/data/venv/lib/python3.12/site-packages/oslo_config/cfg.py:2824}}
Aug 04 09:19:13.194405 np0000032172 devstack@n-api-meta.service[76585]: DEBUG nova.api.openstack.wsgi_app [-] oslo_messaging_rabbit.kombu_failover_strategy = round-robin {{(pid=76585) log_opt_values /opt/stack/data/venv/lib/python3.12/site-packages/oslo_config/cfg.py:2824}}
Aug 04 09:19:13.194495 np0000032172 devstack@n-api-meta.service[76586]: DEBUG oslo_db.sqlalchemy.engines [None req-0c09eb6e-a165-46c5-993f-da7a7a67b602 None None] MySQL server mode set to STRICT_TRANS_TABLES,STRICT_ALL_TABLES,NO_ZERO_IN_DATE,NO_ZERO_DATE,ERROR_FOR_DIVISION_BY_ZERO,TRADITIONAL,NO_ENGINE_SUBSTITUTION {{(pid=76586) _check_effective_sql_mode /opt/stack/data/venv/lib/python3.12/site-packages/oslo_db/sqlalchemy/engines.py:397}}
Aug 04 09:19:13.194512 np0000032172 devstack@n-api-meta.service[76585]: DEBUG nova.api.openstack.wsgi_app [-] oslo_messaging_rabbit.kombu_missing_consumer_retry_timeout = 60 {{(pid=76585) log_opt_values /opt/stack/data/venv/lib/python3.12/site-packages/oslo_config/cfg.py:2824}}
Aug 04 09:19:13.194512 np0000032172 devstack@n-api-meta.service[76585]: DEBUG nova.api.openstack.wsgi_app [-] oslo_messaging_rabbit.kombu_reconnect_delay = 1.0 {{(pid=76585) log_opt_values /opt/stack/data/venv/lib/python3.12/site-packages/oslo_config/cfg.py:2824}}
Aug 04 09:19:13.194512 np0000032172 devstack@n-api-meta.service[76585]: DEBUG nova.api.openstack.wsgi_app [-] oslo_messaging_rabbit.kombu_reconnect_splay = 0.0 {{(pid=76585) log_opt_values /opt/stack/data/venv/lib/python3.12/site-packages/oslo_config/cfg.py:2824}}
Aug 04 09:19:13.194512 np0000032172 devstack@n-api-meta.service[76585]: DEBUG nova.api.openstack.wsgi_app [-] oslo_messaging_rabbit.processname = uwsgi {{(pid=76585) log_opt_values /opt/stack/data/venv/lib/python3.12/site-packages/oslo_config/cfg.py:2824}}
Aug 04 09:19:13.194512 np0000032172 devstack@n-api-meta.service[76585]: DEBUG nova.api.openstack.wsgi_app [-] oslo_messaging_rabbit.rabbit_ha_queues = False {{(pid=76585) log_opt_values /opt/stack/data/venv/lib/python3.12/site-packages/oslo_config/cfg.py:2824}}
Aug 04 09:19:13.194512 np0000032172 devstack@n-api-meta.service[76585]: DEBUG nova.api.openstack.wsgi_app [-] oslo_messaging_rabbit.rabbit_interval_max = 30 {{(pid=76585) log_opt_values /opt/stack/data/venv/lib/python3.12/site-packages/oslo_config/cfg.py:2824}}
Aug 04 09:19:13.194512 np0000032172 devstack@n-api-meta.service[76585]: DEBUG nova.api.openstack.wsgi_app [-] oslo_messaging_rabbit.rabbit_login_method = AMQPLAIN {{(pid=76585) log_opt_values /opt/stack/data/venv/lib/python3.12/site-packages/oslo_config/cfg.py:2824}}
Aug 04 09:19:13.194512 np0000032172 devstack@n-api-meta.service[76585]: DEBUG nova.api.openstack.wsgi_app [-] oslo_messaging_rabbit.rabbit_qos_prefetch_count = 0 {{(pid=76585) log_opt_values /opt/stack/data/venv/lib/python3.12/site-packages/oslo_config/cfg.py:2824}}
Aug 04 09:19:13.194512 np0000032172 devstack@n-api-meta.service[76585]: DEBUG nova.api.openstack.wsgi_app [-] oslo_messaging_rabbit.rabbit_quorum_delivery_limit = 0 {{(pid=76585) log_opt_values /opt/stack/data/venv/lib/python3.12/site-packages/oslo_config/cfg.py:2824}}
Aug 04 09:19:13.194624 np0000032172 devstack@n-api-meta.service[76585]: DEBUG nova.api.openstack.wsgi_app [-] oslo_messaging_rabbit.rabbit_quorum_max_memory_bytes = 0 {{(pid=76585) log_opt_values /opt/stack/data/venv/lib/python3.12/site-packages/oslo_config/cfg.py:2824}}
Aug 04 09:19:13.194624 np0000032172 devstack@n-api-meta.service[76585]: DEBUG nova.api.openstack.wsgi_app [-] oslo_messaging_rabbit.rabbit_quorum_max_memory_length = 0 {{(pid=76585) log_opt_values /opt/stack/data/venv/lib/python3.12/site-packages/oslo_config/cfg.py:2824}}
Aug 04 09:19:13.194624 np0000032172 devstack@n-api-meta.service[76585]: DEBUG nova.api.openstack.wsgi_app [-] oslo_messaging_rabbit.rabbit_quorum_queue = False {{(pid=76585) log_opt_values /opt/stack/data/venv/lib/python3.12/site-packages/oslo_config/cfg.py:2824}}
Aug 04 09:19:13.194624 np0000032172 devstack@n-api-meta.service[76585]: DEBUG nova.api.openstack.wsgi_app [-] oslo_messaging_rabbit.rabbit_retry_backoff = 2 {{(pid=76585) log_opt_values /opt/stack/data/venv/lib/python3.12/site-packages/oslo_config/cfg.py:2824}}
Aug 04 09:19:13.194624 np0000032172 devstack@n-api-meta.service[76585]: DEBUG nova.api.openstack.wsgi_app [-] oslo_messaging_rabbit.rabbit_retry_interval = 1 {{(pid=76585) log_opt_values /opt/stack/data/venv/lib/python3.12/site-packages/oslo_config/cfg.py:2824}}
Aug 04 09:19:13.194624 np0000032172 devstack@n-api-meta.service[76585]: DEBUG nova.api.openstack.wsgi_app [-] oslo_messaging_rabbit.rabbit_stream_fanout = False {{(pid=76585) log_opt_values /opt/stack/data/venv/lib/python3.12/site-packages/oslo_config/cfg.py:2824}}
Aug 04 09:19:13.194624 np0000032172 devstack@n-api-meta.service[76585]: DEBUG nova.api.openstack.wsgi_app [-] oslo_messaging_rabbit.rabbit_transient_queues_ttl = 1800 {{(pid=76585) log_opt_values /opt/stack/data/venv/lib/python3.12/site-packages/oslo_config/cfg.py:2824}}
Aug 04 09:19:13.194624 np0000032172 devstack@n-api-meta.service[76585]: DEBUG nova.api.openstack.wsgi_app [-] oslo_messaging_rabbit.rabbit_transient_quorum_queue = False {{(pid=76585) log_opt_values /opt/stack/data/venv/lib/python3.12/site-packages/oslo_config/cfg.py:2824}}
Aug 04 09:19:13.194726 np0000032172 devstack@n-api-meta.service[76585]: DEBUG nova.api.openstack.wsgi_app [-] oslo_messaging_rabbit.rpc_conn_pool_size = 30 {{(pid=76585) log_opt_values /opt/stack/data/venv/lib/python3.12/site-packages/oslo_config/cfg.py:2824}}
Aug 04 09:19:13.194726 np0000032172 devstack@n-api-meta.service[76585]: DEBUG nova.api.openstack.wsgi_app [-] oslo_messaging_rabbit.ssl      = False {{(pid=76585) log_opt_values /opt/stack/data/venv/lib/python3.12/site-packages/oslo_config/cfg.py:2824}}
Aug 04 09:19:13.194726 np0000032172 devstack@n-api-meta.service[76585]: DEBUG nova.api.openstack.wsgi_app [-] oslo_messaging_rabbit.ssl_ca_file =  {{(pid=76585) log_opt_values /opt/stack/data/venv/lib/python3.12/site-packages/oslo_config/cfg.py:2824}}
Aug 04 09:19:13.194726 np0000032172 devstack@n-api-meta.service[76585]: DEBUG nova.api.openstack.wsgi_app [-] oslo_messaging_rabbit.ssl_cert_file =  {{(pid=76585) log_opt_values /opt/stack/data/venv/lib/python3.12/site-packages/oslo_config/cfg.py:2824}}
Aug 04 09:19:13.194726 np0000032172 devstack@n-api-meta.service[76585]: DEBUG nova.api.openstack.wsgi_app [-] oslo_messaging_rabbit.ssl_enforce_fips_mode = False {{(pid=76585) log_opt_values /opt/stack/data/venv/lib/python3.12/site-packages/oslo_config/cfg.py:2824}}
Aug 04 09:19:13.194726 np0000032172 devstack@n-api-meta.service[76585]: DEBUG nova.api.openstack.wsgi_app [-] oslo_messaging_rabbit.ssl_key_file =  {{(pid=76585) log_opt_values /opt/stack/data/venv/lib/python3.12/site-packages/oslo_config/cfg.py:2824}}
Aug 04 09:19:13.194726 np0000032172 devstack@n-api-meta.service[76585]: DEBUG nova.api.openstack.wsgi_app [-] oslo_messaging_rabbit.ssl_version =  {{(pid=76585) log_opt_values /opt/stack/data/venv/lib/python3.12/site-packages/oslo_config/cfg.py:2824}}
Aug 04 09:19:13.194726 np0000032172 devstack@n-api-meta.service[76585]: DEBUG nova.api.openstack.wsgi_app [-] oslo_messaging_rabbit.use_queue_manager = False {{(pid=76585) log_opt_values /opt/stack/data/venv/lib/python3.12/site-packages/oslo_config/cfg.py:2824}}
Aug 04 09:19:13.194726 np0000032172 devstack@n-api-meta.service[76585]: DEBUG nova.api.openstack.wsgi_app [-] oslo_messaging_notifications.driver = ['messagingv2'] {{(pid=76585) log_opt_values /opt/stack/data/venv/lib/python3.12/site-packages/oslo_config/cfg.py:2824}}
Aug 04 09:19:13.194836 np0000032172 devstack@n-api-meta.service[76585]: DEBUG nova.api.openstack.wsgi_app [-] oslo_messaging_notifications.retry = -1 {{(pid=76585) log_opt_values /opt/stack/data/venv/lib/python3.12/site-packages/oslo_config/cfg.py:2824}}
Aug 04 09:19:13.194836 np0000032172 devstack@n-api-meta.service[76585]: DEBUG nova.api.openstack.wsgi_app [-] oslo_messaging_notifications.topics = ['notifications'] {{(pid=76585) log_opt_values /opt/stack/data/venv/lib/python3.12/site-packages/oslo_config/cfg.py:2824}}
Aug 04 09:19:13.194836 np0000032172 devstack@n-api-meta.service[76585]: DEBUG nova.api.openstack.wsgi_app [-] oslo_messaging_notifications.transport_url = **** {{(pid=76585) log_opt_values /opt/stack/data/venv/lib/python3.12/site-packages/oslo_config/cfg.py:2824}}
Aug 04 09:19:13.194836 np0000032172 devstack@n-api-meta.service[76585]: DEBUG nova.api.openstack.wsgi_app [-] oslo_reports.file_event_handler = None {{(pid=76585) log_opt_values /opt/stack/data/venv/lib/python3.12/site-packages/oslo_config/cfg.py:2824}}
Aug 04 09:19:13.194836 np0000032172 devstack@n-api-meta.service[76585]: DEBUG nova.api.openstack.wsgi_app [-] oslo_reports.file_event_handler_interval = 1 {{(pid=76585) log_opt_values /opt/stack/data/venv/lib/python3.12/site-packages/oslo_config/cfg.py:2824}}
Aug 04 09:19:13.194836 np0000032172 devstack@n-api-meta.service[76585]: DEBUG nova.api.openstack.wsgi_app [-] oslo_reports.log_dir           = None {{(pid=76585) log_opt_values /opt/stack/data/venv/lib/python3.12/site-packages/oslo_config/cfg.py:2824}}
Aug 04 09:19:13.194836 np0000032172 devstack@n-api-meta.service[76585]: DEBUG nova.api.openstack.wsgi_app [-] ******************************************************************************** {{(pid=76585) log_opt_values /opt/stack/data/venv/lib/python3.12/site-packages/oslo_config/cfg.py:2828}}
Aug 04 09:19:13.233052 np0000032172 devstack@n-api-meta.service[76585]: INFO dbcounter [None req-7af971c5-465a-4041-a934-2f33bb2a5693 None None] Registered counter for database nova_api
Aug 04 09:19:13.239785 np0000032172 devstack@n-api-meta.service[76585]: DEBUG oslo_db.sqlalchemy.engines [None req-7af971c5-465a-4041-a934-2f33bb2a5693 None None] MySQL server mode set to STRICT_TRANS_TABLES,STRICT_ALL_TABLES,NO_ZERO_IN_DATE,NO_ZERO_DATE,ERROR_FOR_DIVISION_BY_ZERO,TRADITIONAL,NO_ENGINE_SUBSTITUTION {{(pid=76585) _check_effective_sql_mode /opt/stack/data/venv/lib/python3.12/site-packages/oslo_db/sqlalchemy/engines.py:397}}
Aug 04 09:19:13.268959 np0000032172 devstack@n-api-meta.service[76585]: DEBUG dbcounter [-] [76585] Writer thread running {{(pid=76585) stat_writer /opt/stack/data/venv/lib/python3.12/site-packages/dbcounter.py:102}}
Aug 04 09:19:13.268959 np0000032172 devstack@n-api-meta.service[76585]: DEBUG nova.context [None req-7af971c5-465a-4041-a934-2f33bb2a5693 None None] Found 2 cells: 00000000-0000-0000-0000-000000000000(cell0),9dad544a-81c7-4374-abc4-cce48983a8fb(cell1) {{(pid=76585) load_cells /opt/stack/nova/nova/context.py:472}}
Aug 04 09:19:13.268959 np0000032172 devstack@n-api-meta.service[76585]: INFO nova.utils [None req-7af971c5-465a-4041-a934-2f33bb2a5693 None None] The cell worker thread pool MainProcess.cell_worker is initialized
Aug 04 09:19:13.270750 np0000032172 devstack@n-api-meta.service[76585]: DEBUG oslo_concurrency.lockutils [None req-7af971c5-465a-4041-a934-2f33bb2a5693 None None] Acquiring lock "00000000-0000-0000-0000-000000000000" by "nova.context.set_target_cell.<locals>.get_or_set_cached_cell_and_set_connections" {{(pid=76585) inner /opt/stack/data/venv/lib/python3.12/site-packages/oslo_concurrency/lockutils.py:405}}
Aug 04 09:19:13.271238 np0000032172 devstack@n-api-meta.service[76585]: DEBUG oslo_concurrency.lockutils [None req-7af971c5-465a-4041-a934-2f33bb2a5693 None None] Lock "00000000-0000-0000-0000-000000000000" acquired by "nova.context.set_target_cell.<locals>.get_or_set_cached_cell_and_set_connections" :: waited 0.001s {{(pid=76585) inner /opt/stack/data/venv/lib/python3.12/site-packages/oslo_concurrency/lockutils.py:410}}
Aug 04 09:19:13.271576 np0000032172 devstack@n-api-meta.service[76585]: DEBUG oslo_concurrency.lockutils [None req-7af971c5-465a-4041-a934-2f33bb2a5693 None None] Lock "00000000-0000-0000-0000-000000000000" "released" by "nova.context.set_target_cell.<locals>.get_or_set_cached_cell_and_set_connections" :: held 0.000s {{(pid=76585) inner /opt/stack/data/venv/lib/python3.12/site-packages/oslo_concurrency/lockutils.py:424}}
Aug 04 09:19:13.271903 np0000032172 devstack@n-api-meta.service[76585]: DEBUG oslo_concurrency.lockutils [None req-7af971c5-465a-4041-a934-2f33bb2a5693 None None] Acquiring lock "9dad544a-81c7-4374-abc4-cce48983a8fb" by "nova.context.set_target_cell.<locals>.get_or_set_cached_cell_and_set_connections" {{(pid=76585) inner /opt/stack/data/venv/lib/python3.12/site-packages/oslo_concurrency/lockutils.py:405}}
Aug 04 09:19:13.272054 np0000032172 devstack@n-api-meta.service[76585]: DEBUG oslo_concurrency.lockutils [None req-7af971c5-465a-4041-a934-2f33bb2a5693 None None] Lock "9dad544a-81c7-4374-abc4-cce48983a8fb" acquired by "nova.context.set_target_cell.<locals>.get_or_set_cached_cell_and_set_connections" :: waited 0.000s {{(pid=76585) inner /opt/stack/data/venv/lib/python3.12/site-packages/oslo_concurrency/lockutils.py:410}}
Aug 04 09:19:13.272747 np0000032172 devstack@n-api-meta.service[76585]: DEBUG oslo_concurrency.lockutils [None req-7af971c5-465a-4041-a934-2f33bb2a5693 None None] Lock "9dad544a-81c7-4374-abc4-cce48983a8fb" "released" by "nova.context.set_target_cell.<locals>.get_or_set_cached_cell_and_set_connections" :: held 0.001s {{(pid=76585) inner /opt/stack/data/venv/lib/python3.12/site-packages/oslo_concurrency/lockutils.py:424}}
Aug 04 09:19:13.273879 np0000032172 devstack@n-api-meta.service[76585]: INFO dbcounter [None req-7af971c5-465a-4041-a934-2f33bb2a5693 None None] Registered counter for database nova_cell0
Aug 04 09:19:13.275756 np0000032172 devstack@n-api-meta.service[76585]: INFO dbcounter [None req-7af971c5-465a-4041-a934-2f33bb2a5693 None None] Registered counter for database nova_cell1
Aug 04 09:19:13.280324 np0000032172 devstack@n-api-meta.service[76585]: DEBUG oslo_db.sqlalchemy.engines [None req-7af971c5-465a-4041-a934-2f33bb2a5693 None None] MySQL server mode set to STRICT_TRANS_TABLES,STRICT_ALL_TABLES,NO_ZERO_IN_DATE,NO_ZERO_DATE,ERROR_FOR_DIVISION_BY_ZERO,TRADITIONAL,NO_ENGINE_SUBSTITUTION {{(pid=76585) _check_effective_sql_mode /opt/stack/data/venv/lib/python3.12/site-packages/oslo_db/sqlalchemy/engines.py:397}}
Aug 04 09:19:13.296776 np0000032172 devstack@n-api-meta.service[76586]: DEBUG oslo_db.sqlalchemy.engines [None req-0c09eb6e-a165-46c5-993f-da7a7a67b602 None None] MySQL server mode set to STRICT_TRANS_TABLES,STRICT_ALL_TABLES,NO_ZERO_IN_DATE,NO_ZERO_DATE,ERROR_FOR_DIVISION_BY_ZERO,TRADITIONAL,NO_ENGINE_SUBSTITUTION {{(pid=76586) _check_effective_sql_mode /opt/stack/data/venv/lib/python3.12/site-packages/oslo_db/sqlalchemy/engines.py:397}}
Aug 04 09:19:13.297193 np0000032172 devstack@n-api-meta.service[76586]: DEBUG dbcounter [-] [76586] Writer thread running {{(pid=76586) stat_writer /opt/stack/data/venv/lib/python3.12/site-packages/dbcounter.py:102}}
Aug 04 09:19:13.300895 np0000032172 devstack@n-api-meta.service[76586]: DEBUG dbcounter [-] [76586] Writer thread running {{(pid=76586) stat_writer /opt/stack/data/venv/lib/python3.12/site-packages/dbcounter.py:102}}
Aug 04 09:19:13.302879 np0000032172 devstack@n-api-meta.service[76586]: INFO dbcounter [None req-0c09eb6e-a165-46c5-993f-da7a7a67b602 None None] Registered counter for database nova_cell0
Aug 04 09:19:13.307007 np0000032172 devstack@n-api-meta.service[76586]: DEBUG oslo_db.sqlalchemy.engines [None req-0c09eb6e-a165-46c5-993f-da7a7a67b602 None None] MySQL server mode set to STRICT_TRANS_TABLES,STRICT_ALL_TABLES,NO_ZERO_IN_DATE,NO_ZERO_DATE,ERROR_FOR_DIVISION_BY_ZERO,TRADITIONAL,NO_ENGINE_SUBSTITUTION {{(pid=76586) _check_effective_sql_mode /opt/stack/data/venv/lib/python3.12/site-packages/oslo_db/sqlalchemy/engines.py:397}}
Aug 04 09:19:13.310658 np0000032172 devstack@n-api-meta.service[76586]: DEBUG dbcounter [-] [76586] Writer thread running {{(pid=76586) stat_writer /opt/stack/data/venv/lib/python3.12/site-packages/dbcounter.py:102}}
Aug 04 09:19:13.342765 np0000032172 devstack@n-api-meta.service[76586]: WARNING nova.api.metadata.handler [None req-0c09eb6e-a165-46c5-993f-da7a7a67b602 None None] metadata_proxy_shared_secret is not configured, the metadata information returned by the proxy cannot be trusted
Aug 04 09:19:13.344416 np0000032172 devstack@n-api-meta.service[76586]: WSGI app 0 (mountpoint='') ready in 2 seconds on interpreter 0x7c887f4a39e8 pid: 76586 (default app)
Aug 04 09:19:13.344707 np0000032172 devstack@n-api-meta.service[76585]: DEBUG oslo_db.sqlalchemy.engines [None req-7af971c5-465a-4041-a934-2f33bb2a5693 None None] MySQL server mode set to STRICT_TRANS_TABLES,STRICT_ALL_TABLES,NO_ZERO_IN_DATE,NO_ZERO_DATE,ERROR_FOR_DIVISION_BY_ZERO,TRADITIONAL,NO_ENGINE_SUBSTITUTION {{(pid=76585) _check_effective_sql_mode /opt/stack/data/venv/lib/python3.12/site-packages/oslo_db/sqlalchemy/engines.py:397}}
Aug 04 09:19:13.345077 np0000032172 devstack@n-api-meta.service[76585]: DEBUG dbcounter [-] [76585] Writer thread running {{(pid=76585) stat_writer /opt/stack/data/venv/lib/python3.12/site-packages/dbcounter.py:102}}
Aug 04 09:19:13.349983 np0000032172 devstack@n-api-meta.service[76585]: DEBUG dbcounter [-] [76585] Writer thread running {{(pid=76585) stat_writer /opt/stack/data/venv/lib/python3.12/site-packages/dbcounter.py:102}}
Aug 04 09:19:13.351890 np0000032172 devstack@n-api-meta.service[76585]: INFO dbcounter [None req-7af971c5-465a-4041-a934-2f33bb2a5693 None None] Registered counter for database nova_cell0
Aug 04 09:19:13.354936 np0000032172 devstack@n-api-meta.service[76585]: DEBUG oslo_db.sqlalchemy.engines [None req-7af971c5-465a-4041-a934-2f33bb2a5693 None None] MySQL server mode set to STRICT_TRANS_TABLES,STRICT_ALL_TABLES,NO_ZERO_IN_DATE,NO_ZERO_DATE,ERROR_FOR_DIVISION_BY_ZERO,TRADITIONAL,NO_ENGINE_SUBSTITUTION {{(pid=76585) _check_effective_sql_mode /opt/stack/data/venv/lib/python3.12/site-packages/oslo_db/sqlalchemy/engines.py:397}}
Aug 04 09:19:13.358469 np0000032172 devstack@n-api-meta.service[76585]: DEBUG dbcounter [-] [76585] Writer thread running {{(pid=76585) stat_writer /opt/stack/data/venv/lib/python3.12/site-packages/dbcounter.py:102}}
Aug 04 09:19:13.378129 np0000032172 devstack@n-api-meta.service[76585]: WARNING nova.api.metadata.handler [None req-7af971c5-465a-4041-a934-2f33bb2a5693 None None] metadata_proxy_shared_secret is not configured, the metadata information returned by the proxy cannot be trusted
Aug 04 09:19:13.379737 np0000032172 devstack@n-api-meta.service[76585]: WSGI app 0 (mountpoint='') ready in 2 seconds on interpreter 0x7c887f4a39e8 pid: 76585 (default app)
Aug 04 09:22:00.547064 np0000032172 devstack@n-api-meta.service[76586]: DEBUG nova.api.metadata.handler [None req-0c09eb6e-a165-46c5-993f-da7a7a67b602 None None] Metadata request headers: {'Host': '10.241.128.138:8775', 'User-Agent': 'python-requests/2.32.4', 'Accept-Encoding': 'gzip, deflate', 'Accept': '*/*', 'Connection': 'keep-alive', 'X-Forwarded-For': '10.1.0.5', 'X-Instance-Id': '08df40a9-174f-4efa-912f-0bb83f2e3b26', 'X-Tenant-Id': '601ae1847f7741368247e8df685e8901', 'X-Instance-Id-Signature': 'b25b5d365b9d4eba0911023210239b0eb975fb1b24c134a77160559b5b9d495d'} {{(pid=76586) __call__ /opt/stack/nova/nova/api/metadata/handler.py:109}}
Aug 04 09:22:01.048832 np0000032172 devstack@n-api-meta.service[76586]: DEBUG dbcounter [-] [76586] Writing DB stats nova_api:SELECT=1 {{(pid=76586) stat_writer /opt/stack/data/venv/lib/python3.12/site-packages/dbcounter.py:115}}
Aug 04 09:22:01.062108 np0000032172 devstack@n-api-meta.service[76586]: DEBUG dbcounter [-] [76586] Writing DB stats nova_cell0:SELECT=1 {{(pid=76586) stat_writer /opt/stack/data/venv/lib/python3.12/site-packages/dbcounter.py:115}}
Aug 04 09:22:01.062685 np0000032172 devstack@n-api-meta.service[76586]: DEBUG dbcounter [-] [76586] Writing DB stats nova_cell1:SELECT=1 {{(pid=76586) stat_writer /opt/stack/data/venv/lib/python3.12/site-packages/dbcounter.py:115}}
Aug 04 09:22:01.063420 np0000032172 devstack@n-api-meta.service[76586]: DEBUG dbcounter [-] [76586] Writing DB stats nova_cell0:SELECT=2,nova_cell0:INSERT=1 {{(pid=76586) stat_writer /opt/stack/data/venv/lib/python3.12/site-packages/dbcounter.py:115}}
Aug 04 09:22:01.143675 np0000032172 devstack@n-api-meta.service[76586]: DEBUG oslo_concurrency.lockutils [None req-81dee969-ef35-4442-b2f1-4deafa5b1a7a None None] Acquiring lock "9dad544a-81c7-4374-abc4-cce48983a8fb" by "nova.context.set_target_cell.<locals>.get_or_set_cached_cell_and_set_connections" {{(pid=76586) inner /opt/stack/data/venv/lib/python3.12/site-packages/oslo_concurrency/lockutils.py:405}}
Aug 04 09:22:01.147136 np0000032172 devstack@n-api-meta.service[76586]: DEBUG oslo_concurrency.lockutils [None req-81dee969-ef35-4442-b2f1-4deafa5b1a7a None None] Lock "9dad544a-81c7-4374-abc4-cce48983a8fb" acquired by "nova.context.set_target_cell.<locals>.get_or_set_cached_cell_and_set_connections" :: waited 0.006s {{(pid=76586) inner /opt/stack/data/venv/lib/python3.12/site-packages/oslo_concurrency/lockutils.py:410}}
Aug 04 09:22:01.147907 np0000032172 devstack@n-api-meta.service[76586]: DEBUG oslo_concurrency.lockutils [None req-81dee969-ef35-4442-b2f1-4deafa5b1a7a None None] Lock "9dad544a-81c7-4374-abc4-cce48983a8fb" "released" by "nova.context.set_target_cell.<locals>.get_or_set_cached_cell_and_set_connections" :: held 0.001s {{(pid=76586) inner /opt/stack/data/venv/lib/python3.12/site-packages/oslo_concurrency/lockutils.py:424}}
Aug 04 09:22:03.341370 np0000032172 devstack@n-api-meta.service[76586]: WARNING neutronclient.v2_0.client [None req-81dee969-ef35-4442-b2f1-4deafa5b1a7a None None] The python binding code in neutronclient is deprecated in favor of OpenstackSDK, please use that as this will be removed in a future release.
Aug 04 09:22:03.504678 np0000032172 devstack@n-api-meta.service[76586]: [pid: 76586|app: 0|req: 1/1] 10.241.128.138 () {40 vars in 683 bytes} [Mon Aug  4 09:22:00 2025] GET /2009-04-04/meta-data/instance-id => generated 10 bytes in 3159 msecs (HTTP/1.1 200) 3 headers in 99 bytes (1 switches on core 0)
Aug 04 09:22:03.861464 np0000032172 devstack@n-api-meta.service[76585]: DEBUG nova.api.metadata.handler [None req-7af971c5-465a-4041-a934-2f33bb2a5693 None None] Metadata request headers: {'Host': '10.241.128.138:8775', 'User-Agent': 'python-requests/2.32.4', 'Accept-Encoding': 'gzip, deflate', 'Accept': '*/*', 'Connection': 'keep-alive', 'X-Forwarded-For': '10.1.0.5', 'X-Instance-Id': '08df40a9-174f-4efa-912f-0bb83f2e3b26', 'X-Tenant-Id': '601ae1847f7741368247e8df685e8901', 'X-Instance-Id-Signature': 'b25b5d365b9d4eba0911023210239b0eb975fb1b24c134a77160559b5b9d495d'} {{(pid=76585) __call__ /opt/stack/nova/nova/api/metadata/handler.py:109}}
Aug 04 09:22:04.068310 np0000032172 devstack@n-api-meta.service[76585]: DEBUG nova.api.metadata.handler [None req-7af971c5-465a-4041-a934-2f33bb2a5693 None None] Using cached metadata for instance 08df40a9-174f-4efa-912f-0bb83f2e3b26 {{(pid=76585) get_metadata_by_instance_id /opt/stack/nova/nova/api/metadata/handler.py:84}}
Aug 04 09:22:04.087967 np0000032172 devstack@n-api-meta.service[76585]: [pid: 76585|app: 0|req: 1/2] 10.241.128.138 () {40 vars in 681 bytes} [Mon Aug  4 09:22:03 2025] GET /2009-04-04/meta-data/public-keys => generated 26 bytes in 429 msecs (HTTP/1.1 200) 3 headers in 99 bytes (1 switches on core 0)
Aug 04 09:22:04.185510 np0000032172 devstack@n-api-meta.service[76586]: DEBUG nova.api.metadata.handler [None req-81dee969-ef35-4442-b2f1-4deafa5b1a7a None None] Metadata request headers: {'Host': '10.241.128.138:8775', 'User-Agent': 'python-requests/2.32.4', 'Accept-Encoding': 'gzip, deflate', 'Accept': '*/*', 'Connection': 'keep-alive', 'X-Forwarded-For': '10.1.0.5', 'X-Instance-Id': '08df40a9-174f-4efa-912f-0bb83f2e3b26', 'X-Tenant-Id': '601ae1847f7741368247e8df685e8901', 'X-Instance-Id-Signature': 'b25b5d365b9d4eba0911023210239b0eb975fb1b24c134a77160559b5b9d495d'} {{(pid=76586) __call__ /opt/stack/nova/nova/api/metadata/handler.py:109}}
Aug 04 09:22:04.189566 np0000032172 devstack@n-api-meta.service[76586]: DEBUG nova.api.metadata.handler [None req-81dee969-ef35-4442-b2f1-4deafa5b1a7a None None] Using cached metadata for instance 08df40a9-174f-4efa-912f-0bb83f2e3b26 {{(pid=76586) get_metadata_by_instance_id /opt/stack/nova/nova/api/metadata/handler.py:84}}
Aug 04 09:22:04.189925 np0000032172 devstack@n-api-meta.service[76586]: [pid: 76586|app: 0|req: 2/3] 10.241.128.138 () {40 vars in 710 bytes} [Mon Aug  4 09:22:04 2025] GET /2009-04-04/meta-data/public-keys/0/openssh-key => generated 204 bytes in 5 msecs (HTTP/1.1 200) 3 headers in 100 bytes (1 switches on core 0)
Aug 04 09:22:04.309616 np0000032172 devstack@n-api-meta.service[76585]: DEBUG nova.api.metadata.handler [None req-7af971c5-465a-4041-a934-2f33bb2a5693 None None] Metadata request headers: {'Host': '10.241.128.138:8775', 'User-Agent': 'python-requests/2.32.4', 'Accept-Encoding': 'gzip, deflate', 'Accept': '*/*', 'Connection': 'keep-alive', 'X-Forwarded-For': '10.1.0.5', 'X-Instance-Id': '08df40a9-174f-4efa-912f-0bb83f2e3b26', 'X-Tenant-Id': '601ae1847f7741368247e8df685e8901', 'X-Instance-Id-Signature': 'b25b5d365b9d4eba0911023210239b0eb975fb1b24c134a77160559b5b9d495d'} {{(pid=76585) __call__ /opt/stack/nova/nova/api/metadata/handler.py:109}}
Aug 04 09:22:04.318870 np0000032172 devstack@n-api-meta.service[76585]: DEBUG dbcounter [-] [76585] Writing DB stats nova_api:SELECT=1 {{(pid=76585) stat_writer /opt/stack/data/venv/lib/python3.12/site-packages/dbcounter.py:115}}
Aug 04 09:22:04.402185 np0000032172 devstack@n-api-meta.service[76585]: DEBUG dbcounter [-] [76585] Writing DB stats nova_cell0:SELECT=1 {{(pid=76585) stat_writer /opt/stack/data/venv/lib/python3.12/site-packages/dbcounter.py:115}}
Aug 04 09:22:04.403493 np0000032172 devstack@n-api-meta.service[76585]: DEBUG dbcounter [-] [76585] Writing DB stats nova_cell1:SELECT=1 {{(pid=76585) stat_writer /opt/stack/data/venv/lib/python3.12/site-packages/dbcounter.py:115}}
Aug 04 09:22:04.403962 np0000032172 devstack@n-api-meta.service[76585]: DEBUG dbcounter [-] [76585] Writing DB stats nova_cell0:SELECT=1 {{(pid=76585) stat_writer /opt/stack/data/venv/lib/python3.12/site-packages/dbcounter.py:115}}
Aug 04 09:22:04.409212 np0000032172 devstack@n-api-meta.service[76585]: DEBUG nova.api.metadata.handler [None req-7af971c5-465a-4041-a934-2f33bb2a5693 None None] Using cached metadata for instance 08df40a9-174f-4efa-912f-0bb83f2e3b26 {{(pid=76585) get_metadata_by_instance_id /opt/stack/nova/nova/api/metadata/handler.py:84}}
Aug 04 09:22:04.409826 np0000032172 devstack@n-api-meta.service[76585]: [pid: 76585|app: 0|req: 2/4] 10.241.128.138 () {40 vars in 682 bytes} [Mon Aug  4 09:22:04 2025] GET /2009-04-04/meta-data/instance-id => generated 10 bytes in 101 msecs (HTTP/1.1 200) 3 headers in 99 bytes (1 switches on core 0)
Aug 04 09:22:04.529072 np0000032172 devstack@n-api-meta.service[76586]: DEBUG nova.api.metadata.handler [None req-81dee969-ef35-4442-b2f1-4deafa5b1a7a None None] Metadata request headers: {'Host': '10.241.128.138:8775', 'User-Agent': 'python-requests/2.32.4', 'Accept-Encoding': 'gzip, deflate', 'Accept': '*/*', 'Connection': 'keep-alive', 'X-Forwarded-For': '10.1.0.5', 'X-Instance-Id': '08df40a9-174f-4efa-912f-0bb83f2e3b26', 'X-Tenant-Id': '601ae1847f7741368247e8df685e8901', 'X-Instance-Id-Signature': 'b25b5d365b9d4eba0911023210239b0eb975fb1b24c134a77160559b5b9d495d'} {{(pid=76586) __call__ /opt/stack/nova/nova/api/metadata/handler.py:109}}
Aug 04 09:22:04.530139 np0000032172 devstack@n-api-meta.service[76586]: DEBUG nova.api.metadata.handler [None req-81dee969-ef35-4442-b2f1-4deafa5b1a7a None None] Using cached metadata for instance 08df40a9-174f-4efa-912f-0bb83f2e3b26 {{(pid=76586) get_metadata_by_instance_id /opt/stack/nova/nova/api/metadata/handler.py:84}}
Aug 04 09:22:04.530497 np0000032172 devstack@n-api-meta.service[76586]: [pid: 76586|app: 0|req: 3/5] 10.241.128.138 () {40 vars in 692 bytes} [Mon Aug  4 09:22:04 2025] GET /2009-04-04/meta-data/ami-launch-index => generated 1 bytes in 1 msecs (HTTP/1.1 200) 3 headers in 98 bytes (1 switches on core 0)
Aug 04 09:22:04.657074 np0000032172 devstack@n-api-meta.service[76585]: DEBUG nova.api.metadata.handler [None req-7af971c5-465a-4041-a934-2f33bb2a5693 None None] Metadata request headers: {'Host': '10.241.128.138:8775', 'User-Agent': 'python-requests/2.32.4', 'Accept-Encoding': 'gzip, deflate', 'Accept': '*/*', 'Connection': 'keep-alive', 'X-Forwarded-For': '10.1.0.5', 'X-Instance-Id': '08df40a9-174f-4efa-912f-0bb83f2e3b26', 'X-Tenant-Id': '601ae1847f7741368247e8df685e8901', 'X-Instance-Id-Signature': 'b25b5d365b9d4eba0911023210239b0eb975fb1b24c134a77160559b5b9d495d'} {{(pid=76585) __call__ /opt/stack/nova/nova/api/metadata/handler.py:109}}
Aug 04 09:22:04.660498 np0000032172 devstack@n-api-meta.service[76585]: DEBUG nova.api.metadata.handler [None req-7af971c5-465a-4041-a934-2f33bb2a5693 None None] Using cached metadata for instance 08df40a9-174f-4efa-912f-0bb83f2e3b26 {{(pid=76585) get_metadata_by_instance_id /opt/stack/nova/nova/api/metadata/handler.py:84}}
Aug 04 09:22:04.661110 np0000032172 devstack@n-api-meta.service[76585]: [pid: 76585|app: 0|req: 3/6] 10.241.128.138 () {40 vars in 686 bytes} [Mon Aug  4 09:22:04 2025] GET /2009-04-04/meta-data/instance-type => generated 7 bytes in 5 msecs (HTTP/1.1 200) 3 headers in 98 bytes (1 switches on core 0)
Aug 04 09:22:04.778093 np0000032172 devstack@n-api-meta.service[76586]: DEBUG nova.api.metadata.handler [None req-81dee969-ef35-4442-b2f1-4deafa5b1a7a None None] Metadata request headers: {'Host': '10.241.128.138:8775', 'User-Agent': 'python-requests/2.32.4', 'Accept-Encoding': 'gzip, deflate', 'Accept': '*/*', 'Connection': 'keep-alive', 'X-Forwarded-For': '10.1.0.5', 'X-Instance-Id': '08df40a9-174f-4efa-912f-0bb83f2e3b26', 'X-Tenant-Id': '601ae1847f7741368247e8df685e8901', 'X-Instance-Id-Signature': 'b25b5d365b9d4eba0911023210239b0eb975fb1b24c134a77160559b5b9d495d'} {{(pid=76586) __call__ /opt/stack/nova/nova/api/metadata/handler.py:109}}
Aug 04 09:22:04.779133 np0000032172 devstack@n-api-meta.service[76586]: DEBUG nova.api.metadata.handler [None req-81dee969-ef35-4442-b2f1-4deafa5b1a7a None None] Using cached metadata for instance 08df40a9-174f-4efa-912f-0bb83f2e3b26 {{(pid=76586) get_metadata_by_instance_id /opt/stack/nova/nova/api/metadata/handler.py:84}}
Aug 04 09:22:04.779481 np0000032172 devstack@n-api-meta.service[76586]: [pid: 76586|app: 0|req: 4/7] 10.241.128.138 () {40 vars in 680 bytes} [Mon Aug  4 09:22:04 2025] GET /2009-04-04/meta-data/local-ipv4 => generated 8 bytes in 1 msecs (HTTP/1.1 200) 3 headers in 98 bytes (1 switches on core 0)
Aug 04 09:22:04.895742 np0000032172 devstack@n-api-meta.service[76585]: DEBUG nova.api.metadata.handler [None req-7af971c5-465a-4041-a934-2f33bb2a5693 None None] Metadata request headers: {'Host': '10.241.128.138:8775', 'User-Agent': 'python-requests/2.32.4', 'Accept-Encoding': 'gzip, deflate', 'Accept': '*/*', 'Connection': 'keep-alive', 'X-Forwarded-For': '10.1.0.5', 'X-Instance-Id': '08df40a9-174f-4efa-912f-0bb83f2e3b26', 'X-Tenant-Id': '601ae1847f7741368247e8df685e8901', 'X-Instance-Id-Signature': 'b25b5d365b9d4eba0911023210239b0eb975fb1b24c134a77160559b5b9d495d'} {{(pid=76585) __call__ /opt/stack/nova/nova/api/metadata/handler.py:109}}
Aug 04 09:22:04.898964 np0000032172 devstack@n-api-meta.service[76585]: DEBUG nova.api.metadata.handler [None req-7af971c5-465a-4041-a934-2f33bb2a5693 None None] Using cached metadata for instance 08df40a9-174f-4efa-912f-0bb83f2e3b26 {{(pid=76585) get_metadata_by_instance_id /opt/stack/nova/nova/api/metadata/handler.py:84}}
Aug 04 09:22:04.899383 np0000032172 devstack@n-api-meta.service[76585]: [pid: 76585|app: 0|req: 4/8] 10.241.128.138 () {40 vars in 682 bytes} [Mon Aug  4 09:22:04 2025] GET /2009-04-04/meta-data/public-ipv4 => generated 11 bytes in 4 msecs (HTTP/1.1 200) 3 headers in 99 bytes (1 switches on core 0)
Aug 04 09:22:05.244209 np0000032172 devstack@n-api-meta.service[76586]: DEBUG nova.api.metadata.handler [None req-81dee969-ef35-4442-b2f1-4deafa5b1a7a None None] Metadata request headers: {'Host': '10.241.128.138:8775', 'User-Agent': 'python-requests/2.32.4', 'Accept-Encoding': 'gzip, deflate', 'Accept': '*/*', 'Connection': 'keep-alive', 'X-Forwarded-For': '10.1.0.5', 'X-Instance-Id': '08df40a9-174f-4efa-912f-0bb83f2e3b26', 'X-Tenant-Id': '601ae1847f7741368247e8df685e8901', 'X-Instance-Id-Signature': 'b25b5d365b9d4eba0911023210239b0eb975fb1b24c134a77160559b5b9d495d'} {{(pid=76586) __call__ /opt/stack/nova/nova/api/metadata/handler.py:109}}
Aug 04 09:22:05.245265 np0000032172 devstack@n-api-meta.service[76586]: DEBUG nova.api.metadata.handler [None req-81dee969-ef35-4442-b2f1-4deafa5b1a7a None None] Using cached metadata for instance 08df40a9-174f-4efa-912f-0bb83f2e3b26 {{(pid=76586) get_metadata_by_instance_id /opt/stack/nova/nova/api/metadata/handler.py:84}}
Aug 04 09:22:05.245571 np0000032172 devstack@n-api-meta.service[76586]: [pid: 76586|app: 0|req: 5/9] 10.241.128.138 () {40 vars in 676 bytes} [Mon Aug  4 09:22:05 2025] GET /2009-04-04/meta-data/hostname => generated 54 bytes in 1 msecs (HTTP/1.1 200) 3 headers in 99 bytes (1 switches on core 0)
Aug 04 09:22:05.374415 np0000032172 devstack@n-api-meta.service[76585]: DEBUG nova.api.metadata.handler [None req-7af971c5-465a-4041-a934-2f33bb2a5693 None None] Metadata request headers: {'Host': '10.241.128.138:8775', 'User-Agent': 'python-requests/2.32.4', 'Accept-Encoding': 'gzip, deflate', 'Accept': '*/*', 'Connection': 'keep-alive', 'X-Forwarded-For': '10.1.0.5', 'X-Instance-Id': '08df40a9-174f-4efa-912f-0bb83f2e3b26', 'X-Tenant-Id': '601ae1847f7741368247e8df685e8901', 'X-Instance-Id-Signature': 'b25b5d365b9d4eba0911023210239b0eb975fb1b24c134a77160559b5b9d495d'} {{(pid=76585) __call__ /opt/stack/nova/nova/api/metadata/handler.py:109}}
Aug 04 09:22:05.387180 np0000032172 devstack@n-api-meta.service[76585]: DEBUG nova.api.metadata.handler [None req-7af971c5-465a-4041-a934-2f33bb2a5693 None None] Using cached metadata for instance 08df40a9-174f-4efa-912f-0bb83f2e3b26 {{(pid=76585) get_metadata_by_instance_id /opt/stack/nova/nova/api/metadata/handler.py:84}}
Aug 04 09:22:05.388351 np0000032172 devstack@n-api-meta.service[76585]: [pid: 76585|app: 0|req: 5/10] 10.241.128.138 () {40 vars in 688 bytes} [Mon Aug  4 09:22:05 2025] GET /2009-04-04/meta-data/local-hostname => generated 54 bytes in 14 msecs (HTTP/1.1 200) 3 headers in 99 bytes (1 switches on core 0)
Aug 04 09:22:05.508038 np0000032172 devstack@n-api-meta.service[76586]: DEBUG nova.api.metadata.handler [None req-81dee969-ef35-4442-b2f1-4deafa5b1a7a None None] Metadata request headers: {'Host': '10.241.128.138:8775', 'User-Agent': 'python-requests/2.32.4', 'Accept-Encoding': 'gzip, deflate', 'Accept': '*/*', 'Connection': 'keep-alive', 'X-Forwarded-For': '10.1.0.5', 'X-Instance-Id': '08df40a9-174f-4efa-912f-0bb83f2e3b26', 'X-Tenant-Id': '601ae1847f7741368247e8df685e8901', 'X-Instance-Id-Signature': 'b25b5d365b9d4eba0911023210239b0eb975fb1b24c134a77160559b5b9d495d'} {{(pid=76586) __call__ /opt/stack/nova/nova/api/metadata/handler.py:109}}
Aug 04 09:22:05.509082 np0000032172 devstack@n-api-meta.service[76586]: DEBUG nova.api.metadata.handler [None req-81dee969-ef35-4442-b2f1-4deafa5b1a7a None None] Using cached metadata for instance 08df40a9-174f-4efa-912f-0bb83f2e3b26 {{(pid=76586) get_metadata_by_instance_id /opt/stack/nova/nova/api/metadata/handler.py:84}}
Aug 04 09:22:05.509428 np0000032172 devstack@n-api-meta.service[76586]: [pid: 76586|app: 0|req: 6/11] 10.241.128.138 () {40 vars in 659 bytes} [Mon Aug  4 09:22:05 2025] GET /2009-04-04/user-data => generated 95 bytes in 1 msecs (HTTP/1.1 200) 3 headers in 99 bytes (1 switches on core 0)
Aug 04 09:22:05.665563 np0000032172 devstack@n-api-meta.service[76585]: DEBUG nova.api.metadata.handler [None req-7af971c5-465a-4041-a934-2f33bb2a5693 None None] Metadata request headers: {'Host': '10.241.128.138:8775', 'User-Agent': 'python-requests/2.32.4', 'Accept-Encoding': 'gzip, deflate', 'Accept': '*/*', 'Connection': 'keep-alive', 'X-Forwarded-For': '10.1.0.5', 'X-Instance-Id': '08df40a9-174f-4efa-912f-0bb83f2e3b26', 'X-Tenant-Id': '601ae1847f7741368247e8df685e8901', 'X-Instance-Id-Signature': 'b25b5d365b9d4eba0911023210239b0eb975fb1b24c134a77160559b5b9d495d'} {{(pid=76585) __call__ /opt/stack/nova/nova/api/metadata/handler.py:109}}
Aug 04 09:22:05.676737 np0000032172 devstack@n-api-meta.service[76585]: DEBUG nova.api.metadata.handler [None req-7af971c5-465a-4041-a934-2f33bb2a5693 None None] Using cached metadata for instance 08df40a9-174f-4efa-912f-0bb83f2e3b26 {{(pid=76585) get_metadata_by_instance_id /opt/stack/nova/nova/api/metadata/handler.py:84}}
Aug 04 09:22:05.677130 np0000032172 devstack@n-api-meta.service[76585]: [pid: 76585|app: 0|req: 6/12] 10.241.128.138 () {40 vars in 701 bytes} [Mon Aug  4 09:22:05 2025] GET /2009-04-04/meta-data/block-device-mapping => generated 8 bytes in 12 msecs (HTTP/1.1 200) 3 headers in 98 bytes (1 switches on core 0)
Aug 04 09:22:05.687871 np0000032172 devstack@n-api-meta.service[76586]: DEBUG nova.api.metadata.handler [None req-81dee969-ef35-4442-b2f1-4deafa5b1a7a None None] Metadata request headers: {'Host': '10.241.128.138:8775', 'User-Agent': 'python-requests/2.32.4', 'Accept-Encoding': 'gzip, deflate', 'Accept': '*/*', 'Connection': 'keep-alive', 'X-Forwarded-For': '10.1.0.13', 'X-Instance-Id': '26b666e3-93c3-471f-aae1-4493471a6669', 'X-Tenant-Id': '0942965b6ca3446696099b29b1dc2ebc', 'X-Instance-Id-Signature': 'e9d821f3284064fb65aa4955966ef5c788403ce2404b24561fe3059a3f5ffa39'} {{(pid=76586) __call__ /opt/stack/nova/nova/api/metadata/handler.py:109}}
Aug 04 09:22:05.692590 np0000032172 devstack@n-api-meta.service[76586]: DEBUG oslo_concurrency.lockutils [None req-02505e2c-2f78-4000-a105-76f6320b14e3 None None] Acquiring lock "9dad544a-81c7-4374-abc4-cce48983a8fb" by "nova.context.set_target_cell.<locals>.get_or_set_cached_cell_and_set_connections" {{(pid=76586) inner /opt/stack/data/venv/lib/python3.12/site-packages/oslo_concurrency/lockutils.py:405}}
Aug 04 09:22:05.692754 np0000032172 devstack@n-api-meta.service[76586]: DEBUG oslo_concurrency.lockutils [None req-02505e2c-2f78-4000-a105-76f6320b14e3 None None] Lock "9dad544a-81c7-4374-abc4-cce48983a8fb" acquired by "nova.context.set_target_cell.<locals>.get_or_set_cached_cell_and_set_connections" :: waited 0.000s {{(pid=76586) inner /opt/stack/data/venv/lib/python3.12/site-packages/oslo_concurrency/lockutils.py:410}}
Aug 04 09:22:05.692874 np0000032172 devstack@n-api-meta.service[76586]: DEBUG oslo_concurrency.lockutils [None req-02505e2c-2f78-4000-a105-76f6320b14e3 None None] Lock "9dad544a-81c7-4374-abc4-cce48983a8fb" "released" by "nova.context.set_target_cell.<locals>.get_or_set_cached_cell_and_set_connections" :: held 0.000s {{(pid=76586) inner /opt/stack/data/venv/lib/python3.12/site-packages/oslo_concurrency/lockutils.py:424}}
Aug 04 09:22:05.707963 np0000032172 devstack@n-api-meta.service[76586]: WARNING neutronclient.v2_0.client [None req-02505e2c-2f78-4000-a105-76f6320b14e3 None None] The python binding code in neutronclient is deprecated in favor of OpenstackSDK, please use that as this will be removed in a future release.
Aug 04 09:22:05.761449 np0000032172 devstack@n-api-meta.service[76586]: [pid: 76586|app: 0|req: 7/13] 10.241.128.138 () {40 vars in 682 bytes} [Mon Aug  4 09:22:05 2025] GET /2009-04-04/meta-data/instance-id => generated 10 bytes in 74 msecs (HTTP/1.1 200) 3 headers in 99 bytes (1 switches on core 0)
Aug 04 09:22:05.795584 np0000032172 devstack@n-api-meta.service[76585]: DEBUG nova.api.metadata.handler [None req-7af971c5-465a-4041-a934-2f33bb2a5693 None None] Metadata request headers: {'Host': '10.241.128.138:8775', 'User-Agent': 'python-requests/2.32.4', 'Accept-Encoding': 'gzip, deflate', 'Accept': '*/*', 'Connection': 'keep-alive', 'X-Forwarded-For': '10.1.0.5', 'X-Instance-Id': '08df40a9-174f-4efa-912f-0bb83f2e3b26', 'X-Tenant-Id': '601ae1847f7741368247e8df685e8901', 'X-Instance-Id-Signature': 'b25b5d365b9d4eba0911023210239b0eb975fb1b24c134a77160559b5b9d495d'} {{(pid=76585) __call__ /opt/stack/nova/nova/api/metadata/handler.py:109}}
Aug 04 09:22:05.839505 np0000032172 devstack@n-api-meta.service[76585]: DEBUG nova.api.metadata.handler [None req-7af971c5-465a-4041-a934-2f33bb2a5693 None None] Using cached metadata for instance 08df40a9-174f-4efa-912f-0bb83f2e3b26 {{(pid=76585) get_metadata_by_instance_id /opt/stack/nova/nova/api/metadata/handler.py:84}}
Aug 04 09:22:05.839901 np0000032172 devstack@n-api-meta.service[76585]: [pid: 76585|app: 0|req: 7/14] 10.241.128.138 () {40 vars in 708 bytes} [Mon Aug  4 09:22:05 2025] GET /2009-04-04/meta-data/block-device-mapping/ami => generated 3 bytes in 44 msecs (HTTP/1.1 200) 3 headers in 98 bytes (1 switches on core 0)
Aug 04 09:22:05.908044 np0000032172 devstack@n-api-meta.service[76586]: DEBUG nova.api.metadata.handler [None req-02505e2c-2f78-4000-a105-76f6320b14e3 None None] Metadata request headers: {'Host': '10.241.128.138:8775', 'User-Agent': 'python-requests/2.32.4', 'Accept-Encoding': 'gzip, deflate', 'Accept': '*/*', 'Connection': 'keep-alive', 'X-Forwarded-For': '10.1.0.13', 'X-Instance-Id': '26b666e3-93c3-471f-aae1-4493471a6669', 'X-Tenant-Id': '0942965b6ca3446696099b29b1dc2ebc', 'X-Instance-Id-Signature': 'e9d821f3284064fb65aa4955966ef5c788403ce2404b24561fe3059a3f5ffa39'} {{(pid=76586) __call__ /opt/stack/nova/nova/api/metadata/handler.py:109}}
Aug 04 09:22:05.909113 np0000032172 devstack@n-api-meta.service[76586]: DEBUG nova.api.metadata.handler [None req-02505e2c-2f78-4000-a105-76f6320b14e3 None None] Using cached metadata for instance 26b666e3-93c3-471f-aae1-4493471a6669 {{(pid=76586) get_metadata_by_instance_id /opt/stack/nova/nova/api/metadata/handler.py:84}}
Aug 04 09:22:05.909586 np0000032172 devstack@n-api-meta.service[76586]: [pid: 76586|app: 0|req: 8/15] 10.241.128.138 () {40 vars in 683 bytes} [Mon Aug  4 09:22:05 2025] GET /2009-04-04/meta-data/public-keys => generated 27 bytes in 1 msecs (HTTP/1.1 200) 3 headers in 99 bytes (1 switches on core 0)
Aug 04 09:22:05.936765 np0000032172 devstack@n-api-meta.service[76585]: DEBUG nova.api.metadata.handler [None req-7af971c5-465a-4041-a934-2f33bb2a5693 None None] Metadata request headers: {'Host': '10.241.128.138:8775', 'User-Agent': 'python-requests/2.32.4', 'Accept-Encoding': 'gzip, deflate', 'Accept': '*/*', 'Connection': 'keep-alive', 'X-Forwarded-For': '10.1.0.5', 'X-Instance-Id': '08df40a9-174f-4efa-912f-0bb83f2e3b26', 'X-Tenant-Id': '601ae1847f7741368247e8df685e8901', 'X-Instance-Id-Signature': 'b25b5d365b9d4eba0911023210239b0eb975fb1b24c134a77160559b5b9d495d'} {{(pid=76585) __call__ /opt/stack/nova/nova/api/metadata/handler.py:109}}
Aug 04 09:22:05.942466 np0000032172 devstack@n-api-meta.service[76585]: DEBUG nova.api.metadata.handler [None req-7af971c5-465a-4041-a934-2f33bb2a5693 None None] Using cached metadata for instance 08df40a9-174f-4efa-912f-0bb83f2e3b26 {{(pid=76585) get_metadata_by_instance_id /opt/stack/nova/nova/api/metadata/handler.py:84}}
Aug 04 09:22:05.942820 np0000032172 devstack@n-api-meta.service[76585]: [pid: 76585|app: 0|req: 8/16] 10.241.128.138 () {40 vars in 710 bytes} [Mon Aug  4 09:22:05 2025] GET /2009-04-04/meta-data/block-device-mapping/root => generated 8 bytes in 6 msecs (HTTP/1.1 200) 3 headers in 98 bytes (1 switches on core 0)
Aug 04 09:22:06.004125 np0000032172 devstack@n-api-meta.service[76586]: DEBUG nova.api.metadata.handler [None req-02505e2c-2f78-4000-a105-76f6320b14e3 None None] Metadata request headers: {'Host': '10.241.128.138:8775', 'User-Agent': 'python-requests/2.32.4', 'Accept-Encoding': 'gzip, deflate', 'Accept': '*/*', 'Connection': 'keep-alive', 'X-Forwarded-For': '10.1.0.13', 'X-Instance-Id': '26b666e3-93c3-471f-aae1-4493471a6669', 'X-Tenant-Id': '0942965b6ca3446696099b29b1dc2ebc', 'X-Instance-Id-Signature': 'e9d821f3284064fb65aa4955966ef5c788403ce2404b24561fe3059a3f5ffa39'} {{(pid=76586) __call__ /opt/stack/nova/nova/api/metadata/handler.py:109}}
Aug 04 09:22:06.005175 np0000032172 devstack@n-api-meta.service[76586]: DEBUG nova.api.metadata.handler [None req-02505e2c-2f78-4000-a105-76f6320b14e3 None None] Using cached metadata for instance 26b666e3-93c3-471f-aae1-4493471a6669 {{(pid=76586) get_metadata_by_instance_id /opt/stack/nova/nova/api/metadata/handler.py:84}}
Aug 04 09:22:06.005518 np0000032172 devstack@n-api-meta.service[76586]: [pid: 76586|app: 0|req: 9/17] 10.241.128.138 () {40 vars in 712 bytes} [Mon Aug  4 09:22:06 2025] GET /2009-04-04/meta-data/public-keys/0/openssh-key => generated 204 bytes in 1 msecs (HTTP/1.1 200) 3 headers in 100 bytes (1 switches on core 0)
Aug 04 09:22:06.064827 np0000032172 devstack@n-api-meta.service[76585]: DEBUG nova.api.metadata.handler [None req-7af971c5-465a-4041-a934-2f33bb2a5693 None None] Metadata request headers: {'Host': '10.241.128.138:8775', 'User-Agent': 'python-requests/2.32.4', 'Accept-Encoding': 'gzip, deflate', 'Accept': '*/*', 'Connection': 'keep-alive', 'X-Forwarded-For': '10.1.0.5', 'X-Instance-Id': '08df40a9-174f-4efa-912f-0bb83f2e3b26', 'X-Tenant-Id': '601ae1847f7741368247e8df685e8901', 'X-Instance-Id-Signature': 'b25b5d365b9d4eba0911023210239b0eb975fb1b24c134a77160559b5b9d495d'} {{(pid=76585) __call__ /opt/stack/nova/nova/api/metadata/handler.py:109}}
Aug 04 09:22:06.068810 np0000032172 devstack@n-api-meta.service[76585]: DEBUG nova.api.metadata.handler [None req-7af971c5-465a-4041-a934-2f33bb2a5693 None None] Using cached metadata for instance 08df40a9-174f-4efa-912f-0bb83f2e3b26 {{(pid=76585) get_metadata_by_instance_id /opt/stack/nova/nova/api/metadata/handler.py:84}}
Aug 04 09:22:06.069355 np0000032172 devstack@n-api-meta.service[76585]: [pid: 76585|app: 0|req: 9/18] 10.241.128.138 () {40 vars in 691 bytes} [Mon Aug  4 09:22:06 2025] GET /2009-04-04/meta-data/public-hostname => generated 54 bytes in 5 msecs (HTTP/1.1 200) 3 headers in 99 bytes (1 switches on core 0)
Aug 04 09:22:06.123965 np0000032172 devstack@n-api-meta.service[76586]: DEBUG nova.api.metadata.handler [None req-02505e2c-2f78-4000-a105-76f6320b14e3 None None] Metadata request headers: {'Host': '10.241.128.138:8775', 'User-Agent': 'python-requests/2.32.4', 'Accept-Encoding': 'gzip, deflate', 'Accept': '*/*', 'Connection': 'keep-alive', 'X-Forwarded-For': '10.1.0.13', 'X-Instance-Id': '26b666e3-93c3-471f-aae1-4493471a6669', 'X-Tenant-Id': '0942965b6ca3446696099b29b1dc2ebc', 'X-Instance-Id-Signature': 'e9d821f3284064fb65aa4955966ef5c788403ce2404b24561fe3059a3f5ffa39'} {{(pid=76586) __call__ /opt/stack/nova/nova/api/metadata/handler.py:109}}
Aug 04 09:22:06.125017 np0000032172 devstack@n-api-meta.service[76586]: DEBUG nova.api.metadata.handler [None req-02505e2c-2f78-4000-a105-76f6320b14e3 None None] Using cached metadata for instance 26b666e3-93c3-471f-aae1-4493471a6669 {{(pid=76586) get_metadata_by_instance_id /opt/stack/nova/nova/api/metadata/handler.py:84}}
Aug 04 09:22:06.125360 np0000032172 devstack@n-api-meta.service[76586]: [pid: 76586|app: 0|req: 10/19] 10.241.128.138 () {40 vars in 684 bytes} [Mon Aug  4 09:22:06 2025] GET /2009-04-04/meta-data/instance-id => generated 10 bytes in 1 msecs (HTTP/1.1 200) 3 headers in 99 bytes (1 switches on core 0)
Aug 04 09:22:06.202263 np0000032172 devstack@n-api-meta.service[76585]: DEBUG nova.api.metadata.handler [None req-7af971c5-465a-4041-a934-2f33bb2a5693 None None] Metadata request headers: {'Host': '10.241.128.138:8775', 'User-Agent': 'python-requests/2.32.4', 'Accept-Encoding': 'gzip, deflate', 'Accept': '*/*', 'Connection': 'keep-alive', 'X-Forwarded-For': '10.1.0.5', 'X-Instance-Id': '08df40a9-174f-4efa-912f-0bb83f2e3b26', 'X-Tenant-Id': '601ae1847f7741368247e8df685e8901', 'X-Instance-Id-Signature': 'b25b5d365b9d4eba0911023210239b0eb975fb1b24c134a77160559b5b9d495d'} {{(pid=76585) __call__ /opt/stack/nova/nova/api/metadata/handler.py:109}}
